Archive member included to satisfy reference by file (symbol)

/usr/lib/gcc/arm-none-eabi/13.2.1/../../../arm-none-eabi/lib/thumb/v7-m/nofp/libg_nano.a(libc_a-impure.o)
                              ./output/startup_gcc.o (_impure_ptr)
/usr/lib/gcc/arm-none-eabi/13.2.1/../../../arm-none-eabi/lib/thumb/v7-m/nofp/libg_nano.a(libc_a-memset.o)
                              ./output/tasks.o (memset)
/usr/lib/gcc/arm-none-eabi/13.2.1/../../../arm-none-eabi/lib/thumb/v7-m/nofp/libg_nano.a(libc_a-fflush.o)
                              ./output/startup_gcc.o (fflush)
/usr/lib/gcc/arm-none-eabi/13.2.1/../../../arm-none-eabi/lib/thumb/v7-m/nofp/libg_nano.a(libc_a-freer.o)
                              /usr/lib/gcc/arm-none-eabi/13.2.1/../../../arm-none-eabi/lib/thumb/v7-m/nofp/libg_nano.a(libc_a-fflush.o) (_free_r)
/usr/lib/gcc/arm-none-eabi/13.2.1/../../../arm-none-eabi/lib/thumb/v7-m/nofp/libg_nano.a(libc_a-fwalk.o)
                              /usr/lib/gcc/arm-none-eabi/13.2.1/../../../arm-none-eabi/lib/thumb/v7-m/nofp/libg_nano.a(libc_a-fflush.o) (_fwalk_sglue)
/usr/lib/gcc/arm-none-eabi/13.2.1/../../../arm-none-eabi/lib/thumb/v7-m/nofp/libg_nano.a(libc_a-memcpy.o)
                              ./output/queue.o (memcpy)
/usr/lib/gcc/arm-none-eabi/13.2.1/../../../arm-none-eabi/lib/thumb/v7-m/nofp/libg_nano.a(libc_a-mlock.o)
                              /usr/lib/gcc/arm-none-eabi/13.2.1/../../../arm-none-eabi/lib/thumb/v7-m/nofp/libg_nano.a(libc_a-freer.o) (__malloc_lock)
/usr/lib/gcc/arm-none-eabi/13.2.1/../../../arm-none-eabi/lib/thumb/v7-m/nofp/libg_nano.a(libc_a-findfp.o)
                              /usr/lib/gcc/arm-none-eabi/13.2.1/../../../arm-none-eabi/lib/thumb/v7-m/nofp/libg_nano.a(libc_a-fflush.o) (__sinit)
/usr/lib/gcc/arm-none-eabi/13.2.1/../../../arm-none-eabi/lib/thumb/v7-m/nofp/libg_nano.a(libc_a-mallocr.o)
                              /usr/lib/gcc/arm-none-eabi/13.2.1/../../../arm-none-eabi/lib/thumb/v7-m/nofp/libg_nano.a(libc_a-findfp.o) (_malloc_r)
/usr/lib/gcc/arm-none-eabi/13.2.1/../../../arm-none-eabi/lib/thumb/v7-m/nofp/libg_nano.a(libc_a-sbrkr.o)
                              /usr/lib/gcc/arm-none-eabi/13.2.1/../../../arm-none-eabi/lib/thumb/v7-m/nofp/libg_nano.a(libc_a-mallocr.o) (_sbrk_r)
/usr/lib/gcc/arm-none-eabi/13.2.1/../../../arm-none-eabi/lib/thumb/v7-m/nofp/libg_nano.a(libc_a-stdio.o)
                              /usr/lib/gcc/arm-none-eabi/13.2.1/../../../arm-none-eabi/lib/thumb/v7-m/nofp/libg_nano.a(libc_a-findfp.o) (__sread)
/usr/lib/gcc/arm-none-eabi/13.2.1/../../../arm-none-eabi/lib/thumb/v7-m/nofp/libg_nano.a(libc_a-closer.o)
                              /usr/lib/gcc/arm-none-eabi/13.2.1/../../../arm-none-eabi/lib/thumb/v7-m/nofp/libg_nano.a(libc_a-stdio.o) (_close_r)
/usr/lib/gcc/arm-none-eabi/13.2.1/../../../arm-none-eabi/lib/thumb/v7-m/nofp/libg_nano.a(libc_a-readr.o)
                              /usr/lib/gcc/arm-none-eabi/13.2.1/../../../arm-none-eabi/lib/thumb/v7-m/nofp/libg_nano.a(libc_a-stdio.o) (_read_r)
/usr/lib/gcc/arm-none-eabi/13.2.1/../../../arm-none-eabi/lib/thumb/v7-m/nofp/libg_nano.a(libc_a-reent.o)
                              /usr/lib/gcc/arm-none-eabi/13.2.1/../../../arm-none-eabi/lib/thumb/v7-m/nofp/libg_nano.a(libc_a-sbrkr.o) (errno)
/usr/lib/gcc/arm-none-eabi/13.2.1/../../../arm-none-eabi/lib/thumb/v7-m/nofp/libg_nano.a(libc_a-lseekr.o)
                              /usr/lib/gcc/arm-none-eabi/13.2.1/../../../arm-none-eabi/lib/thumb/v7-m/nofp/libg_nano.a(libc_a-stdio.o) (_lseek_r)
/usr/lib/gcc/arm-none-eabi/13.2.1/../../../arm-none-eabi/lib/thumb/v7-m/nofp/libg_nano.a(libc_a-writer.o)
                              /usr/lib/gcc/arm-none-eabi/13.2.1/../../../arm-none-eabi/lib/thumb/v7-m/nofp/libg_nano.a(libc_a-stdio.o) (_write_r)
/usr/lib/gcc/arm-none-eabi/13.2.1/../../../arm-none-eabi/lib/thumb/v7-m/nofp/libnosys.a(close.o)
                              /usr/lib/gcc/arm-none-eabi/13.2.1/../../../arm-none-eabi/lib/thumb/v7-m/nofp/libg_nano.a(libc_a-closer.o) (_close)
/usr/lib/gcc/arm-none-eabi/13.2.1/../../../arm-none-eabi/lib/thumb/v7-m/nofp/libnosys.a(lseek.o)
                              /usr/lib/gcc/arm-none-eabi/13.2.1/../../../arm-none-eabi/lib/thumb/v7-m/nofp/libg_nano.a(libc_a-lseekr.o) (_lseek)
/usr/lib/gcc/arm-none-eabi/13.2.1/../../../arm-none-eabi/lib/thumb/v7-m/nofp/libnosys.a(read.o)
                              /usr/lib/gcc/arm-none-eabi/13.2.1/../../../arm-none-eabi/lib/thumb/v7-m/nofp/libg_nano.a(libc_a-readr.o) (_read)
/usr/lib/gcc/arm-none-eabi/13.2.1/../../../arm-none-eabi/lib/thumb/v7-m/nofp/libnosys.a(sbrk.o)
                              /usr/lib/gcc/arm-none-eabi/13.2.1/../../../arm-none-eabi/lib/thumb/v7-m/nofp/libg_nano.a(libc_a-sbrkr.o) (_sbrk)
/usr/lib/gcc/arm-none-eabi/13.2.1/../../../arm-none-eabi/lib/thumb/v7-m/nofp/libnosys.a(write.o)
                              /usr/lib/gcc/arm-none-eabi/13.2.1/../../../arm-none-eabi/lib/thumb/v7-m/nofp/libg_nano.a(libc_a-writer.o) (_write)

Discarded input sections

[...]
Memory Configuration

Name             Origin             Length             Attributes
FLASH            0x00000000         0x00400000         xr
RAM              0x20000000         0x00400000         rw
*default*        0x00000000         0xffffffff

Linker script and memory map

LOAD ./output/tasks.o
LOAD ./output/list.o
LOAD ./output/queue.o
LOAD ./output/event_groups.o
LOAD ./output/stream_buffer.o
LOAD ./output/heap_4.o
LOAD ./output/port.o
LOAD ./output/main.o
LOAD ./output/startup_gcc.o
LOAD ./output/IntTimer.o
LOAD ./output/printf-stdarg.o
START GROUP
LOAD /usr/lib/gcc/arm-none-eabi/13.2.1/thumb/v7-m/nofp/libgcc.a
LOAD /usr/lib/gcc/arm-none-eabi/13.2.1/../../../arm-none-eabi/lib/thumb/v7-m/nofp/libg_nano.a
LOAD /usr/lib/gcc/arm-none-eabi/13.2.1/../../../arm-none-eabi/lib/thumb/v7-m/nofp/libc_nano.a
END GROUP
START GROUP
LOAD /usr/lib/gcc/arm-none-eabi/13.2.1/thumb/v7-m/nofp/libgcc.a
LOAD /usr/lib/gcc/arm-none-eabi/13.2.1/../../../arm-none-eabi/lib/thumb/v7-m/nofp/libc_nano.a
LOAD /usr/lib/gcc/arm-none-eabi/13.2.1/../../../arm-none-eabi/lib/thumb/v7-m/nofp/libnosys.a
END GROUP
START GROUP
LOAD /usr/lib/gcc/arm-none-eabi/13.2.1/thumb/v7-m/nofp/libgcc.a
LOAD /usr/lib/gcc/arm-none-eabi/13.2.1/../../../arm-none-eabi/lib/thumb/v7-m/nofp/libc_nano.a
LOAD /usr/lib/gcc/arm-none-eabi/13.2.1/../../../arm-none-eabi/lib/thumb/v7-m/nofp/libnosys.a
END GROUP
                0x00000008                        _Min_Heap_Size = 0x8
                0x00000400                        _Min_Stack_Size = 0x400
                0x20400000                        _estack = (ORIGIN (RAM) + LENGTH (RAM))

.isr_vector     0x00000000       0x78
                0x00000000                        __vector_table = .
 *(.isr_vector)
 .isr_vector    0x00000000       0x78 ./output/startup_gcc.o
                0x00000000                isr_vector
                0x00000078                        . = ALIGN (0x4)

.text           0x00000078      0x9f8
 *(.text)
 .text          0x00000078       0xa0 /usr/lib/gcc/arm-none-eabi/13.2.1/../../../arm-none-eabi/lib/thumb/v7-m/nofp/libg_nano.a(libc_a-memset.o)
                0x00000078                memset
 .text          0x00000118      0x198 /usr/lib/gcc/arm-none-eabi/13.2.1/../../../arm-none-eabi/lib/thumb/v7-m/nofp/libg_nano.a(libc_a-fflush.o)
                0x00000118                __sflush_r
                0x0000022c                _fflush_r
                0x00000264                fflush
 .text          0x000002b0       0xbc /usr/lib/gcc/arm-none-eabi/13.2.1/../../../arm-none-eabi/lib/thumb/v7-m/nofp/libg_nano.a(libc_a-freer.o)
                0x000002b0                _free_r
 .text          0x0000036c       0x44 /usr/lib/gcc/arm-none-eabi/13.2.1/../../../arm-none-eabi/lib/thumb/v7-m/nofp/libg_nano.a(libc_a-fwalk.o)
                0x0000036c                _fwalk_sglue
 .text          0x000003b0       0xec /usr/lib/gcc/arm-none-eabi/13.2.1/../../../arm-none-eabi/lib/thumb/v7-m/nofp/libg_nano.a(libc_a-memcpy.o)
                0x000003b0                memcpy
 .text          0x0000049c        0x8 /usr/lib/gcc/arm-none-eabi/13.2.1/../../../arm-none-eabi/lib/thumb/v7-m/nofp/libg_nano.a(libc_a-mlock.o)
                0x0000049c                __malloc_lock
                0x000004a0                __malloc_unlock
 .text          0x000004a4      0x224 /usr/lib/gcc/arm-none-eabi/13.2.1/../../../arm-none-eabi/lib/thumb/v7-m/nofp/libg_nano.a(libc_a-findfp.o)
                0x000005d4                __sfp
                0x00000678                __sinit
                0x00000698                __sfp_lock_acquire
                0x0000069c                __sfp_lock_release
                0x000006a0                __fp_lock_all
                0x000006b4                __fp_unlock_all
 .text          0x000006c8      0x14c /usr/lib/gcc/arm-none-eabi/13.2.1/../../../arm-none-eabi/lib/thumb/v7-m/nofp/libg_nano.a(libc_a-mallocr.o)
                0x00000714                _malloc_r
 .text          0x00000814       0x24 /usr/lib/gcc/arm-none-eabi/13.2.1/../../../arm-none-eabi/lib/thumb/v7-m/nofp/libg_nano.a(libc_a-sbrkr.o)
                0x00000814                _sbrk_r
 .text          0x00000838       0x94 /usr/lib/gcc/arm-none-eabi/13.2.1/../../../arm-none-eabi/lib/thumb/v7-m/nofp/libg_nano.a(libc_a-stdio.o)
                0x00000838                __sread
                0x0000085c                __seofread
                0x00000860                __swrite
                0x000008a0                __sseek
                0x000008c4                __sclose
 .text          0x000008cc       0x24 /usr/lib/gcc/arm-none-eabi/13.2.1/../../../arm-none-eabi/lib/thumb/v7-m/nofp/libg_nano.a(libc_a-closer.o)
                0x000008cc                _close_r
 .text          0x000008f0       0x2c /usr/lib/gcc/arm-none-eabi/13.2.1/../../../arm-none-eabi/lib/thumb/v7-m/nofp/libg_nano.a(libc_a-readr.o)
                0x000008f0                _read_r
 .text          0x0000091c       0x2c /usr/lib/gcc/arm-none-eabi/13.2.1/../../../arm-none-eabi/lib/thumb/v7-m/nofp/libg_nano.a(libc_a-lseekr.o)
                0x0000091c                _lseek_r
 .text          0x00000948       0x2c /usr/lib/gcc/arm-none-eabi/13.2.1/../../../arm-none-eabi/lib/thumb/v7-m/nofp/libg_nano.a(libc_a-writer.o)
                0x00000948                _write_r
 .text          0x00000974       0x10 /usr/lib/gcc/arm-none-eabi/13.2.1/../../../arm-none-eabi/lib/thumb/v7-m/nofp/libnosys.a(close.o)
                0x00000974                _close
 .text          0x00000984       0x10 /usr/lib/gcc/arm-none-eabi/13.2.1/../../../arm-none-eabi/lib/thumb/v7-m/nofp/libnosys.a(lseek.o)
                0x00000984                _lseek
 .text          0x00000994       0x10 /usr/lib/gcc/arm-none-eabi/13.2.1/../../../arm-none-eabi/lib/thumb/v7-m/nofp/libnosys.a(read.o)
                0x00000994                _read
 .text          0x000009a4       0x1c /usr/lib/gcc/arm-none-eabi/13.2.1/../../../arm-none-eabi/lib/thumb/v7-m/nofp/libnosys.a(sbrk.o)
                0x000009a4                _sbrk
 .text          0x000009c0       0x10 /usr/lib/gcc/arm-none-eabi/13.2.1/../../../arm-none-eabi/lib/thumb/v7-m/nofp/libnosys.a(write.o)
                0x000009c0                _write
 *(.rodata*)
 .rodata.vTaskStartScheduler.str1.1
                0x000009d0       0x9b ./output/tasks.o
                                  0x5 (size before relaxing)
 *fill*         0x00000a6b        0x1 
 .rodata.uxTopUsedPriority
                0x00000a6c        0x4 ./output/tasks.o
 .rodata.TaskB.str1.1
                0x00000a70       0x11 ./output/main.o
 .rodata.TaskA.str1.1
                0x00000a70       0x1f ./output/main.o
 .rodata.main.str1.1
                0x00000a70       0x29 ./output/main.o
 .rodata.prvGetRegistersFromStack.str1.1
                0x00000a70       0x36 ./output/startup_gcc.o
 .rodata.tiny_print.str1.1
                0x00000a70        0x7 ./output/printf-stdarg.o
 *(.constdata*)
                0x00000a70                        _etext = .
                0x00000a70                        _sidata = .

.glue_7         0x00000a70        0x0
 .glue_7        0x00000a70        0x0 linker stubs

.glue_7t        0x00000a70        0x0
 .glue_7t       0x00000a70        0x0 linker stubs

.vfp11_veneer   0x00000a70        0x0
 .vfp11_veneer  0x00000a70        0x0 linker stubs

.v4_bx          0x00000a70        0x0
 .v4_bx         0x00000a70        0x0 linker stubs

.text.prvAddCurrentTaskToDelayedList
                0x00000a70       0xb4
 .text.prvAddCurrentTaskToDelayedList
                0x00000a70       0xb4 ./output/tasks.o

.text.prvResetNextTaskUnblockTime
                0x00000b24       0x24
 .text.prvResetNextTaskUnblockTime
                0x00000b24       0x24 ./output/tasks.o

.text.prvCheckTasksWaitingTermination
                0x00000b48       0x48
 .text.prvCheckTasksWaitingTermination
                0x00000b48       0x48 ./output/tasks.o

.text.prvIdleTask
                0x00000b90        0x8
 .text.prvIdleTask
                0x00000b90        0x8 ./output/tasks.o

.text.xTaskCreate
                0x00000b98      0x1c0
 .text.xTaskCreate
                0x00000b98      0x1c0 ./output/tasks.o
                0x00000b98                xTaskCreate

.text.vTaskStartScheduler
                0x00000d58       0x74
 .text.vTaskStartScheduler
                0x00000d58       0x74 ./output/tasks.o
                0x00000d58                vTaskStartScheduler

.text.vTaskSuspendAll
                0x00000dcc       0x10
 .text.vTaskSuspendAll
                0x00000dcc       0x10 ./output/tasks.o
                0x00000dcc                vTaskSuspendAll

.text.uxTaskGetNumberOfTasks
                0x00000ddc        0xc
 .text.uxTaskGetNumberOfTasks
                0x00000ddc        0xc ./output/tasks.o
                0x00000ddc                uxTaskGetNumberOfTasks

.text.xTaskIncrementTick
                0x00000de8      0x178
 .text.xTaskIncrementTick
                0x00000de8      0x178 ./output/tasks.o
                0x00000de8                xTaskIncrementTick

.text.xTaskResumeAll
                0x00000f60      0x14c
 .text.xTaskResumeAll
                0x00000f60      0x14c ./output/tasks.o
                0x00000f60                xTaskResumeAll

.text.vTaskDelay
                0x000010ac       0x2e
 .text.vTaskDelay
                0x000010ac       0x2e ./output/tasks.o
                0x000010ac                vTaskDelay

.text.vTaskSwitchContext
                0x000010dc       0x64
 .text.vTaskSwitchContext
                0x000010dc       0x64 ./output/tasks.o
                0x000010dc                vTaskSwitchContext

.text.vTaskPlaceOnEventList
                0x00001140       0x20
 .text.vTaskPlaceOnEventList
                0x00001140       0x20 ./output/tasks.o
                0x00001140                vTaskPlaceOnEventList

.text.xTaskRemoveFromEventList
                0x00001160       0xb8
 .text.xTaskRemoveFromEventList
                0x00001160       0xb8 ./output/tasks.o
                0x00001160                xTaskRemoveFromEventList

.text.vTaskInternalSetTimeOutState
                0x00001218       0x18
 .text.vTaskInternalSetTimeOutState
                0x00001218       0x18 ./output/tasks.o
                0x00001218                vTaskInternalSetTimeOutState

.text.xTaskCheckForTimeOut
                0x00001230       0x68
 .text.xTaskCheckForTimeOut
                0x00001230       0x68 ./output/tasks.o
                0x00001230                xTaskCheckForTimeOut

.text.vTaskMissedYield
                0x00001298        0xc
 .text.vTaskMissedYield
                0x00001298        0xc ./output/tasks.o
                0x00001298                vTaskMissedYield

.text.xTaskPriorityInherit
                0x000012a4       0xa0
 .text.xTaskPriorityInherit
                0x000012a4       0xa0 ./output/tasks.o
                0x000012a4                xTaskPriorityInherit

.text.xTaskPriorityDisinherit
                0x00001344       0x74
 .text.xTaskPriorityDisinherit
                0x00001344       0x74 ./output/tasks.o
                0x00001344                xTaskPriorityDisinherit

.text.vTaskPriorityDisinheritAfterTimeout
                0x000013b8       0x84
 .text.vTaskPriorityDisinheritAfterTimeout
                0x000013b8       0x84 ./output/tasks.o
                0x000013b8                vTaskPriorityDisinheritAfterTimeout

.text.pvTaskIncrementMutexHeldCount
                0x0000143c       0x14
 .text.pvTaskIncrementMutexHeldCount
                0x0000143c       0x14 ./output/tasks.o
                0x0000143c                pvTaskIncrementMutexHeldCount

.iplt           0x00001450        0x0
 .iplt          0x00001450        0x0 ./output/tasks.o

.text.vListInitialise
                0x00001450       0x16
 .text.vListInitialise
                0x00001450       0x16 ./output/list.o
                0x00001450                vListInitialise

.text.vListInitialiseItem
                0x00001466        0x6
 .text.vListInitialiseItem
                0x00001466        0x6 ./output/list.o
                0x00001466                vListInitialiseItem

.text.vListInsert
                0x0000146c       0x2e
 .text.vListInsert
                0x0000146c       0x2e ./output/list.o
                0x0000146c                vListInsert

.text.uxListRemove
                0x0000149a       0x1e
 .text.uxListRemove
                0x0000149a       0x1e ./output/list.o
                0x0000149a                uxListRemove

.text.prvIsQueueEmpty
                0x000014b8       0x16
 .text.prvIsQueueEmpty
                0x000014b8       0x16 ./output/queue.o

.text.prvCopyDataToQueue
                0x000014ce       0x66
 .text.prvCopyDataToQueue
                0x000014ce       0x66 ./output/queue.o

.text.prvNotifyQueueSetContainer
                0x00001534       0x52
 .text.prvNotifyQueueSetContainer
                0x00001534       0x52 ./output/queue.o

.text.prvUnlockQueue
                0x00001586       0x78
 .text.prvUnlockQueue
                0x00001586       0x78 ./output/queue.o

.text.xQueueGenericReset
                0x000015fe       0x7a
 .text.xQueueGenericReset
                0x000015fe       0x7a ./output/queue.o
                0x000015fe                xQueueGenericReset

.text.xQueueGenericCreate
                0x00001678       0x48
 .text.xQueueGenericCreate
                0x00001678       0x48 ./output/queue.o
                0x00001678                xQueueGenericCreate

.text.xQueueGiveFromISR
                0x000016c0       0x70
 .text.xQueueGiveFromISR
                0x000016c0       0x70 ./output/queue.o
                0x000016c0                xQueueGiveFromISR

.text.xQueueSemaphoreTake
                0x00001730      0x11c
 .text.xQueueSemaphoreTake
                0x00001730      0x11c ./output/queue.o
                0x00001730                xQueueSemaphoreTake

.text.pvPortMalloc
                0x0000184c       0xf8
 .text.pvPortMalloc
                0x0000184c       0xf8 ./output/heap_4.o
                0x0000184c                pvPortMalloc

.text.vPortFree
                0x00001944       0x94
 .text.vPortFree
                0x00001944       0x94 ./output/heap_4.o
                0x00001944                vPortFree

.text.prvTaskExitError
                0x000019d8       0x20
 .text.prvTaskExitError
                0x000019d8       0x20 ./output/port.o

.text.prvPortStartFirstTask
                0x000019f8       0x20
 .text.prvPortStartFirstTask
                0x000019f8       0x20 ./output/port.o

.text.pxPortInitialiseStack
                0x00001a18       0x24
 .text.pxPortInitialiseStack
                0x00001a18       0x24 ./output/port.o
                0x00001a18                pxPortInitialiseStack

.text.vPortSVCHandler
                0x00001a40       0x24
 .text.vPortSVCHandler
                0x00001a40       0x24 ./output/port.o
                0x00001a40                vPortSVCHandler

.text.vPortEnterCritical
                0x00001a64       0x20
 .text.vPortEnterCritical
                0x00001a64       0x20 ./output/port.o
                0x00001a64                vPortEnterCritical

.text.vPortExitCritical
                0x00001a84       0x14
 .text.vPortExitCritical
                0x00001a84       0x14 ./output/port.o
                0x00001a84                vPortExitCritical

.text.xPortPendSVHandler
                0x00001aa0       0x44
 .text.xPortPendSVHandler
                0x00001aa0       0x44 ./output/port.o
                0x00001aa0                xPortPendSVHandler

.text.xPortSysTickHandler
                0x00001ae4       0x2c
 .text.xPortSysTickHandler
                0x00001ae4       0x2c ./output/port.o
                0x00001ae4                xPortSysTickHandler

.text.vPortSetupTimerInterrupt
                0x00001b10       0x16
 .text.vPortSetupTimerInterrupt
                0x00001b10       0x16 ./output/port.o
                0x00001b10                vPortSetupTimerInterrupt

.text.xPortStartScheduler
                0x00001b28       0x40
 .text.xPortStartScheduler
                0x00001b28       0x40 ./output/port.o
                0x00001b28                xPortStartScheduler

.text.TaskB     0x00001b68       0x28
 .text.TaskB    0x00001b68       0x28 ./output/main.o
                0x00001b68                TaskB

.text.TaskA     0x00001b90      0x130
 .text.TaskA    0x00001b90      0x130 ./output/main.o
                0x00001b90                TaskA

.text.startup.main
                0x00001cc0       0x70
 .text.startup.main
                0x00001cc0       0x70 ./output/main.o
                0x00001cc0                main

.text.Default_Handler
                0x00001e00        0xc
 .text.Default_Handler
                0x00001e00        0xc ./output/startup_gcc.o

.text.HardFault_Handler
                0x00001f00       0x18
 .text.HardFault_Handler
                0x00001f00       0x18 ./output/startup_gcc.o

.text.Reset_Handler
                0x00001f18        0x4
 .text.Reset_Handler
                0x00001f18        0x4 ./output/startup_gcc.o
                0x00001f18                Reset_Handler

.text.prvGetRegistersFromStack
                0x00001f1c       0x6c
 .text.prvGetRegistersFromStack
                0x00001f1c       0x6c ./output/startup_gcc.o
                0x00001f1c                prvGetRegistersFromStack

.text.vInitialiseTimers
                0x00001f88       0x24
 .text.vInitialiseTimers
                0x00001f88       0x24 ./output/IntTimer.o
                0x00001f88                vInitialiseTimers

.text.TIMER0_Handler
                0x00001fac       0x48
 .text.TIMER0_Handler
                0x00001fac       0x48 ./output/IntTimer.o
                0x00001fac                TIMER0_Handler

.text.printchar
                0x00001ff4       0x1e
 .text.printchar
                0x00001ff4       0x1e ./output/printf-stdarg.o

.text.prints    0x00002012       0x8a
 .text.prints   0x00002012       0x8a ./output/printf-stdarg.o

.text.printi    0x0000209c       0xa0
 .text.printi   0x0000209c       0xa0 ./output/printf-stdarg.o

.text.tiny_print
                0x0000213c      0x124
 .text.tiny_print
                0x0000213c      0x124 ./output/printf-stdarg.o

.text.printf    0x00002260       0x1e
 .text.printf   0x00002260       0x1e ./output/printf-stdarg.o
                0x00002260                printf

.text.sprintf   0x0000227e       0x20
 .text.sprintf  0x0000227e       0x20 ./output/printf-stdarg.o
                0x0000227e                sprintf

.rel.dyn        0x000022a0        0x0
 .rel.iplt      0x000022a0        0x0 ./output/tasks.o

.ARM.exidx      0x000022a0        0x8
 .ARM.exidx     0x000022a0        0x8 /usr/lib/gcc/arm-none-eabi/13.2.1/../../../arm-none-eabi/lib/thumb/v7-m/nofp/libg_nano.a(libc_a-memcpy.o)

.data           0x20000000       0x5c
                0x20000000                        . = ALIGN (0x8)
                0x20000000                        _data = .
                0x20000000                        _sdata = .
 *(vtable)
 *(.data)
 .data          0x20000000       0x50 /usr/lib/gcc/arm-none-eabi/13.2.1/../../../arm-none-eabi/lib/thumb/v7-m/nofp/libg_nano.a(libc_a-impure.o)
                0x20000000                _impure_ptr
                0x20000004                _impure_data
 .data          0x20000050        0xc /usr/lib/gcc/arm-none-eabi/13.2.1/../../../arm-none-eabi/lib/thumb/v7-m/nofp/libg_nano.a(libc_a-findfp.o)
                0x20000050                __sglue
                0x2000005c                        _edata = .

.igot.plt       0x2000005c        0x0
 .igot.plt      0x2000005c        0x0 ./output/tasks.o

.data.uxCriticalNesting
                0x2000005c        0x4
 .data.uxCriticalNesting
                0x2000005c        0x4 ./output/port.o

.data.nc        0x20000060        0x4
 .data.nc       0x20000060        0x4 ./output/main.o
                0x20000060                nc

.data.nr        0x20000064        0x4
 .data.nr       0x20000064        0x4 ./output/main.o
                0x20000064                nr

.bss            0x20000068      0x14c
                0x20000068                        . = ALIGN (0x8)
                0x20000068                        _bss = .
                0x20000068                        _sbss = .
 *(.bss)
 .bss           0x20000068      0x13c /usr/lib/gcc/arm-none-eabi/13.2.1/../../../arm-none-eabi/lib/thumb/v7-m/nofp/libg_nano.a(libc_a-findfp.o)
                0x20000068                __sf
                0x200001a0                __stdio_exit_handler
 .bss           0x200001a4        0x8 /usr/lib/gcc/arm-none-eabi/13.2.1/../../../arm-none-eabi/lib/thumb/v7-m/nofp/libg_nano.a(libc_a-mallocr.o)
                0x200001a4                __malloc_sbrk_start
                0x200001a8                __malloc_free_list
 .bss           0x200001ac        0x4 /usr/lib/gcc/arm-none-eabi/13.2.1/../../../arm-none-eabi/lib/thumb/v7-m/nofp/libg_nano.a(libc_a-reent.o)
                0x200001ac                errno
 .bss           0x200001b0        0x4 /usr/lib/gcc/arm-none-eabi/13.2.1/../../../arm-none-eabi/lib/thumb/v7-m/nofp/libnosys.a(sbrk.o)
                0x200001b4                        _ebss = .

.bss.uxSchedulerSuspended
                0x200001b4        0x4
 .bss.uxSchedulerSuspended
                0x200001b4        0x4 ./output/tasks.o

.bss.xIdleTaskHandles
                0x200001b8        0x4
 .bss.xIdleTaskHandles
                0x200001b8        0x4 ./output/tasks.o

.bss.xNextTaskUnblockTime
                0x200001bc        0x4
 .bss.xNextTaskUnblockTime
                0x200001bc        0x4 ./output/tasks.o

.bss.uxTaskNumber
                0x200001c0        0x4
 .bss.uxTaskNumber
                0x200001c0        0x4 ./output/tasks.o

.bss.xNumOfOverflows
                0x200001c4        0x4
 .bss.xNumOfOverflows
                0x200001c4        0x4 ./output/tasks.o

.bss.xYieldPendings
                0x200001c8        0x4
 .bss.xYieldPendings
                0x200001c8        0x4 ./output/tasks.o

.bss.xPendedTicks
                0x200001cc        0x4
 .bss.xPendedTicks
                0x200001cc        0x4 ./output/tasks.o

.bss.xSchedulerRunning
                0x200001d0        0x4
 .bss.xSchedulerRunning
                0x200001d0        0x4 ./output/tasks.o

.bss.uxTopReadyPriority
                0x200001d4        0x4
 .bss.uxTopReadyPriority
                0x200001d4        0x4 ./output/tasks.o

.bss.xTickCount
                0x200001d8        0x4
 .bss.xTickCount
                0x200001d8        0x4 ./output/tasks.o

.bss.uxCurrentNumberOfTasks
                0x200001dc        0x4
 .bss.uxCurrentNumberOfTasks
                0x200001dc        0x4 ./output/tasks.o

.bss.xSuspendedTaskList
                0x200001e0       0x14
 .bss.xSuspendedTaskList
                0x200001e0       0x14 ./output/tasks.o

.bss.uxDeletedTasksWaitingCleanUp
                0x200001f4        0x4
 .bss.uxDeletedTasksWaitingCleanUp
                0x200001f4        0x4 ./output/tasks.o

.bss.xTasksWaitingTermination
                0x200001f8       0x14
 .bss.xTasksWaitingTermination
                0x200001f8       0x14 ./output/tasks.o

.bss.xPendingReadyList
                0x2000020c       0x14
 .bss.xPendingReadyList
                0x2000020c       0x14 ./output/tasks.o

.bss.pxOverflowDelayedTaskList
                0x20000220        0x4
 .bss.pxOverflowDelayedTaskList
                0x20000220        0x4 ./output/tasks.o

.bss.pxDelayedTaskList
                0x20000224        0x4
 .bss.pxDelayedTaskList
                0x20000224        0x4 ./output/tasks.o

.bss.xDelayedTaskList2
                0x20000228       0x14
 .bss.xDelayedTaskList2
                0x20000228       0x14 ./output/tasks.o

.bss.xDelayedTaskList1
                0x2000023c       0x14
 .bss.xDelayedTaskList1
                0x2000023c       0x14 ./output/tasks.o

.bss.pxReadyTasksLists
                0x20000250       0xb4
 .bss.pxReadyTasksLists
                0x20000250       0xb4 ./output/tasks.o

.bss.pxCurrentTCB
                0x20000304        0x4
 .bss.pxCurrentTCB
                0x20000304        0x4 ./output/tasks.o
                0x20000304                pxCurrentTCB

.bss.xNumberOfSuccessfulFrees
                0x20000308        0x4
 .bss.xNumberOfSuccessfulFrees
                0x20000308        0x4 ./output/heap_4.o

.bss.xNumberOfSuccessfulAllocations
                0x2000030c        0x4
 .bss.xNumberOfSuccessfulAllocations
                0x2000030c        0x4 ./output/heap_4.o

.bss.xMinimumEverFreeBytesRemaining
                0x20000310        0x4
 .bss.xMinimumEverFreeBytesRemaining
                0x20000310        0x4 ./output/heap_4.o

.bss.xFreeBytesRemaining
                0x20000314        0x4
 .bss.xFreeBytesRemaining
                0x20000314        0x4 ./output/heap_4.o

.bss.pxEnd      0x20000318        0x4
 .bss.pxEnd     0x20000318        0x4 ./output/heap_4.o

.bss.xStart     0x2000031c        0x8
 .bss.xStart    0x2000031c        0x8 ./output/heap_4.o

.bss.ucHeap     0x20000324     0xf000
 .bss.ucHeap    0x20000324     0xf000 ./output/heap_4.o

.bss.matB       0x2000f324       0x24
 .bss.matB      0x2000f324       0x24 ./output/main.o
                0x2000f324                matB

.bss.matA       0x2000f348       0x24
 .bss.matA      0x2000f348       0x24 ./output/main.o
                0x2000f348                matA

.bss.sem        0x2000f36c        0x4
 .bss.sem       0x2000f36c        0x4 ./output/main.o
                0x2000f36c                sem

.bss.psr        0x2000f370        0x4
 .bss.psr       0x2000f370        0x4 ./output/startup_gcc.o
                0x2000f370                psr

.bss.pc         0x2000f374        0x4
 .bss.pc        0x2000f374        0x4 ./output/startup_gcc.o
                0x2000f374                pc

.bss.lr         0x2000f378        0x4
 .bss.lr        0x2000f378        0x4 ./output/startup_gcc.o
                0x2000f378                lr

.bss.r12        0x2000f37c        0x4
 .bss.r12       0x2000f37c        0x4 ./output/startup_gcc.o
                0x2000f37c                r12

.bss.r3         0x2000f380        0x4
 .bss.r3        0x2000f380        0x4 ./output/startup_gcc.o
                0x2000f380                r3

.bss.r2         0x2000f384        0x4
 .bss.r2        0x2000f384        0x4 ./output/startup_gcc.o
                0x2000f384                r2

.bss.r1         0x2000f388        0x4
 .bss.r1        0x2000f388        0x4 ./output/startup_gcc.o
                0x2000f388                r1

.bss.r0         0x2000f38c        0x4
 .bss.r0        0x2000f38c        0x4 ./output/startup_gcc.o
                0x2000f38c                r0

.bss.counter    0x2000f390        0x4
 .bss.counter   0x2000f390        0x4 ./output/IntTimer.o
                0x2000f390                counter

.heap           0x2000f394      0x40c
                0x2000f398                        . = ALIGN (0x8)
 *fill*         0x2000f394        0x4 
                0x2000f398                        PROVIDE (end = .)
                [!provide]                        PROVIDE (_end = .)
                0x2000f398                        _heap_bottom = .
                0x2000f3a0                        . = (. + _Min_Heap_Size)
 *fill*         0x2000f398        0x8 
                0x2000f3a0                        _heap_top = .
                0x2000f7a0                        . = (. + _Min_Stack_Size)
 *fill*         0x2000f3a0      0x400 
                0x2000f7a0                        . = ALIGN (0x8)
                0x20400000                        __StackTop = (ORIGIN (RAM) + LENGTH (RAM))
                0x203ffc00                        __StackLimit = (__StackTop - _Min_Stack_Size)
                [!provide]                        PROVIDE (__stack = __StackTop)
                0x00000001                        ASSERT ((__StackLimit >= _heap_top), region RAM overflowed with stack)
OUTPUT(./output/RTOSDemo.out elf32-littlearm)
LOAD linker stubs

.debug_info     0x00000000     0xf571
 .debug_info    0x00000000     0x2f5f ./output/tasks.o
 .debug_info    0x00002f5f      0x2b2 ./output/list.o
 .debug_info    0x00003211     0x2171 ./output/queue.o
 .debug_info    0x00005382      0x5d7 ./output/heap_4.o
 .debug_info    0x00005959      0x36a ./output/port.o
 .debug_info    0x00005cc3      0x5b4 ./output/main.o
 .debug_info    0x00006277      0x8aa ./output/startup_gcc.o
 .debug_info    0x00006b21      0x430 ./output/IntTimer.o
 .debug_info    0x00006f51      0x64b ./output/printf-stdarg.o
 .debug_info    0x0000759c      0x70b /usr/lib/gcc/arm-none-eabi/13.2.1/../../../arm-none-eabi/lib/thumb/v7-m/nofp/libg_nano.a(libc_a-impure.o)
 .debug_info    0x00007ca7      0x135 /usr/lib/gcc/arm-none-eabi/13.2.1/../../../arm-none-eabi/lib/thumb/v7-m/nofp/libg_nano.a(libc_a-memset.o)
 .debug_info    0x00007ddc      0xa30 /usr/lib/gcc/arm-none-eabi/13.2.1/../../../arm-none-eabi/lib/thumb/v7-m/nofp/libg_nano.a(libc_a-fflush.o)
 .debug_info    0x0000880c      0x87f /usr/lib/gcc/arm-none-eabi/13.2.1/../../../arm-none-eabi/lib/thumb/v7-m/nofp/libg_nano.a(libc_a-freer.o)
 .debug_info    0x0000908b      0x7c8 /usr/lib/gcc/arm-none-eabi/13.2.1/../../../arm-none-eabi/lib/thumb/v7-m/nofp/libg_nano.a(libc_a-fwalk.o)
 .debug_info    0x00009853       0x33 /usr/lib/gcc/arm-none-eabi/13.2.1/../../../arm-none-eabi/lib/thumb/v7-m/nofp/libg_nano.a(libc_a-memcpy.o)
 .debug_info    0x00009886      0x71c /usr/lib/gcc/arm-none-eabi/13.2.1/../../../arm-none-eabi/lib/thumb/v7-m/nofp/libg_nano.a(libc_a-mlock.o)
 .debug_info    0x00009fa2      0xe8c /usr/lib/gcc/arm-none-eabi/13.2.1/../../../arm-none-eabi/lib/thumb/v7-m/nofp/libg_nano.a(libc_a-findfp.o)
 .debug_info    0x0000ae2e      0x9b6 /usr/lib/gcc/arm-none-eabi/13.2.1/../../../arm-none-eabi/lib/thumb/v7-m/nofp/libg_nano.a(libc_a-mallocr.o)
 .debug_info    0x0000b7e4      0x778 /usr/lib/gcc/arm-none-eabi/13.2.1/../../../arm-none-eabi/lib/thumb/v7-m/nofp/libg_nano.a(libc_a-sbrkr.o)
 .debug_info    0x0000bf5c      0xa80 /usr/lib/gcc/arm-none-eabi/13.2.1/../../../arm-none-eabi/lib/thumb/v7-m/nofp/libg_nano.a(libc_a-stdio.o)
 .debug_info    0x0000c9dc      0x752 /usr/lib/gcc/arm-none-eabi/13.2.1/../../../arm-none-eabi/lib/thumb/v7-m/nofp/libg_nano.a(libc_a-closer.o)
 .debug_info    0x0000d12e      0x7b5 /usr/lib/gcc/arm-none-eabi/13.2.1/../../../arm-none-eabi/lib/thumb/v7-m/nofp/libg_nano.a(libc_a-readr.o)
 .debug_info    0x0000d8e3      0x89f /usr/lib/gcc/arm-none-eabi/13.2.1/../../../arm-none-eabi/lib/thumb/v7-m/nofp/libg_nano.a(libc_a-reent.o)
 .debug_info    0x0000e182      0x79e /usr/lib/gcc/arm-none-eabi/13.2.1/../../../arm-none-eabi/lib/thumb/v7-m/nofp/libg_nano.a(libc_a-lseekr.o)
 .debug_info    0x0000e920      0x7bb /usr/lib/gcc/arm-none-eabi/13.2.1/../../../arm-none-eabi/lib/thumb/v7-m/nofp/libg_nano.a(libc_a-writer.o)
 .debug_info    0x0000f0db       0xde /usr/lib/gcc/arm-none-eabi/13.2.1/../../../arm-none-eabi/lib/thumb/v7-m/nofp/libnosys.a(close.o)
 .debug_info    0x0000f1b9      0x100 /usr/lib/gcc/arm-none-eabi/13.2.1/../../../arm-none-eabi/lib/thumb/v7-m/nofp/libnosys.a(lseek.o)
 .debug_info    0x0000f2b9      0x106 /usr/lib/gcc/arm-none-eabi/13.2.1/../../../arm-none-eabi/lib/thumb/v7-m/nofp/libnosys.a(read.o)
 .debug_info    0x0000f3bf       0xac /usr/lib/gcc/arm-none-eabi/13.2.1/../../../arm-none-eabi/lib/thumb/v7-m/nofp/libnosys.a(sbrk.o)
 .debug_info    0x0000f46b      0x106 /usr/lib/gcc/arm-none-eabi/13.2.1/../../../arm-none-eabi/lib/thumb/v7-m/nofp/libnosys.a(write.o)

.debug_abbrev   0x00000000     0x395f
 .debug_abbrev  0x00000000      0x514 ./output/tasks.o
 .debug_abbrev  0x00000514      0x105 ./output/list.o
 .debug_abbrev  0x00000619      0x404 ./output/queue.o
 .debug_abbrev  0x00000a1d      0x2d2 ./output/heap_4.o
 .debug_abbrev  0x00000cef      0x261 ./output/port.o
 .debug_abbrev  0x00000f50      0x213 ./output/main.o
 .debug_abbrev  0x00001163      0x29c ./output/startup_gcc.o
 .debug_abbrev  0x000013ff      0x204 ./output/IntTimer.o
 .debug_abbrev  0x00001603      0x24c ./output/printf-stdarg.o
 .debug_abbrev  0x0000184f      0x149 /usr/lib/gcc/arm-none-eabi/13.2.1/../../../arm-none-eabi/lib/thumb/v7-m/nofp/libg_nano.a(libc_a-impure.o)
 .debug_abbrev  0x00001998       0xb7 /usr/lib/gcc/arm-none-eabi/13.2.1/../../../arm-none-eabi/lib/thumb/v7-m/nofp/libg_nano.a(libc_a-memset.o)
 .debug_abbrev  0x00001a4f      0x2e1 /usr/lib/gcc/arm-none-eabi/13.2.1/../../../arm-none-eabi/lib/thumb/v7-m/nofp/libg_nano.a(libc_a-fflush.o)
 .debug_abbrev  0x00001d30      0x249 /usr/lib/gcc/arm-none-eabi/13.2.1/../../../arm-none-eabi/lib/thumb/v7-m/nofp/libg_nano.a(libc_a-freer.o)
 .debug_abbrev  0x00001f79      0x19b /usr/lib/gcc/arm-none-eabi/13.2.1/../../../arm-none-eabi/lib/thumb/v7-m/nofp/libg_nano.a(libc_a-fwalk.o)
 .debug_abbrev  0x00002114       0x28 /usr/lib/gcc/arm-none-eabi/13.2.1/../../../arm-none-eabi/lib/thumb/v7-m/nofp/libg_nano.a(libc_a-memcpy.o)
 .debug_abbrev  0x0000213c      0x192 /usr/lib/gcc/arm-none-eabi/13.2.1/../../../arm-none-eabi/lib/thumb/v7-m/nofp/libg_nano.a(libc_a-mlock.o)
 .debug_abbrev  0x000022ce      0x408 /usr/lib/gcc/arm-none-eabi/13.2.1/../../../arm-none-eabi/lib/thumb/v7-m/nofp/libg_nano.a(libc_a-findfp.o)
 .debug_abbrev  0x000026d6      0x24a /usr/lib/gcc/arm-none-eabi/13.2.1/../../../arm-none-eabi/lib/thumb/v7-m/nofp/libg_nano.a(libc_a-mallocr.o)
 .debug_abbrev  0x00002920      0x1da /usr/lib/gcc/arm-none-eabi/13.2.1/../../../arm-none-eabi/lib/thumb/v7-m/nofp/libg_nano.a(libc_a-sbrkr.o)
 .debug_abbrev  0x00002afa      0x224 /usr/lib/gcc/arm-none-eabi/13.2.1/../../../arm-none-eabi/lib/thumb/v7-m/nofp/libg_nano.a(libc_a-stdio.o)
 .debug_abbrev  0x00002d1e      0x1b0 /usr/lib/gcc/arm-none-eabi/13.2.1/../../../arm-none-eabi/lib/thumb/v7-m/nofp/libg_nano.a(libc_a-closer.o)
 .debug_abbrev  0x00002ece      0x1b0 /usr/lib/gcc/arm-none-eabi/13.2.1/../../../arm-none-eabi/lib/thumb/v7-m/nofp/libg_nano.a(libc_a-readr.o)
 .debug_abbrev  0x0000307e      0x1ee /usr/lib/gcc/arm-none-eabi/13.2.1/../../../arm-none-eabi/lib/thumb/v7-m/nofp/libg_nano.a(libc_a-reent.o)
 .debug_abbrev  0x0000326c      0x1c4 /usr/lib/gcc/arm-none-eabi/13.2.1/../../../arm-none-eabi/lib/thumb/v7-m/nofp/libg_nano.a(libc_a-lseekr.o)
 .debug_abbrev  0x00003430      0x1b5 /usr/lib/gcc/arm-none-eabi/13.2.1/../../../arm-none-eabi/lib/thumb/v7-m/nofp/libg_nano.a(libc_a-writer.o)
 .debug_abbrev  0x000035e5       0x96 /usr/lib/gcc/arm-none-eabi/13.2.1/../../../arm-none-eabi/lib/thumb/v7-m/nofp/libnosys.a(close.o)
 .debug_abbrev  0x0000367b       0xbb /usr/lib/gcc/arm-none-eabi/13.2.1/../../../arm-none-eabi/lib/thumb/v7-m/nofp/libnosys.a(lseek.o)
 .debug_abbrev  0x00003736       0xc4 /usr/lib/gcc/arm-none-eabi/13.2.1/../../../arm-none-eabi/lib/thumb/v7-m/nofp/libnosys.a(read.o)
 .debug_abbrev  0x000037fa       0xa1 /usr/lib/gcc/arm-none-eabi/13.2.1/../../../arm-none-eabi/lib/thumb/v7-m/nofp/libnosys.a(sbrk.o)
 .debug_abbrev  0x0000389b       0xc4 /usr/lib/gcc/arm-none-eabi/13.2.1/../../../arm-none-eabi/lib/thumb/v7-m/nofp/libnosys.a(write.o)

.debug_loclists
                0x00000000     0x4925
 .debug_loclists
                0x00000000     0x1b0e ./output/tasks.o
 .debug_loclists
                0x00001b0e       0x77 ./output/list.o
 .debug_loclists
                0x00001b85     0x10b6 ./output/queue.o
 .debug_loclists
                0x00002c3b      0x33f ./output/heap_4.o
 .debug_loclists
                0x00002f7a       0x82 ./output/port.o
 .debug_loclists
                0x00002ffc      0x14a ./output/main.o
 .debug_loclists
                0x00003146       0x29 ./output/startup_gcc.o
 .debug_loclists
                0x0000316f       0x18 ./output/IntTimer.o
 .debug_loclists
                0x00003187      0x697 ./output/printf-stdarg.o
 .debug_loclists
                0x0000381e      0x1d7 /usr/lib/gcc/arm-none-eabi/13.2.1/../../../arm-none-eabi/lib/thumb/v7-m/nofp/libg_nano.a(libc_a-memset.o)
 .debug_loclists
                0x000039f5      0x2f2 /usr/lib/gcc/arm-none-eabi/13.2.1/../../../arm-none-eabi/lib/thumb/v7-m/nofp/libg_nano.a(libc_a-fflush.o)
 .debug_loclists
                0x00003ce7      0x164 /usr/lib/gcc/arm-none-eabi/13.2.1/../../../arm-none-eabi/lib/thumb/v7-m/nofp/libg_nano.a(libc_a-freer.o)
 .debug_loclists
                0x00003e4b       0x79 /usr/lib/gcc/arm-none-eabi/13.2.1/../../../arm-none-eabi/lib/thumb/v7-m/nofp/libg_nano.a(libc_a-fwalk.o)
 .debug_loclists
                0x00003ec4      0x1d0 /usr/lib/gcc/arm-none-eabi/13.2.1/../../../arm-none-eabi/lib/thumb/v7-m/nofp/libg_nano.a(libc_a-findfp.o)
 .debug_loclists
                0x00004094      0x273 /usr/lib/gcc/arm-none-eabi/13.2.1/../../../arm-none-eabi/lib/thumb/v7-m/nofp/libg_nano.a(libc_a-mallocr.o)
 .debug_loclists
                0x00004307       0x4b /usr/lib/gcc/arm-none-eabi/13.2.1/../../../arm-none-eabi/lib/thumb/v7-m/nofp/libg_nano.a(libc_a-sbrkr.o)
 .debug_loclists
                0x00004352      0x23b /usr/lib/gcc/arm-none-eabi/13.2.1/../../../arm-none-eabi/lib/thumb/v7-m/nofp/libg_nano.a(libc_a-stdio.o)
 .debug_loclists
                0x0000458d       0x4b /usr/lib/gcc/arm-none-eabi/13.2.1/../../../arm-none-eabi/lib/thumb/v7-m/nofp/libg_nano.a(libc_a-closer.o)
 .debug_loclists
                0x000045d8       0x97 /usr/lib/gcc/arm-none-eabi/13.2.1/../../../arm-none-eabi/lib/thumb/v7-m/nofp/libg_nano.a(libc_a-readr.o)
 .debug_loclists
                0x0000466f       0x80 /usr/lib/gcc/arm-none-eabi/13.2.1/../../../arm-none-eabi/lib/thumb/v7-m/nofp/libg_nano.a(libc_a-reent.o)
 .debug_loclists
                0x000046ef       0x97 /usr/lib/gcc/arm-none-eabi/13.2.1/../../../arm-none-eabi/lib/thumb/v7-m/nofp/libg_nano.a(libc_a-lseekr.o)
 .debug_loclists
                0x00004786       0x97 /usr/lib/gcc/arm-none-eabi/13.2.1/../../../arm-none-eabi/lib/thumb/v7-m/nofp/libg_nano.a(libc_a-writer.o)
 .debug_loclists
                0x0000481d       0x24 /usr/lib/gcc/arm-none-eabi/13.2.1/../../../arm-none-eabi/lib/thumb/v7-m/nofp/libnosys.a(close.o)
 .debug_loclists
                0x00004841       0x3c /usr/lib/gcc/arm-none-eabi/13.2.1/../../../arm-none-eabi/lib/thumb/v7-m/nofp/libnosys.a(lseek.o)
 .debug_loclists
                0x0000487d       0x3c /usr/lib/gcc/arm-none-eabi/13.2.1/../../../arm-none-eabi/lib/thumb/v7-m/nofp/libnosys.a(read.o)
 .debug_loclists
                0x000048b9       0x30 /usr/lib/gcc/arm-none-eabi/13.2.1/../../../arm-none-eabi/lib/thumb/v7-m/nofp/libnosys.a(sbrk.o)
 .debug_loclists
                0x000048e9       0x3c /usr/lib/gcc/arm-none-eabi/13.2.1/../../../arm-none-eabi/lib/thumb/v7-m/nofp/libnosys.a(write.o)

.debug_aranges  0x00000000      0x7b8
 .debug_aranges
                0x00000000      0x1f0 ./output/tasks.o
 .debug_aranges
                0x000001f0       0x40 ./output/list.o
 .debug_aranges
                0x00000230      0x140 ./output/queue.o
 .debug_aranges
                0x00000370       0x58 ./output/heap_4.o
 .debug_aranges
                0x000003c8       0x70 ./output/port.o
 .debug_aranges
                0x00000438       0x30 ./output/main.o
 .debug_aranges
                0x00000468       0x38 ./output/startup_gcc.o
 .debug_aranges
                0x000004a0       0x28 ./output/IntTimer.o
 .debug_aranges
                0x000004c8       0x58 ./output/printf-stdarg.o
 .debug_aranges
                0x00000520       0x18 /usr/lib/gcc/arm-none-eabi/13.2.1/../../../arm-none-eabi/lib/thumb/v7-m/nofp/libg_nano.a(libc_a-impure.o)
 .debug_aranges
                0x00000538       0x20 /usr/lib/gcc/arm-none-eabi/13.2.1/../../../arm-none-eabi/lib/thumb/v7-m/nofp/libg_nano.a(libc_a-memset.o)
 .debug_aranges
                0x00000558       0x20 /usr/lib/gcc/arm-none-eabi/13.2.1/../../../arm-none-eabi/lib/thumb/v7-m/nofp/libg_nano.a(libc_a-fflush.o)
 .debug_aranges
                0x00000578       0x20 /usr/lib/gcc/arm-none-eabi/13.2.1/../../../arm-none-eabi/lib/thumb/v7-m/nofp/libg_nano.a(libc_a-freer.o)
 .debug_aranges
                0x00000598       0x20 /usr/lib/gcc/arm-none-eabi/13.2.1/../../../arm-none-eabi/lib/thumb/v7-m/nofp/libg_nano.a(libc_a-fwalk.o)
 .debug_aranges
                0x000005b8       0x20 /usr/lib/gcc/arm-none-eabi/13.2.1/../../../arm-none-eabi/lib/thumb/v7-m/nofp/libg_nano.a(libc_a-memcpy.o)
 .debug_aranges
                0x000005d8       0x20 /usr/lib/gcc/arm-none-eabi/13.2.1/../../../arm-none-eabi/lib/thumb/v7-m/nofp/libg_nano.a(libc_a-mlock.o)
 .debug_aranges
                0x000005f8       0x20 /usr/lib/gcc/arm-none-eabi/13.2.1/../../../arm-none-eabi/lib/thumb/v7-m/nofp/libg_nano.a(libc_a-findfp.o)
 .debug_aranges
                0x00000618       0x20 /usr/lib/gcc/arm-none-eabi/13.2.1/../../../arm-none-eabi/lib/thumb/v7-m/nofp/libg_nano.a(libc_a-mallocr.o)
 .debug_aranges
                0x00000638       0x20 /usr/lib/gcc/arm-none-eabi/13.2.1/../../../arm-none-eabi/lib/thumb/v7-m/nofp/libg_nano.a(libc_a-sbrkr.o)
 .debug_aranges
                0x00000658       0x20 /usr/lib/gcc/arm-none-eabi/13.2.1/../../../arm-none-eabi/lib/thumb/v7-m/nofp/libg_nano.a(libc_a-stdio.o)
 .debug_aranges
                0x00000678       0x20 /usr/lib/gcc/arm-none-eabi/13.2.1/../../../arm-none-eabi/lib/thumb/v7-m/nofp/libg_nano.a(libc_a-closer.o)
 .debug_aranges
                0x00000698       0x20 /usr/lib/gcc/arm-none-eabi/13.2.1/../../../arm-none-eabi/lib/thumb/v7-m/nofp/libg_nano.a(libc_a-readr.o)
 .debug_aranges
                0x000006b8       0x20 /usr/lib/gcc/arm-none-eabi/13.2.1/../../../arm-none-eabi/lib/thumb/v7-m/nofp/libg_nano.a(libc_a-reent.o)
 .debug_aranges
                0x000006d8       0x20 /usr/lib/gcc/arm-none-eabi/13.2.1/../../../arm-none-eabi/lib/thumb/v7-m/nofp/libg_nano.a(libc_a-lseekr.o)
 .debug_aranges
                0x000006f8       0x20 /usr/lib/gcc/arm-none-eabi/13.2.1/../../../arm-none-eabi/lib/thumb/v7-m/nofp/libg_nano.a(libc_a-writer.o)
 .debug_aranges
                0x00000718       0x20 /usr/lib/gcc/arm-none-eabi/13.2.1/../../../arm-none-eabi/lib/thumb/v7-m/nofp/libnosys.a(close.o)
 .debug_aranges
                0x00000738       0x20 /usr/lib/gcc/arm-none-eabi/13.2.1/../../../arm-none-eabi/lib/thumb/v7-m/nofp/libnosys.a(lseek.o)
 .debug_aranges
                0x00000758       0x20 /usr/lib/gcc/arm-none-eabi/13.2.1/../../../arm-none-eabi/lib/thumb/v7-m/nofp/libnosys.a(read.o)
 .debug_aranges
                0x00000778       0x20 /usr/lib/gcc/arm-none-eabi/13.2.1/../../../arm-none-eabi/lib/thumb/v7-m/nofp/libnosys.a(sbrk.o)
 .debug_aranges
                0x00000798       0x20 /usr/lib/gcc/arm-none-eabi/13.2.1/../../../arm-none-eabi/lib/thumb/v7-m/nofp/libnosys.a(write.o)

.debug_rnglists
                0x00000000      0x7b6
 .debug_rnglists
                0x00000000      0x31f ./output/tasks.o
 .debug_rnglists
                0x0000031f       0x2b ./output/list.o
 .debug_rnglists
                0x0000034a      0x1da ./output/queue.o
 .debug_rnglists
                0x00000524       0x4c ./output/heap_4.o
 .debug_rnglists
                0x00000570       0x5b ./output/port.o
 .debug_rnglists
                0x000005cb       0x5d ./output/main.o
 .debug_rnglists
                0x00000628       0x25 ./output/startup_gcc.o
 .debug_rnglists
                0x0000064d       0x19 ./output/IntTimer.o
 .debug_rnglists
                0x00000666       0x4c ./output/printf-stdarg.o
 .debug_rnglists
                0x000006b2       0x58 /usr/lib/gcc/arm-none-eabi/13.2.1/../../../arm-none-eabi/lib/thumb/v7-m/nofp/libg_nano.a(libc_a-fflush.o)
 .debug_rnglists
                0x0000070a       0x13 /usr/lib/gcc/arm-none-eabi/13.2.1/../../../arm-none-eabi/lib/thumb/v7-m/nofp/libg_nano.a(libc_a-freer.o)
 .debug_rnglists
                0x0000071d       0x7a /usr/lib/gcc/arm-none-eabi/13.2.1/../../../arm-none-eabi/lib/thumb/v7-m/nofp/libg_nano.a(libc_a-findfp.o)
 .debug_rnglists
                0x00000797       0x1f /usr/lib/gcc/arm-none-eabi/13.2.1/../../../arm-none-eabi/lib/thumb/v7-m/nofp/libg_nano.a(libc_a-mallocr.o)

.debug_macro    0x00000000     0x5f13
 .debug_macro   0x00000000      0x289 ./output/tasks.o
 .debug_macro   0x00000289      0xac0 ./output/tasks.o
 .debug_macro   0x00000d49       0x24 ./output/tasks.o
 .debug_macro   0x00000d6d       0x22 ./output/tasks.o
 .debug_macro   0x00000d8f       0x60 ./output/tasks.o
 .debug_macro   0x00000def       0x94 ./output/tasks.o
 .debug_macro   0x00000e83       0x3c ./output/tasks.o
 .debug_macro   0x00000ebf       0x34 ./output/tasks.o
 .debug_macro   0x00000ef3       0x16 ./output/tasks.o
 .debug_macro   0x00000f09      0x11c ./output/tasks.o
 .debug_macro   0x00001025       0x9b ./output/tasks.o
 .debug_macro   0x000010c0       0x57 ./output/tasks.o
 .debug_macro   0x00001117      0x370 ./output/tasks.o
 .debug_macro   0x00001487       0x16 ./output/tasks.o
 .debug_macro   0x0000149d       0x4a ./output/tasks.o
 .debug_macro   0x000014e7       0x34 ./output/tasks.o
 .debug_macro   0x0000151b       0x10 ./output/tasks.o
 .debug_macro   0x0000152b       0x52 ./output/tasks.o
 .debug_macro   0x0000157d      0x1de ./output/tasks.o
 .debug_macro   0x0000175b       0x16 ./output/tasks.o
 .debug_macro   0x00001771       0x29 ./output/tasks.o
 .debug_macro   0x0000179a       0x16 ./output/tasks.o
 .debug_macro   0x000017b0       0x3c ./output/tasks.o
 .debug_macro   0x000017ec      0x34e ./output/tasks.o
 .debug_macro   0x00001b3a       0x16 ./output/tasks.o
 .debug_macro   0x00001b50      0x15b ./output/tasks.o
 .debug_macro   0x00001cab       0x1c ./output/tasks.o
 .debug_macro   0x00001cc7      0x182 ./output/tasks.o
 .debug_macro   0x00001e49       0xe0 ./output/tasks.o
 .debug_macro   0x00001f29       0x2e ./output/tasks.o
 .debug_macro   0x00001f57       0x1f ./output/tasks.o
 .debug_macro   0x00001f76       0x12 ./output/tasks.o
 .debug_macro   0x00001f88      0xfe5 ./output/tasks.o
 .debug_macro   0x00002f6d       0xc3 ./output/tasks.o
 .debug_macro   0x00003030      0x14f ./output/tasks.o
 .debug_macro   0x0000317f       0x98 ./output/tasks.o
 .debug_macro   0x00003217       0x17 ./output/tasks.o
 .debug_macro   0x0000322e      0x171 ./output/list.o
 .debug_macro   0x0000339f      0x203 ./output/queue.o
 .debug_macro   0x000035a2       0x80 ./output/queue.o
 .debug_macro   0x00003622      0x201 ./output/heap_4.o
 .debug_macro   0x00003823      0x162 ./output/port.o
 .debug_macro   0x00003985      0x1fb ./output/main.o
 .debug_macro   0x00003b80       0x85 ./output/main.o
 .debug_macro   0x00003c05       0x16 ./output/main.o
 .debug_macro   0x00003c1b       0x10 ./output/main.o
 .debug_macro   0x00003c2b       0x16 ./output/main.o
 .debug_macro   0x00003c41       0x16 ./output/main.o
 .debug_macro   0x00003c57      0x170 ./output/main.o
 .debug_macro   0x00003dc7      0x109 ./output/startup_gcc.o
 .debug_macro   0x00003ed0       0x9e ./output/startup_gcc.o
 .debug_macro   0x00003f6e      0x112 ./output/startup_gcc.o
 .debug_macro   0x00004080      0x122 ./output/IntTimer.o
 .debug_macro   0x000041a2       0x22 ./output/IntTimer.o
 .debug_macro   0x000041c4       0x1c ./output/IntTimer.o
 .debug_macro   0x000041e0       0x22 ./output/IntTimer.o
 .debug_macro   0x00004202       0xd6 ./output/IntTimer.o
 .debug_macro   0x000042d8      0xe2d ./output/IntTimer.o
 .debug_macro   0x00005105      0x11f ./output/IntTimer.o
 .debug_macro   0x00005224      0x7b3 ./output/IntTimer.o
 .debug_macro   0x000059d7      0x4a6 ./output/IntTimer.o
 .debug_macro   0x00005e7d       0x3e ./output/printf-stdarg.o
 .debug_macro   0x00005ebb       0x58 ./output/printf-stdarg.o

.debug_line     0x00000000     0x8273
 .debug_line    0x00000000     0x26b2 ./output/tasks.o
 .debug_line    0x000026b2      0x44b ./output/list.o
 .debug_line    0x00002afd     0x1788 ./output/queue.o
 .debug_line    0x00004285      0x765 ./output/heap_4.o
 .debug_line    0x000049ea      0x3b8 ./output/port.o
 .debug_line    0x00004da2      0x4ea ./output/main.o
 .debug_line    0x0000528c      0x22b ./output/startup_gcc.o
 .debug_line    0x000054b7      0x2a5 ./output/IntTimer.o
 .debug_line    0x0000575c      0x525 ./output/printf-stdarg.o
 .debug_line    0x00005c81       0xe7 /usr/lib/gcc/arm-none-eabi/13.2.1/../../../arm-none-eabi/lib/thumb/v7-m/nofp/libg_nano.a(libc_a-impure.o)
 .debug_line    0x00005d68      0x1b1 /usr/lib/gcc/arm-none-eabi/13.2.1/../../../arm-none-eabi/lib/thumb/v7-m/nofp/libg_nano.a(libc_a-memset.o)
 .debug_line    0x00005f19      0x456 /usr/lib/gcc/arm-none-eabi/13.2.1/../../../arm-none-eabi/lib/thumb/v7-m/nofp/libg_nano.a(libc_a-fflush.o)
 .debug_line    0x0000636f      0x2c8 /usr/lib/gcc/arm-none-eabi/13.2.1/../../../arm-none-eabi/lib/thumb/v7-m/nofp/libg_nano.a(libc_a-freer.o)
 .debug_line    0x00006637      0x1c9 /usr/lib/gcc/arm-none-eabi/13.2.1/../../../arm-none-eabi/lib/thumb/v7-m/nofp/libg_nano.a(libc_a-fwalk.o)
 .debug_line    0x00006800       0xbd /usr/lib/gcc/arm-none-eabi/13.2.1/../../../arm-none-eabi/lib/thumb/v7-m/nofp/libg_nano.a(libc_a-memcpy.o)
 .debug_line    0x000068bd      0x153 /usr/lib/gcc/arm-none-eabi/13.2.1/../../../arm-none-eabi/lib/thumb/v7-m/nofp/libg_nano.a(libc_a-mlock.o)
 .debug_line    0x00006a10      0x51f /usr/lib/gcc/arm-none-eabi/13.2.1/../../../arm-none-eabi/lib/thumb/v7-m/nofp/libg_nano.a(libc_a-findfp.o)
 .debug_line    0x00006f2f      0x45c /usr/lib/gcc/arm-none-eabi/13.2.1/../../../arm-none-eabi/lib/thumb/v7-m/nofp/libg_nano.a(libc_a-mallocr.o)
 .debug_line    0x0000738b      0x196 /usr/lib/gcc/arm-none-eabi/13.2.1/../../../arm-none-eabi/lib/thumb/v7-m/nofp/libg_nano.a(libc_a-sbrkr.o)
 .debug_line    0x00007521      0x22b /usr/lib/gcc/arm-none-eabi/13.2.1/../../../arm-none-eabi/lib/thumb/v7-m/nofp/libg_nano.a(libc_a-stdio.o)
 .debug_line    0x0000774c      0x196 /usr/lib/gcc/arm-none-eabi/13.2.1/../../../arm-none-eabi/lib/thumb/v7-m/nofp/libg_nano.a(libc_a-closer.o)
 .debug_line    0x000078e2      0x19c /usr/lib/gcc/arm-none-eabi/13.2.1/../../../arm-none-eabi/lib/thumb/v7-m/nofp/libg_nano.a(libc_a-readr.o)
 .debug_line    0x00007a7e      0x27b /usr/lib/gcc/arm-none-eabi/13.2.1/../../../arm-none-eabi/lib/thumb/v7-m/nofp/libg_nano.a(libc_a-reent.o)
 .debug_line    0x00007cf9      0x19d /usr/lib/gcc/arm-none-eabi/13.2.1/../../../arm-none-eabi/lib/thumb/v7-m/nofp/libg_nano.a(libc_a-lseekr.o)
 .debug_line    0x00007e96      0x19d /usr/lib/gcc/arm-none-eabi/13.2.1/../../../arm-none-eabi/lib/thumb/v7-m/nofp/libg_nano.a(libc_a-writer.o)
 .debug_line    0x00008033       0x72 /usr/lib/gcc/arm-none-eabi/13.2.1/../../../arm-none-eabi/lib/thumb/v7-m/nofp/libnosys.a(close.o)
 .debug_line    0x000080a5       0x73 /usr/lib/gcc/arm-none-eabi/13.2.1/../../../arm-none-eabi/lib/thumb/v7-m/nofp/libnosys.a(lseek.o)
 .debug_line    0x00008118       0x72 /usr/lib/gcc/arm-none-eabi/13.2.1/../../../arm-none-eabi/lib/thumb/v7-m/nofp/libnosys.a(read.o)
 .debug_line    0x0000818a       0x76 /usr/lib/gcc/arm-none-eabi/13.2.1/../../../arm-none-eabi/lib/thumb/v7-m/nofp/libnosys.a(sbrk.o)
 .debug_line    0x00008200       0x73 /usr/lib/gcc/arm-none-eabi/13.2.1/../../../arm-none-eabi/lib/thumb/v7-m/nofp/libnosys.a(write.o)

.debug_str      0x00000000    0x22699
 .debug_str     0x00000000    0x22699 ./output/tasks.o
                              0x13569 (size before relaxing)
 .debug_str     0x00022699     0xfe5a ./output/list.o
 .debug_str     0x00022699    0x127a1 ./output/queue.o
 .debug_str     0x00022699    0x1194d ./output/heap_4.o
 .debug_str     0x00022699     0xeb94 ./output/port.o
 .debug_str     0x00022699    0x128c4 ./output/main.o
 .debug_str     0x00022699     0x73bd ./output/startup_gcc.o
 .debug_str     0x00022699    0x1a634 ./output/IntTimer.o
 .debug_str     0x00022699     0x30c2 ./output/printf-stdarg.o
 .debug_str     0x00022699      0x4b4 /usr/lib/gcc/arm-none-eabi/13.2.1/../../../arm-none-eabi/lib/thumb/v7-m/nofp/libg_nano.a(libc_a-impure.o)
 .debug_str     0x00022699      0x1a5 /usr/lib/gcc/arm-none-eabi/13.2.1/../../../arm-none-eabi/lib/thumb/v7-m/nofp/libg_nano.a(libc_a-memset.o)
 .debug_str     0x00022699      0x53b /usr/lib/gcc/arm-none-eabi/13.2.1/../../../arm-none-eabi/lib/thumb/v7-m/nofp/libg_nano.a(libc_a-fflush.o)
 .debug_str     0x00022699      0x534 /usr/lib/gcc/arm-none-eabi/13.2.1/../../../arm-none-eabi/lib/thumb/v7-m/nofp/libg_nano.a(libc_a-freer.o)
 .debug_str     0x00022699      0x4c4 /usr/lib/gcc/arm-none-eabi/13.2.1/../../../arm-none-eabi/lib/thumb/v7-m/nofp/libg_nano.a(libc_a-fwalk.o)
 .debug_str     0x00022699       0xa8 /usr/lib/gcc/arm-none-eabi/13.2.1/../../../arm-none-eabi/lib/thumb/v7-m/nofp/libg_nano.a(libc_a-memcpy.o)
 .debug_str     0x00022699      0x4d2 /usr/lib/gcc/arm-none-eabi/13.2.1/../../../arm-none-eabi/lib/thumb/v7-m/nofp/libg_nano.a(libc_a-mlock.o)
 .debug_str     0x00022699      0x6b7 /usr/lib/gcc/arm-none-eabi/13.2.1/../../../arm-none-eabi/lib/thumb/v7-m/nofp/libg_nano.a(libc_a-findfp.o)
 .debug_str     0x00022699      0x595 /usr/lib/gcc/arm-none-eabi/13.2.1/../../../arm-none-eabi/lib/thumb/v7-m/nofp/libg_nano.a(libc_a-mallocr.o)
 .debug_str     0x00022699      0x4bd /usr/lib/gcc/arm-none-eabi/13.2.1/../../../arm-none-eabi/lib/thumb/v7-m/nofp/libg_nano.a(libc_a-sbrkr.o)
 .debug_str     0x00022699      0x521 /usr/lib/gcc/arm-none-eabi/13.2.1/../../../arm-none-eabi/lib/thumb/v7-m/nofp/libg_nano.a(libc_a-stdio.o)
 .debug_str     0x00022699      0x4aa /usr/lib/gcc/arm-none-eabi/13.2.1/../../../arm-none-eabi/lib/thumb/v7-m/nofp/libg_nano.a(libc_a-closer.o)
 .debug_str     0x00022699      0x4b8 /usr/lib/gcc/arm-none-eabi/13.2.1/../../../arm-none-eabi/lib/thumb/v7-m/nofp/libg_nano.a(libc_a-readr.o)
 .debug_str     0x00022699      0x4d3 /usr/lib/gcc/arm-none-eabi/13.2.1/../../../arm-none-eabi/lib/thumb/v7-m/nofp/libg_nano.a(libc_a-reent.o)
 .debug_str     0x00022699      0x4b8 /usr/lib/gcc/arm-none-eabi/13.2.1/../../../arm-none-eabi/lib/thumb/v7-m/nofp/libg_nano.a(libc_a-lseekr.o)
 .debug_str     0x00022699      0x4ba /usr/lib/gcc/arm-none-eabi/13.2.1/../../../arm-none-eabi/lib/thumb/v7-m/nofp/libg_nano.a(libc_a-writer.o)
 .debug_str     0x00022699      0x190 /usr/lib/gcc/arm-none-eabi/13.2.1/../../../arm-none-eabi/lib/thumb/v7-m/nofp/libnosys.a(close.o)
 .debug_str     0x00022699      0x18e /usr/lib/gcc/arm-none-eabi/13.2.1/../../../arm-none-eabi/lib/thumb/v7-m/nofp/libnosys.a(lseek.o)
 .debug_str     0x00022699      0x18b /usr/lib/gcc/arm-none-eabi/13.2.1/../../../arm-none-eabi/lib/thumb/v7-m/nofp/libnosys.a(read.o)
 .debug_str     0x00022699      0x115 /usr/lib/gcc/arm-none-eabi/13.2.1/../../../arm-none-eabi/lib/thumb/v7-m/nofp/libnosys.a(sbrk.o)
 .debug_str     0x00022699      0x18e /usr/lib/gcc/arm-none-eabi/13.2.1/../../../arm-none-eabi/lib/thumb/v7-m/nofp/libnosys.a(write.o)

.comment        0x00000000       0x26
 .comment       0x00000000       0x26 ./output/tasks.o
                                 0x27 (size before relaxing)
 .comment       0x00000026       0x27 ./output/list.o
 .comment       0x00000026       0x27 ./output/queue.o
 .comment       0x00000026       0x27 ./output/heap_4.o
 .comment       0x00000026       0x27 ./output/port.o
 .comment       0x00000026       0x27 ./output/main.o
 .comment       0x00000026       0x27 ./output/startup_gcc.o
 .comment       0x00000026       0x27 ./output/IntTimer.o
 .comment       0x00000026       0x27 ./output/printf-stdarg.o
 .comment       0x00000026       0x27 /usr/lib/gcc/arm-none-eabi/13.2.1/../../../arm-none-eabi/lib/thumb/v7-m/nofp/libg_nano.a(libc_a-impure.o)
 .comment       0x00000026       0x27 /usr/lib/gcc/arm-none-eabi/13.2.1/../../../arm-none-eabi/lib/thumb/v7-m/nofp/libg_nano.a(libc_a-memset.o)
 .comment       0x00000026       0x27 /usr/lib/gcc/arm-none-eabi/13.2.1/../../../arm-none-eabi/lib/thumb/v7-m/nofp/libg_nano.a(libc_a-fflush.o)
 .comment       0x00000026       0x27 /usr/lib/gcc/arm-none-eabi/13.2.1/../../../arm-none-eabi/lib/thumb/v7-m/nofp/libg_nano.a(libc_a-freer.o)
 .comment       0x00000026       0x27 /usr/lib/gcc/arm-none-eabi/13.2.1/../../../arm-none-eabi/lib/thumb/v7-m/nofp/libg_nano.a(libc_a-fwalk.o)
 .comment       0x00000026       0x27 /usr/lib/gcc/arm-none-eabi/13.2.1/../../../arm-none-eabi/lib/thumb/v7-m/nofp/libg_nano.a(libc_a-mlock.o)
 .comment       0x00000026       0x27 /usr/lib/gcc/arm-none-eabi/13.2.1/../../../arm-none-eabi/lib/thumb/v7-m/nofp/libg_nano.a(libc_a-findfp.o)
 .comment       0x00000026       0x27 /usr/lib/gcc/arm-none-eabi/13.2.1/../../../arm-none-eabi/lib/thumb/v7-m/nofp/libg_nano.a(libc_a-mallocr.o)
 .comment       0x00000026       0x27 /usr/lib/gcc/arm-none-eabi/13.2.1/../../../arm-none-eabi/lib/thumb/v7-m/nofp/libg_nano.a(libc_a-sbrkr.o)
 .comment       0x00000026       0x27 /usr/lib/gcc/arm-none-eabi/13.2.1/../../../arm-none-eabi/lib/thumb/v7-m/nofp/libg_nano.a(libc_a-stdio.o)
 .comment       0x00000026       0x27 /usr/lib/gcc/arm-none-eabi/13.2.1/../../../arm-none-eabi/lib/thumb/v7-m/nofp/libg_nano.a(libc_a-closer.o)
 .comment       0x00000026       0x27 /usr/lib/gcc/arm-none-eabi/13.2.1/../../../arm-none-eabi/lib/thumb/v7-m/nofp/libg_nano.a(libc_a-readr.o)
 .comment       0x00000026       0x27 /usr/lib/gcc/arm-none-eabi/13.2.1/../../../arm-none-eabi/lib/thumb/v7-m/nofp/libg_nano.a(libc_a-reent.o)
 .comment       0x00000026       0x27 /usr/lib/gcc/arm-none-eabi/13.2.1/../../../arm-none-eabi/lib/thumb/v7-m/nofp/libg_nano.a(libc_a-lseekr.o)
 .comment       0x00000026       0x27 /usr/lib/gcc/arm-none-eabi/13.2.1/../../../arm-none-eabi/lib/thumb/v7-m/nofp/libg_nano.a(libc_a-writer.o)
 .comment       0x00000026       0x27 /usr/lib/gcc/arm-none-eabi/13.2.1/../../../arm-none-eabi/lib/thumb/v7-m/nofp/libnosys.a(close.o)
 .comment       0x00000026       0x27 /usr/lib/gcc/arm-none-eabi/13.2.1/../../../arm-none-eabi/lib/thumb/v7-m/nofp/libnosys.a(lseek.o)
 .comment       0x00000026       0x27 /usr/lib/gcc/arm-none-eabi/13.2.1/../../../arm-none-eabi/lib/thumb/v7-m/nofp/libnosys.a(read.o)
 .comment       0x00000026       0x27 /usr/lib/gcc/arm-none-eabi/13.2.1/../../../arm-none-eabi/lib/thumb/v7-m/nofp/libnosys.a(sbrk.o)
 .comment       0x00000026       0x27 /usr/lib/gcc/arm-none-eabi/13.2.1/../../../arm-none-eabi/lib/thumb/v7-m/nofp/libnosys.a(write.o)

.ARM.attributes
                0x00000000       0x2b
 .ARM.attributes
                0x00000000       0x2d ./output/tasks.o
 .ARM.attributes
                0x0000002d       0x2d ./output/list.o
 .ARM.attributes
                0x0000005a       0x2d ./output/queue.o
 .ARM.attributes
                0x00000087       0x2d ./output/heap_4.o
 .ARM.attributes
                0x000000b4       0x2d ./output/port.o
 .ARM.attributes
                0x000000e1       0x2d ./output/main.o
 .ARM.attributes
                0x0000010e       0x2d ./output/startup_gcc.o
 .ARM.attributes
                0x0000013b       0x2d ./output/IntTimer.o
 .ARM.attributes
                0x00000168       0x2d ./output/printf-stdarg.o
 .ARM.attributes
                0x00000195       0x2d /usr/lib/gcc/arm-none-eabi/13.2.1/../../../arm-none-eabi/lib/thumb/v7-m/nofp/libg_nano.a(libc_a-impure.o)
 .ARM.attributes
                0x000001c2       0x2d /usr/lib/gcc/arm-none-eabi/13.2.1/../../../arm-none-eabi/lib/thumb/v7-m/nofp/libg_nano.a(libc_a-memset.o)
 .ARM.attributes
                0x000001ef       0x2d /usr/lib/gcc/arm-none-eabi/13.2.1/../../../arm-none-eabi/lib/thumb/v7-m/nofp/libg_nano.a(libc_a-fflush.o)
 .ARM.attributes
                0x0000021c       0x2d /usr/lib/gcc/arm-none-eabi/13.2.1/../../../arm-none-eabi/lib/thumb/v7-m/nofp/libg_nano.a(libc_a-freer.o)
 .ARM.attributes
                0x00000249       0x2d /usr/lib/gcc/arm-none-eabi/13.2.1/../../../arm-none-eabi/lib/thumb/v7-m/nofp/libg_nano.a(libc_a-fwalk.o)
 .ARM.attributes
                0x00000276       0x1b /usr/lib/gcc/arm-none-eabi/13.2.1/../../../arm-none-eabi/lib/thumb/v7-m/nofp/libg_nano.a(libc_a-memcpy.o)
 .ARM.attributes
                0x00000291       0x2d /usr/lib/gcc/arm-none-eabi/13.2.1/../../../arm-none-eabi/lib/thumb/v7-m/nofp/libg_nano.a(libc_a-mlock.o)
 .ARM.attributes
                0x000002be       0x2d /usr/lib/gcc/arm-none-eabi/13.2.1/../../../arm-none-eabi/lib/thumb/v7-m/nofp/libg_nano.a(libc_a-findfp.o)
 .ARM.attributes
                0x000002eb       0x2d /usr/lib/gcc/arm-none-eabi/13.2.1/../../../arm-none-eabi/lib/thumb/v7-m/nofp/libg_nano.a(libc_a-mallocr.o)
 .ARM.attributes
                0x00000318       0x2d /usr/lib/gcc/arm-none-eabi/13.2.1/../../../arm-none-eabi/lib/thumb/v7-m/nofp/libg_nano.a(libc_a-sbrkr.o)
 .ARM.attributes
                0x00000345       0x2d /usr/lib/gcc/arm-none-eabi/13.2.1/../../../arm-none-eabi/lib/thumb/v7-m/nofp/libg_nano.a(libc_a-stdio.o)
 .ARM.attributes
                0x00000372       0x2d /usr/lib/gcc/arm-none-eabi/13.2.1/../../../arm-none-eabi/lib/thumb/v7-m/nofp/libg_nano.a(libc_a-closer.o)
 .ARM.attributes
                0x0000039f       0x2d /usr/lib/gcc/arm-none-eabi/13.2.1/../../../arm-none-eabi/lib/thumb/v7-m/nofp/libg_nano.a(libc_a-readr.o)
 .ARM.attributes
                0x000003cc       0x2d /usr/lib/gcc/arm-none-eabi/13.2.1/../../../arm-none-eabi/lib/thumb/v7-m/nofp/libg_nano.a(libc_a-reent.o)
 .ARM.attributes
                0x000003f9       0x2d /usr/lib/gcc/arm-none-eabi/13.2.1/../../../arm-none-eabi/lib/thumb/v7-m/nofp/libg_nano.a(libc_a-lseekr.o)
 .ARM.attributes
                0x00000426       0x2d /usr/lib/gcc/arm-none-eabi/13.2.1/../../../arm-none-eabi/lib/thumb/v7-m/nofp/libg_nano.a(libc_a-writer.o)
 .ARM.attributes
                0x00000453       0x2d /usr/lib/gcc/arm-none-eabi/13.2.1/../../../arm-none-eabi/lib/thumb/v7-m/nofp/libnosys.a(close.o)
 .ARM.attributes
                0x00000480       0x2d /usr/lib/gcc/arm-none-eabi/13.2.1/../../../arm-none-eabi/lib/thumb/v7-m/nofp/libnosys.a(lseek.o)
 .ARM.attributes
                0x000004ad       0x2d /usr/lib/gcc/arm-none-eabi/13.2.1/../../../arm-none-eabi/lib/thumb/v7-m/nofp/libnosys.a(read.o)
 .ARM.attributes
                0x000004da       0x2d /usr/lib/gcc/arm-none-eabi/13.2.1/../../../arm-none-eabi/lib/thumb/v7-m/nofp/libnosys.a(sbrk.o)
 .ARM.attributes
                0x00000507       0x2d /usr/lib/gcc/arm-none-eabi/13.2.1/../../../arm-none-eabi/lib/thumb/v7-m/nofp/libnosys.a(write.o)

.debug_frame    0x00000000     0x1370
 .debug_frame   0x00000000      0x630 ./output/tasks.o
 .debug_frame   0x00000630       0x6c ./output/list.o
 .debug_frame   0x0000069c      0x3f0 ./output/queue.o
 .debug_frame   0x00000a8c       0xe0 ./output/heap_4.o
 .debug_frame   0x00000b6c       0xd8 ./output/port.o
 .debug_frame   0x00000c44       0x6c ./output/main.o
 .debug_frame   0x00000cb0       0x58 ./output/startup_gcc.o
 .debug_frame   0x00000d08       0x38 ./output/IntTimer.o
 .debug_frame   0x00000d40      0x130 ./output/printf-stdarg.o
 .debug_frame   0x00000e70       0x2c /usr/lib/gcc/arm-none-eabi/13.2.1/../../../arm-none-eabi/lib/thumb/v7-m/nofp/libg_nano.a(libc_a-memset.o)
 .debug_frame   0x00000e9c       0x8c /usr/lib/gcc/arm-none-eabi/13.2.1/../../../arm-none-eabi/lib/thumb/v7-m/nofp/libg_nano.a(libc_a-fflush.o)
 .debug_frame   0x00000f28       0x58 /usr/lib/gcc/arm-none-eabi/13.2.1/../../../arm-none-eabi/lib/thumb/v7-m/nofp/libg_nano.a(libc_a-freer.o)
 .debug_frame   0x00000f80       0x34 /usr/lib/gcc/arm-none-eabi/13.2.1/../../../arm-none-eabi/lib/thumb/v7-m/nofp/libg_nano.a(libc_a-fwalk.o)
 .debug_frame   0x00000fb4       0x30 /usr/lib/gcc/arm-none-eabi/13.2.1/../../../arm-none-eabi/lib/thumb/v7-m/nofp/libg_nano.a(libc_a-mlock.o)
 .debug_frame   0x00000fe4       0xf4 /usr/lib/gcc/arm-none-eabi/13.2.1/../../../arm-none-eabi/lib/thumb/v7-m/nofp/libg_nano.a(libc_a-findfp.o)
 .debug_frame   0x000010d8       0x50 /usr/lib/gcc/arm-none-eabi/13.2.1/../../../arm-none-eabi/lib/thumb/v7-m/nofp/libg_nano.a(libc_a-mallocr.o)
 .debug_frame   0x00001128       0x2c /usr/lib/gcc/arm-none-eabi/13.2.1/../../../arm-none-eabi/lib/thumb/v7-m/nofp/libg_nano.a(libc_a-sbrkr.o)
 .debug_frame   0x00001154       0x8c /usr/lib/gcc/arm-none-eabi/13.2.1/../../../arm-none-eabi/lib/thumb/v7-m/nofp/libg_nano.a(libc_a-stdio.o)
 .debug_frame   0x000011e0       0x2c /usr/lib/gcc/arm-none-eabi/13.2.1/../../../arm-none-eabi/lib/thumb/v7-m/nofp/libg_nano.a(libc_a-closer.o)
 .debug_frame   0x0000120c       0x2c /usr/lib/gcc/arm-none-eabi/13.2.1/../../../arm-none-eabi/lib/thumb/v7-m/nofp/libg_nano.a(libc_a-readr.o)
 .debug_frame   0x00001238       0x40 /usr/lib/gcc/arm-none-eabi/13.2.1/../../../arm-none-eabi/lib/thumb/v7-m/nofp/libg_nano.a(libc_a-reent.o)
 .debug_frame   0x00001278       0x2c /usr/lib/gcc/arm-none-eabi/13.2.1/../../../arm-none-eabi/lib/thumb/v7-m/nofp/libg_nano.a(libc_a-lseekr.o)
 .debug_frame   0x000012a4       0x2c /usr/lib/gcc/arm-none-eabi/13.2.1/../../../arm-none-eabi/lib/thumb/v7-m/nofp/libg_nano.a(libc_a-writer.o)
 .debug_frame   0x000012d0       0x20 /usr/lib/gcc/arm-none-eabi/13.2.1/../../../arm-none-eabi/lib/thumb/v7-m/nofp/libnosys.a(close.o)
 .debug_frame   0x000012f0       0x20 /usr/lib/gcc/arm-none-eabi/13.2.1/../../../arm-none-eabi/lib/thumb/v7-m/nofp/libnosys.a(lseek.o)
 .debug_frame   0x00001310       0x20 /usr/lib/gcc/arm-none-eabi/13.2.1/../../../arm-none-eabi/lib/thumb/v7-m/nofp/libnosys.a(read.o)
 .debug_frame   0x00001330       0x20 /usr/lib/gcc/arm-none-eabi/13.2.1/../../../arm-none-eabi/lib/thumb/v7-m/nofp/libnosys.a(sbrk.o)
 .debug_frame   0x00001350       0x20 /usr/lib/gcc/arm-none-eabi/13.2.1/../../../arm-none-eabi/lib/thumb/v7-m/nofp/libnosys.a(write.o)

.debug_line_str
                0x00000000       0x95
 .debug_line_str
                0x00000000       0x95 /usr/lib/gcc/arm-none-eabi/13.2.1/../../../arm-none-eabi/lib/thumb/v7-m/nofp/libg_nano.a(libc_a-memcpy.o)
