Archive member included to satisfy reference by file (symbol)

/usr/lib/gcc/arm-none-eabi/13.2.1/../../../arm-none-eabi/lib/thumb/v7-m/nofp/libg_nano.a(libc_a-impure.o)
                              ./output/startup_gcc.o (_impure_ptr)
/usr/lib/gcc/arm-none-eabi/13.2.1/../../../arm-none-eabi/lib/thumb/v7-m/nofp/libg_nano.a(libc_a-memset.o)
                              ./output/tasks.o (memset)
/usr/lib/gcc/arm-none-eabi/13.2.1/../../../arm-none-eabi/lib/thumb/v7-m/nofp/libg_nano.a(libc_a-fflush.o)
                              ./output/startup_gcc.o (fflush)
/usr/lib/gcc/arm-none-eabi/13.2.1/../../../arm-none-eabi/lib/thumb/v7-m/nofp/libg_nano.a(libc_a-freer.o)
                              /usr/lib/gcc/arm-none-eabi/13.2.1/../../../arm-none-eabi/lib/thumb/v7-m/nofp/libg_nano.a(libc_a-fflush.o) (_free_r)
/usr/lib/gcc/arm-none-eabi/13.2.1/../../../arm-none-eabi/lib/thumb/v7-m/nofp/libg_nano.a(libc_a-fwalk.o)
                              /usr/lib/gcc/arm-none-eabi/13.2.1/../../../arm-none-eabi/lib/thumb/v7-m/nofp/libg_nano.a(libc_a-fflush.o) (_fwalk_sglue)
/usr/lib/gcc/arm-none-eabi/13.2.1/../../../arm-none-eabi/lib/thumb/v7-m/nofp/libg_nano.a(libc_a-memcpy.o)
                              ./output/queue.o (memcpy)
/usr/lib/gcc/arm-none-eabi/13.2.1/../../../arm-none-eabi/lib/thumb/v7-m/nofp/libg_nano.a(libc_a-mlock.o)
                              /usr/lib/gcc/arm-none-eabi/13.2.1/../../../arm-none-eabi/lib/thumb/v7-m/nofp/libg_nano.a(libc_a-freer.o) (__malloc_lock)
/usr/lib/gcc/arm-none-eabi/13.2.1/../../../arm-none-eabi/lib/thumb/v7-m/nofp/libg_nano.a(libc_a-findfp.o)
                              /usr/lib/gcc/arm-none-eabi/13.2.1/../../../arm-none-eabi/lib/thumb/v7-m/nofp/libg_nano.a(libc_a-fflush.o) (__sinit)
/usr/lib/gcc/arm-none-eabi/13.2.1/../../../arm-none-eabi/lib/thumb/v7-m/nofp/libg_nano.a(libc_a-mallocr.o)
                              /usr/lib/gcc/arm-none-eabi/13.2.1/../../../arm-none-eabi/lib/thumb/v7-m/nofp/libg_nano.a(libc_a-findfp.o) (_malloc_r)
/usr/lib/gcc/arm-none-eabi/13.2.1/../../../arm-none-eabi/lib/thumb/v7-m/nofp/libg_nano.a(libc_a-sbrkr.o)
                              /usr/lib/gcc/arm-none-eabi/13.2.1/../../../arm-none-eabi/lib/thumb/v7-m/nofp/libg_nano.a(libc_a-mallocr.o) (_sbrk_r)
/usr/lib/gcc/arm-none-eabi/13.2.1/../../../arm-none-eabi/lib/thumb/v7-m/nofp/libg_nano.a(libc_a-stdio.o)
                              /usr/lib/gcc/arm-none-eabi/13.2.1/../../../arm-none-eabi/lib/thumb/v7-m/nofp/libg_nano.a(libc_a-findfp.o) (__sread)
/usr/lib/gcc/arm-none-eabi/13.2.1/../../../arm-none-eabi/lib/thumb/v7-m/nofp/libg_nano.a(libc_a-closer.o)
                              /usr/lib/gcc/arm-none-eabi/13.2.1/../../../arm-none-eabi/lib/thumb/v7-m/nofp/libg_nano.a(libc_a-stdio.o) (_close_r)
/usr/lib/gcc/arm-none-eabi/13.2.1/../../../arm-none-eabi/lib/thumb/v7-m/nofp/libg_nano.a(libc_a-readr.o)
                              /usr/lib/gcc/arm-none-eabi/13.2.1/../../../arm-none-eabi/lib/thumb/v7-m/nofp/libg_nano.a(libc_a-stdio.o) (_read_r)
/usr/lib/gcc/arm-none-eabi/13.2.1/../../../arm-none-eabi/lib/thumb/v7-m/nofp/libg_nano.a(libc_a-reent.o)
                              /usr/lib/gcc/arm-none-eabi/13.2.1/../../../arm-none-eabi/lib/thumb/v7-m/nofp/libg_nano.a(libc_a-sbrkr.o) (errno)
/usr/lib/gcc/arm-none-eabi/13.2.1/../../../arm-none-eabi/lib/thumb/v7-m/nofp/libg_nano.a(libc_a-lseekr.o)
                              /usr/lib/gcc/arm-none-eabi/13.2.1/../../../arm-none-eabi/lib/thumb/v7-m/nofp/libg_nano.a(libc_a-stdio.o) (_lseek_r)
/usr/lib/gcc/arm-none-eabi/13.2.1/../../../arm-none-eabi/lib/thumb/v7-m/nofp/libg_nano.a(libc_a-writer.o)
                              /usr/lib/gcc/arm-none-eabi/13.2.1/../../../arm-none-eabi/lib/thumb/v7-m/nofp/libg_nano.a(libc_a-stdio.o) (_write_r)
/usr/lib/gcc/arm-none-eabi/13.2.1/../../../arm-none-eabi/lib/thumb/v7-m/nofp/libnosys.a(close.o)
                              /usr/lib/gcc/arm-none-eabi/13.2.1/../../../arm-none-eabi/lib/thumb/v7-m/nofp/libg_nano.a(libc_a-closer.o) (_close)
/usr/lib/gcc/arm-none-eabi/13.2.1/../../../arm-none-eabi/lib/thumb/v7-m/nofp/libnosys.a(lseek.o)
                              /usr/lib/gcc/arm-none-eabi/13.2.1/../../../arm-none-eabi/lib/thumb/v7-m/nofp/libg_nano.a(libc_a-lseekr.o) (_lseek)
/usr/lib/gcc/arm-none-eabi/13.2.1/../../../arm-none-eabi/lib/thumb/v7-m/nofp/libnosys.a(read.o)
                              /usr/lib/gcc/arm-none-eabi/13.2.1/../../../arm-none-eabi/lib/thumb/v7-m/nofp/libg_nano.a(libc_a-readr.o) (_read)
/usr/lib/gcc/arm-none-eabi/13.2.1/../../../arm-none-eabi/lib/thumb/v7-m/nofp/libnosys.a(sbrk.o)
                              /usr/lib/gcc/arm-none-eabi/13.2.1/../../../arm-none-eabi/lib/thumb/v7-m/nofp/libg_nano.a(libc_a-sbrkr.o) (_sbrk)
/usr/lib/gcc/arm-none-eabi/13.2.1/../../../arm-none-eabi/lib/thumb/v7-m/nofp/libnosys.a(write.o)
                              /usr/lib/gcc/arm-none-eabi/13.2.1/../../../arm-none-eabi/lib/thumb/v7-m/nofp/libg_nano.a(libc_a-writer.o) (_write)

Discarded input sections

[...]
Memory Configuration

Name             Origin             Length             Attributes
FLASH            0x00000000         0x00400000         xr
RAM              0x20000000         0x00400000         rw
*default*        0x00000000         0xffffffff

Linker script and memory map

LOAD ./output/tasks.o
LOAD ./output/list.o
LOAD ./output/queue.o
LOAD ./output/event_groups.o
LOAD ./output/stream_buffer.o
LOAD ./output/heap_4.o
LOAD ./output/port.o
LOAD ./output/timers.o
LOAD ./output/main.o
LOAD ./output/startup_gcc.o
LOAD ./output/printf-stdarg.o
START GROUP
LOAD /usr/lib/gcc/arm-none-eabi/13.2.1/thumb/v7-m/nofp/libgcc.a
LOAD /usr/lib/gcc/arm-none-eabi/13.2.1/../../../arm-none-eabi/lib/thumb/v7-m/nofp/libg_nano.a
LOAD /usr/lib/gcc/arm-none-eabi/13.2.1/../../../arm-none-eabi/lib/thumb/v7-m/nofp/libc_nano.a
END GROUP
START GROUP
LOAD /usr/lib/gcc/arm-none-eabi/13.2.1/thumb/v7-m/nofp/libgcc.a
LOAD /usr/lib/gcc/arm-none-eabi/13.2.1/../../../arm-none-eabi/lib/thumb/v7-m/nofp/libc_nano.a
LOAD /usr/lib/gcc/arm-none-eabi/13.2.1/../../../arm-none-eabi/lib/thumb/v7-m/nofp/libnosys.a
END GROUP
START GROUP
LOAD /usr/lib/gcc/arm-none-eabi/13.2.1/thumb/v7-m/nofp/libgcc.a
LOAD /usr/lib/gcc/arm-none-eabi/13.2.1/../../../arm-none-eabi/lib/thumb/v7-m/nofp/libc_nano.a
LOAD /usr/lib/gcc/arm-none-eabi/13.2.1/../../../arm-none-eabi/lib/thumb/v7-m/nofp/libnosys.a
END GROUP
                0x00000008                        _Min_Heap_Size = 0x8
                0x00000400                        _Min_Stack_Size = 0x400
                0x20400000                        _estack = (ORIGIN (RAM) + LENGTH (RAM))

.isr_vector     0x00000000       0x78
                0x00000000                        __vector_table = .
 *(.isr_vector)
 .isr_vector    0x00000000       0x78 ./output/startup_gcc.o
                0x00000000                isr_vector
                0x00000078                        . = ALIGN (0x4)

.text           0x00000078      0xa04
 *(.text)
 .text          0x00000078       0xa0 /usr/lib/gcc/arm-none-eabi/13.2.1/../../../arm-none-eabi/lib/thumb/v7-m/nofp/libg_nano.a(libc_a-memset.o)
                0x00000078                memset
 .text          0x00000118      0x198 /usr/lib/gcc/arm-none-eabi/13.2.1/../../../arm-none-eabi/lib/thumb/v7-m/nofp/libg_nano.a(libc_a-fflush.o)
                0x00000118                __sflush_r
                0x0000022c                _fflush_r
                0x00000264                fflush
 .text          0x000002b0       0xbc /usr/lib/gcc/arm-none-eabi/13.2.1/../../../arm-none-eabi/lib/thumb/v7-m/nofp/libg_nano.a(libc_a-freer.o)
                0x000002b0                _free_r
 .text          0x0000036c       0x44 /usr/lib/gcc/arm-none-eabi/13.2.1/../../../arm-none-eabi/lib/thumb/v7-m/nofp/libg_nano.a(libc_a-fwalk.o)
                0x0000036c                _fwalk_sglue
 .text          0x000003b0       0xec /usr/lib/gcc/arm-none-eabi/13.2.1/../../../arm-none-eabi/lib/thumb/v7-m/nofp/libg_nano.a(libc_a-memcpy.o)
                0x000003b0                memcpy
 .text          0x0000049c        0x8 /usr/lib/gcc/arm-none-eabi/13.2.1/../../../arm-none-eabi/lib/thumb/v7-m/nofp/libg_nano.a(libc_a-mlock.o)
                0x0000049c                __malloc_lock
                0x000004a0                __malloc_unlock
 .text          0x000004a4      0x224 /usr/lib/gcc/arm-none-eabi/13.2.1/../../../arm-none-eabi/lib/thumb/v7-m/nofp/libg_nano.a(libc_a-findfp.o)
                0x000005d4                __sfp
                0x00000678                __sinit
                0x00000698                __sfp_lock_acquire
                0x0000069c                __sfp_lock_release
                0x000006a0                __fp_lock_all
                0x000006b4                __fp_unlock_all
 .text          0x000006c8      0x14c /usr/lib/gcc/arm-none-eabi/13.2.1/../../../arm-none-eabi/lib/thumb/v7-m/nofp/libg_nano.a(libc_a-mallocr.o)
                0x00000714                _malloc_r
 .text          0x00000814       0x24 /usr/lib/gcc/arm-none-eabi/13.2.1/../../../arm-none-eabi/lib/thumb/v7-m/nofp/libg_nano.a(libc_a-sbrkr.o)
                0x00000814                _sbrk_r
 .text          0x00000838       0x94 /usr/lib/gcc/arm-none-eabi/13.2.1/../../../arm-none-eabi/lib/thumb/v7-m/nofp/libg_nano.a(libc_a-stdio.o)
                0x00000838                __sread
                0x0000085c                __seofread
                0x00000860                __swrite
                0x000008a0                __sseek
                0x000008c4                __sclose
 .text          0x000008cc       0x24 /usr/lib/gcc/arm-none-eabi/13.2.1/../../../arm-none-eabi/lib/thumb/v7-m/nofp/libg_nano.a(libc_a-closer.o)
                0x000008cc                _close_r
 .text          0x000008f0       0x2c /usr/lib/gcc/arm-none-eabi/13.2.1/../../../arm-none-eabi/lib/thumb/v7-m/nofp/libg_nano.a(libc_a-readr.o)
                0x000008f0                _read_r
 .text          0x0000091c       0x2c /usr/lib/gcc/arm-none-eabi/13.2.1/../../../arm-none-eabi/lib/thumb/v7-m/nofp/libg_nano.a(libc_a-lseekr.o)
                0x0000091c                _lseek_r
 .text          0x00000948       0x2c /usr/lib/gcc/arm-none-eabi/13.2.1/../../../arm-none-eabi/lib/thumb/v7-m/nofp/libg_nano.a(libc_a-writer.o)
                0x00000948                _write_r
 .text          0x00000974       0x10 /usr/lib/gcc/arm-none-eabi/13.2.1/../../../arm-none-eabi/lib/thumb/v7-m/nofp/libnosys.a(close.o)
                0x00000974                _close
 .text          0x00000984       0x10 /usr/lib/gcc/arm-none-eabi/13.2.1/../../../arm-none-eabi/lib/thumb/v7-m/nofp/libnosys.a(lseek.o)
                0x00000984                _lseek
 .text          0x00000994       0x10 /usr/lib/gcc/arm-none-eabi/13.2.1/../../../arm-none-eabi/lib/thumb/v7-m/nofp/libnosys.a(read.o)
                0x00000994                _read
 .text          0x000009a4       0x1c /usr/lib/gcc/arm-none-eabi/13.2.1/../../../arm-none-eabi/lib/thumb/v7-m/nofp/libnosys.a(sbrk.o)
                0x000009a4                _sbrk
 .text          0x000009c0       0x10 /usr/lib/gcc/arm-none-eabi/13.2.1/../../../arm-none-eabi/lib/thumb/v7-m/nofp/libnosys.a(write.o)
                0x000009c0                _write
 *(.rodata*)
 .rodata.vTaskStartScheduler.str1.1
                0x000009d0       0xa6 ./output/tasks.o
                                  0x5 (size before relaxing)
 *fill*         0x00000a76        0x2 
 .rodata.uxTopUsedPriority
                0x00000a78        0x4 ./output/tasks.o
 .rodata.prvCheckForValidListAndQueue.str1.1
                0x00000a7c        0x5 ./output/timers.o
 .rodata.xTimerCreateTimerTask.str1.1
                0x00000a7c        0x8 ./output/timers.o
 .rodata.TaskA.str1.1
                0x00000a7c        0x8 ./output/main.o
 .rodata.TaskB.str1.1
                0x00000a7c        0x8 ./output/main.o
 .rodata.TaskC.str1.1
                0x00000a7c        0x8 ./output/main.o
 .rodata.TaskD.str1.1
                0x00000a7c        0x8 ./output/main.o
 .rodata.main.str1.1
                0x00000a7c       0x37 ./output/main.o
 .rodata.prvGetRegistersFromStack.str1.1
                0x00000a7c       0x36 ./output/startup_gcc.o
 .rodata.tiny_print.str1.1
                0x00000a7c        0x7 ./output/printf-stdarg.o
 *(.constdata*)
                0x00000a7c                        _etext = .
                0x00000a7c                        _sidata = .

.glue_7         0x00000a7c        0x0
 .glue_7        0x00000a7c        0x0 linker stubs

.glue_7t        0x00000a7c        0x0
 .glue_7t       0x00000a7c        0x0 linker stubs

.vfp11_veneer   0x00000a7c        0x0
 .vfp11_veneer  0x00000a7c        0x0 linker stubs

.v4_bx          0x00000a7c        0x0
 .v4_bx         0x00000a7c        0x0 linker stubs

.text.prvAddCurrentTaskToDelayedList
                0x00000a7c       0xb4
 .text.prvAddCurrentTaskToDelayedList
                0x00000a7c       0xb4 ./output/tasks.o

.text.prvResetNextTaskUnblockTime
                0x00000b30       0x24
 .text.prvResetNextTaskUnblockTime
                0x00000b30       0x24 ./output/tasks.o

.text.prvCheckTasksWaitingTermination
                0x00000b54       0x48
 .text.prvCheckTasksWaitingTermination
                0x00000b54       0x48 ./output/tasks.o

.text.prvIdleTask
                0x00000b9c        0x8
 .text.prvIdleTask
                0x00000b9c        0x8 ./output/tasks.o

.text.xTaskCreate
                0x00000ba4      0x1c0
 .text.xTaskCreate
                0x00000ba4      0x1c0 ./output/tasks.o
                0x00000ba4                xTaskCreate

.text.vTaskStartScheduler
                0x00000d64       0x7c
 .text.vTaskStartScheduler
                0x00000d64       0x7c ./output/tasks.o
                0x00000d64                vTaskStartScheduler

.text.vTaskSuspendAll
                0x00000de0       0x10
 .text.vTaskSuspendAll
                0x00000de0       0x10 ./output/tasks.o
                0x00000de0                vTaskSuspendAll

.text.xTaskGetTickCount
                0x00000df0        0xc
 .text.xTaskGetTickCount
                0x00000df0        0xc ./output/tasks.o
                0x00000df0                xTaskGetTickCount

.text.uxTaskGetNumberOfTasks
                0x00000dfc        0xc
 .text.uxTaskGetNumberOfTasks
                0x00000dfc        0xc ./output/tasks.o
                0x00000dfc                uxTaskGetNumberOfTasks

.text.xTaskIncrementTick
                0x00000e08      0x178
 .text.xTaskIncrementTick
                0x00000e08      0x178 ./output/tasks.o
                0x00000e08                xTaskIncrementTick

.text.xTaskResumeAll
                0x00000f80      0x14c
 .text.xTaskResumeAll
                0x00000f80      0x14c ./output/tasks.o
                0x00000f80                xTaskResumeAll

.text.vTaskDelay
                0x000010cc       0x2e
 .text.vTaskDelay
                0x000010cc       0x2e ./output/tasks.o
                0x000010cc                vTaskDelay

.text.vTaskSwitchContext
                0x000010fc       0x64
 .text.vTaskSwitchContext
                0x000010fc       0x64 ./output/tasks.o
                0x000010fc                vTaskSwitchContext

.text.vTaskPlaceOnEventList
                0x00001160       0x20
 .text.vTaskPlaceOnEventList
                0x00001160       0x20 ./output/tasks.o
                0x00001160                vTaskPlaceOnEventList

.text.vTaskPlaceOnEventListRestricted
                0x00001180       0x44
 .text.vTaskPlaceOnEventListRestricted
                0x00001180       0x44 ./output/tasks.o
                0x00001180                vTaskPlaceOnEventListRestricted

.text.xTaskRemoveFromEventList
                0x000011c4       0xb8
 .text.xTaskRemoveFromEventList
                0x000011c4       0xb8 ./output/tasks.o
                0x000011c4                xTaskRemoveFromEventList

.text.vTaskInternalSetTimeOutState
                0x0000127c       0x18
 .text.vTaskInternalSetTimeOutState
                0x0000127c       0x18 ./output/tasks.o
                0x0000127c                vTaskInternalSetTimeOutState

.text.xTaskCheckForTimeOut
                0x00001294       0x68
 .text.xTaskCheckForTimeOut
                0x00001294       0x68 ./output/tasks.o
                0x00001294                xTaskCheckForTimeOut

.text.vTaskMissedYield
                0x000012fc        0xc
 .text.vTaskMissedYield
                0x000012fc        0xc ./output/tasks.o
                0x000012fc                vTaskMissedYield

.text.xTaskPriorityInherit
                0x00001308       0xa0
 .text.xTaskPriorityInherit
                0x00001308       0xa0 ./output/tasks.o
                0x00001308                xTaskPriorityInherit

.text.xTaskPriorityDisinherit
                0x000013a8       0x74
 .text.xTaskPriorityDisinherit
                0x000013a8       0x74 ./output/tasks.o
                0x000013a8                xTaskPriorityDisinherit

.text.vTaskPriorityDisinheritAfterTimeout
                0x0000141c       0x84
 .text.vTaskPriorityDisinheritAfterTimeout
                0x0000141c       0x84 ./output/tasks.o
                0x0000141c                vTaskPriorityDisinheritAfterTimeout

.text.pvTaskIncrementMutexHeldCount
                0x000014a0       0x14
 .text.pvTaskIncrementMutexHeldCount
                0x000014a0       0x14 ./output/tasks.o
                0x000014a0                pvTaskIncrementMutexHeldCount

.iplt           0x000014b4        0x0
 .iplt          0x000014b4        0x0 ./output/tasks.o

.text.vListInitialise
                0x000014b4       0x16
 .text.vListInitialise
                0x000014b4       0x16 ./output/list.o
                0x000014b4                vListInitialise

.text.vListInitialiseItem
                0x000014ca        0x6
 .text.vListInitialiseItem
                0x000014ca        0x6 ./output/list.o
                0x000014ca                vListInitialiseItem

.text.vListInsert
                0x000014d0       0x2e
 .text.vListInsert
                0x000014d0       0x2e ./output/list.o
                0x000014d0                vListInsert

.text.uxListRemove
                0x000014fe       0x1e
 .text.uxListRemove
                0x000014fe       0x1e ./output/list.o
                0x000014fe                uxListRemove

.text.prvIsQueueEmpty
                0x0000151c       0x16
 .text.prvIsQueueEmpty
                0x0000151c       0x16 ./output/queue.o

.text.prvCopyDataToQueue
                0x00001532       0x66
 .text.prvCopyDataToQueue
                0x00001532       0x66 ./output/queue.o

.text.prvCopyDataFromQueue
                0x00001598       0x28
 .text.prvCopyDataFromQueue
                0x00001598       0x28 ./output/queue.o

.text.prvNotifyQueueSetContainer
                0x000015c0       0x52
 .text.prvNotifyQueueSetContainer
                0x000015c0       0x52 ./output/queue.o

.text.prvUnlockQueue
                0x00001612       0x78
 .text.prvUnlockQueue
                0x00001612       0x78 ./output/queue.o

.text.xQueueGenericReset
                0x0000168a       0x7a
 .text.xQueueGenericReset
                0x0000168a       0x7a ./output/queue.o
                0x0000168a                xQueueGenericReset

.text.xQueueGenericCreate
                0x00001704       0x48
 .text.xQueueGenericCreate
                0x00001704       0x48 ./output/queue.o
                0x00001704                xQueueGenericCreate

.text.xQueueCreateCountingSemaphore
                0x0000174c       0x1c
 .text.xQueueCreateCountingSemaphore
                0x0000174c       0x1c ./output/queue.o
                0x0000174c                xQueueCreateCountingSemaphore

.text.xQueueGenericSend
                0x00001768      0x10e
 .text.xQueueGenericSend
                0x00001768      0x10e ./output/queue.o
                0x00001768                xQueueGenericSend

.text.xQueueReceive
                0x00001876       0xee
 .text.xQueueReceive
                0x00001876       0xee ./output/queue.o
                0x00001876                xQueueReceive

.text.xQueueSemaphoreTake
                0x00001964      0x11c
 .text.xQueueSemaphoreTake
                0x00001964      0x11c ./output/queue.o
                0x00001964                xQueueSemaphoreTake

.text.vQueueAddToRegistry
                0x00001a80       0x3c
 .text.vQueueAddToRegistry
                0x00001a80       0x3c ./output/queue.o
                0x00001a80                vQueueAddToRegistry

.text.vQueueWaitForMessageRestricted
                0x00001abc       0x46
 .text.vQueueWaitForMessageRestricted
                0x00001abc       0x46 ./output/queue.o
                0x00001abc                vQueueWaitForMessageRestricted

.text.pvPortMalloc
                0x00001b04       0xf8
 .text.pvPortMalloc
                0x00001b04       0xf8 ./output/heap_4.o
                0x00001b04                pvPortMalloc

.text.vPortFree
                0x00001bfc       0x94
 .text.vPortFree
                0x00001bfc       0x94 ./output/heap_4.o
                0x00001bfc                vPortFree

.text.prvTaskExitError
                0x00001c90       0x20
 .text.prvTaskExitError
                0x00001c90       0x20 ./output/port.o

.text.prvPortStartFirstTask
                0x00001cb0       0x20
 .text.prvPortStartFirstTask
                0x00001cb0       0x20 ./output/port.o

.text.pxPortInitialiseStack
                0x00001cd0       0x24
 .text.pxPortInitialiseStack
                0x00001cd0       0x24 ./output/port.o
                0x00001cd0                pxPortInitialiseStack

.text.vPortSVCHandler
                0x00001cf4       0x24
 .text.vPortSVCHandler
                0x00001cf4       0x24 ./output/port.o
                0x00001cf4                vPortSVCHandler

.text.vPortEnterCritical
                0x00001d18       0x20
 .text.vPortEnterCritical
                0x00001d18       0x20 ./output/port.o
                0x00001d18                vPortEnterCritical

.text.vPortExitCritical
                0x00001d38       0x14
 .text.vPortExitCritical
                0x00001d38       0x14 ./output/port.o
                0x00001d38                vPortExitCritical

.text.xPortPendSVHandler
                0x00001d4c       0x44
 .text.xPortPendSVHandler
                0x00001d4c       0x44 ./output/port.o
                0x00001d4c                xPortPendSVHandler

.text.xPortSysTickHandler
                0x00001d90       0x2c
 .text.xPortSysTickHandler
                0x00001d90       0x2c ./output/port.o
                0x00001d90                xPortSysTickHandler

.text.vPortSetupTimerInterrupt
                0x00001dbc       0x16
 .text.vPortSetupTimerInterrupt
                0x00001dbc       0x16 ./output/port.o
                0x00001dbc                vPortSetupTimerInterrupt

.text.xPortStartScheduler
                0x00001dd4       0x40
 .text.xPortStartScheduler
                0x00001dd4       0x40 ./output/port.o
                0x00001dd4                xPortStartScheduler

.text.prvInsertTimerInActiveList
                0x00001e14       0x3c
 .text.prvInsertTimerInActiveList
                0x00001e14       0x3c ./output/timers.o

.text.prvReloadTimer
                0x00001e50       0x26
 .text.prvReloadTimer
                0x00001e50       0x26 ./output/timers.o

.text.prvProcessExpiredTimer
                0x00001e78       0x40
 .text.prvProcessExpiredTimer
                0x00001e78       0x40 ./output/timers.o

.text.prvSampleTimeNow
                0x00001eb8       0x4c
 .text.prvSampleTimeNow
                0x00001eb8       0x4c ./output/timers.o

.text.prvTimerTask
                0x00001f04      0x16c
 .text.prvTimerTask
                0x00001f04      0x16c ./output/timers.o

.text.prvCheckForValidListAndQueue
                0x00002070       0x58
 .text.prvCheckForValidListAndQueue
                0x00002070       0x58 ./output/timers.o

.text.xTimerCreateTimerTask
                0x000020c8       0x38
 .text.xTimerCreateTimerTask
                0x000020c8       0x38 ./output/timers.o
                0x000020c8                xTimerCreateTimerTask

.text.TaskA     0x00002100       0x38
 .text.TaskA    0x00002100       0x38 ./output/main.o
                0x00002100                TaskA

.text.TaskB     0x00002138       0x38
 .text.TaskB    0x00002138       0x38 ./output/main.o
                0x00002138                TaskB

.text.TaskC     0x00002170       0x38
 .text.TaskC    0x00002170       0x38 ./output/main.o
                0x00002170                TaskC

.text.TaskD     0x000021a8       0x38
 .text.TaskD    0x000021a8       0x38 ./output/main.o
                0x000021a8                TaskD

.text.startup.main
                0x000021e0       0xc4
 .text.startup.main
                0x000021e0       0xc4 ./output/main.o
                0x000021e0                main

.text.Default_Handler
                0x00002300        0xc
 .text.Default_Handler
                0x00002300        0xc ./output/startup_gcc.o

.text.HardFault_Handler
                0x00002400       0x18
 .text.HardFault_Handler
                0x00002400       0x18 ./output/startup_gcc.o

.text.Reset_Handler
                0x00002418        0x4
 .text.Reset_Handler
                0x00002418        0x4 ./output/startup_gcc.o
                0x00002418                Reset_Handler

.text.prvGetRegistersFromStack
                0x0000241c       0x6c
 .text.prvGetRegistersFromStack
                0x0000241c       0x6c ./output/startup_gcc.o
                0x0000241c                prvGetRegistersFromStack

.text.printchar
                0x00002488       0x1e
 .text.printchar
                0x00002488       0x1e ./output/printf-stdarg.o

.text.prints    0x000024a6       0x8a
 .text.prints   0x000024a6       0x8a ./output/printf-stdarg.o

.text.printi    0x00002530       0xa0
 .text.printi   0x00002530       0xa0 ./output/printf-stdarg.o

.text.tiny_print
                0x000025d0      0x124
 .text.tiny_print
                0x000025d0      0x124 ./output/printf-stdarg.o

.text.printf    0x000026f4       0x1e
 .text.printf   0x000026f4       0x1e ./output/printf-stdarg.o
                0x000026f4                printf

.rel.dyn        0x00002714        0x0
 .rel.iplt      0x00002714        0x0 ./output/tasks.o

.ARM.exidx      0x00002714        0x8
 .ARM.exidx     0x00002714        0x8 /usr/lib/gcc/arm-none-eabi/13.2.1/../../../arm-none-eabi/lib/thumb/v7-m/nofp/libg_nano.a(libc_a-memcpy.o)

.data           0x20000000       0x5c
                0x20000000                        . = ALIGN (0x8)
                0x20000000                        _data = .
                0x20000000                        _sdata = .
 *(vtable)
 *(.data)
 .data          0x20000000       0x50 /usr/lib/gcc/arm-none-eabi/13.2.1/../../../arm-none-eabi/lib/thumb/v7-m/nofp/libg_nano.a(libc_a-impure.o)
                0x20000000                _impure_ptr
                0x20000004                _impure_data
 .data          0x20000050        0xc /usr/lib/gcc/arm-none-eabi/13.2.1/../../../arm-none-eabi/lib/thumb/v7-m/nofp/libg_nano.a(libc_a-findfp.o)
                0x20000050                __sglue
                0x2000005c                        _edata = .

.igot.plt       0x2000005c        0x0
 .igot.plt      0x2000005c        0x0 ./output/tasks.o

.data.uxCriticalNesting
                0x2000005c        0x4
 .data.uxCriticalNesting
                0x2000005c        0x4 ./output/port.o

.bss            0x20000060      0x14c
                0x20000060                        . = ALIGN (0x8)
                0x20000060                        _bss = .
                0x20000060                        _sbss = .
 *(.bss)
 .bss           0x20000060      0x13c /usr/lib/gcc/arm-none-eabi/13.2.1/../../../arm-none-eabi/lib/thumb/v7-m/nofp/libg_nano.a(libc_a-findfp.o)
                0x20000060                __sf
                0x20000198                __stdio_exit_handler
 .bss           0x2000019c        0x8 /usr/lib/gcc/arm-none-eabi/13.2.1/../../../arm-none-eabi/lib/thumb/v7-m/nofp/libg_nano.a(libc_a-mallocr.o)
                0x2000019c                __malloc_sbrk_start
                0x200001a0                __malloc_free_list
 .bss           0x200001a4        0x4 /usr/lib/gcc/arm-none-eabi/13.2.1/../../../arm-none-eabi/lib/thumb/v7-m/nofp/libg_nano.a(libc_a-reent.o)
                0x200001a4                errno
 .bss           0x200001a8        0x4 /usr/lib/gcc/arm-none-eabi/13.2.1/../../../arm-none-eabi/lib/thumb/v7-m/nofp/libnosys.a(sbrk.o)
                0x200001ac                        _ebss = .

.bss.uxSchedulerSuspended
                0x200001ac        0x4
 .bss.uxSchedulerSuspended
                0x200001ac        0x4 ./output/tasks.o

.bss.xIdleTaskHandles
                0x200001b0        0x4
 .bss.xIdleTaskHandles
                0x200001b0        0x4 ./output/tasks.o

.bss.xNextTaskUnblockTime
                0x200001b4        0x4
 .bss.xNextTaskUnblockTime
                0x200001b4        0x4 ./output/tasks.o

.bss.uxTaskNumber
                0x200001b8        0x4
 .bss.uxTaskNumber
                0x200001b8        0x4 ./output/tasks.o

.bss.xNumOfOverflows
                0x200001bc        0x4
 .bss.xNumOfOverflows
                0x200001bc        0x4 ./output/tasks.o

.bss.xYieldPendings
                0x200001c0        0x4
 .bss.xYieldPendings
                0x200001c0        0x4 ./output/tasks.o

.bss.xPendedTicks
                0x200001c4        0x4
 .bss.xPendedTicks
                0x200001c4        0x4 ./output/tasks.o

.bss.xSchedulerRunning
                0x200001c8        0x4
 .bss.xSchedulerRunning
                0x200001c8        0x4 ./output/tasks.o

.bss.uxTopReadyPriority
                0x200001cc        0x4
 .bss.uxTopReadyPriority
                0x200001cc        0x4 ./output/tasks.o

.bss.xTickCount
                0x200001d0        0x4
 .bss.xTickCount
                0x200001d0        0x4 ./output/tasks.o

.bss.uxCurrentNumberOfTasks
                0x200001d4        0x4
 .bss.uxCurrentNumberOfTasks
                0x200001d4        0x4 ./output/tasks.o

.bss.xSuspendedTaskList
                0x200001d8       0x14
 .bss.xSuspendedTaskList
                0x200001d8       0x14 ./output/tasks.o

.bss.uxDeletedTasksWaitingCleanUp
                0x200001ec        0x4
 .bss.uxDeletedTasksWaitingCleanUp
                0x200001ec        0x4 ./output/tasks.o

.bss.xTasksWaitingTermination
                0x200001f0       0x14
 .bss.xTasksWaitingTermination
                0x200001f0       0x14 ./output/tasks.o

.bss.xPendingReadyList
                0x20000204       0x14
 .bss.xPendingReadyList
                0x20000204       0x14 ./output/tasks.o

.bss.pxOverflowDelayedTaskList
                0x20000218        0x4
 .bss.pxOverflowDelayedTaskList
                0x20000218        0x4 ./output/tasks.o

.bss.pxDelayedTaskList
                0x2000021c        0x4
 .bss.pxDelayedTaskList
                0x2000021c        0x4 ./output/tasks.o

.bss.xDelayedTaskList2
                0x20000220       0x14
 .bss.xDelayedTaskList2
                0x20000220       0x14 ./output/tasks.o

.bss.xDelayedTaskList1
                0x20000234       0x14
 .bss.xDelayedTaskList1
                0x20000234       0x14 ./output/tasks.o

.bss.pxReadyTasksLists
                0x20000248       0xb4
 .bss.pxReadyTasksLists
                0x20000248       0xb4 ./output/tasks.o

.bss.pxCurrentTCB
                0x200002fc        0x4
 .bss.pxCurrentTCB
                0x200002fc        0x4 ./output/tasks.o
                0x200002fc                pxCurrentTCB

.bss.xQueueRegistry
                0x20000300       0x50
 .bss.xQueueRegistry
                0x20000300       0x50 ./output/queue.o
                0x20000300                xQueueRegistry

.bss.xNumberOfSuccessfulFrees
                0x20000350        0x4
 .bss.xNumberOfSuccessfulFrees
                0x20000350        0x4 ./output/heap_4.o

.bss.xNumberOfSuccessfulAllocations
                0x20000354        0x4
 .bss.xNumberOfSuccessfulAllocations
                0x20000354        0x4 ./output/heap_4.o

.bss.xMinimumEverFreeBytesRemaining
                0x20000358        0x4
 .bss.xMinimumEverFreeBytesRemaining
                0x20000358        0x4 ./output/heap_4.o

.bss.xFreeBytesRemaining
                0x2000035c        0x4
 .bss.xFreeBytesRemaining
                0x2000035c        0x4 ./output/heap_4.o

.bss.pxEnd      0x20000360        0x4
 .bss.pxEnd     0x20000360        0x4 ./output/heap_4.o

.bss.xStart     0x20000364        0x8
 .bss.xStart    0x20000364        0x8 ./output/heap_4.o

.bss.ucHeap     0x2000036c     0xf000
 .bss.ucHeap    0x2000036c     0xf000 ./output/heap_4.o

.bss.xLastTime.0
                0x2000f36c        0x4
 .bss.xLastTime.0
                0x2000f36c        0x4 ./output/timers.o

.bss.xTimerTaskHandle
                0x2000f370        0x4
 .bss.xTimerTaskHandle
                0x2000f370        0x4 ./output/timers.o

.bss.xTimerQueue
                0x2000f374        0x4
 .bss.xTimerQueue
                0x2000f374        0x4 ./output/timers.o

.bss.pxOverflowTimerList
                0x2000f378        0x4
 .bss.pxOverflowTimerList
                0x2000f378        0x4 ./output/timers.o

.bss.pxCurrentTimerList
                0x2000f37c        0x4
 .bss.pxCurrentTimerList
                0x2000f37c        0x4 ./output/timers.o

.bss.xActiveTimerList2
                0x2000f380       0x14
 .bss.xActiveTimerList2
                0x2000f380       0x14 ./output/timers.o

.bss.xActiveTimerList1
                0x2000f394       0x14
 .bss.xActiveTimerList1
                0x2000f394       0x14 ./output/timers.o

.bss.sem3       0x2000f3a8        0x4
 .bss.sem3      0x2000f3a8        0x4 ./output/main.o
                0x2000f3a8                sem3

.bss.sem2       0x2000f3ac        0x4
 .bss.sem2      0x2000f3ac        0x4 ./output/main.o
                0x2000f3ac                sem2

.bss.sem1       0x2000f3b0        0x4
 .bss.sem1      0x2000f3b0        0x4 ./output/main.o
                0x2000f3b0                sem1

.bss.psr        0x2000f3b4        0x4
 .bss.psr       0x2000f3b4        0x4 ./output/startup_gcc.o
                0x2000f3b4                psr

.bss.pc         0x2000f3b8        0x4
 .bss.pc        0x2000f3b8        0x4 ./output/startup_gcc.o
                0x2000f3b8                pc

.bss.lr         0x2000f3bc        0x4
 .bss.lr        0x2000f3bc        0x4 ./output/startup_gcc.o
                0x2000f3bc                lr

.bss.r12        0x2000f3c0        0x4
 .bss.r12       0x2000f3c0        0x4 ./output/startup_gcc.o
                0x2000f3c0                r12

.bss.r3         0x2000f3c4        0x4
 .bss.r3        0x2000f3c4        0x4 ./output/startup_gcc.o
                0x2000f3c4                r3

.bss.r2         0x2000f3c8        0x4
 .bss.r2        0x2000f3c8        0x4 ./output/startup_gcc.o
                0x2000f3c8                r2

.bss.r1         0x2000f3cc        0x4
 .bss.r1        0x2000f3cc        0x4 ./output/startup_gcc.o
                0x2000f3cc                r1

.bss.r0         0x2000f3d0        0x4
 .bss.r0        0x2000f3d0        0x4 ./output/startup_gcc.o
                0x2000f3d0                r0

.heap           0x2000f3d4      0x40c
                0x2000f3d8                        . = ALIGN (0x8)
 *fill*         0x2000f3d4        0x4 
                0x2000f3d8                        PROVIDE (end = .)
                [!provide]                        PROVIDE (_end = .)
                0x2000f3d8                        _heap_bottom = .
                0x2000f3e0                        . = (. + _Min_Heap_Size)
 *fill*         0x2000f3d8        0x8 
                0x2000f3e0                        _heap_top = .
                0x2000f7e0                        . = (. + _Min_Stack_Size)
 *fill*         0x2000f3e0      0x400 
                0x2000f7e0                        . = ALIGN (0x8)
                0x20400000                        __StackTop = (ORIGIN (RAM) + LENGTH (RAM))
                0x203ffc00                        __StackLimit = (__StackTop - _Min_Stack_Size)
                [!provide]                        PROVIDE (__stack = __StackTop)
                0x00000001                        ASSERT ((__StackLimit >= _heap_top), region RAM overflowed with stack)
OUTPUT(./output/RTOSDemo.out elf32-littlearm)
LOAD linker stubs

.debug_info     0x00000000    0x1074a
 .debug_info    0x00000000     0x3052 ./output/tasks.o
 .debug_info    0x00003052      0x2b2 ./output/list.o
 .debug_info    0x00003304     0x223d ./output/queue.o
 .debug_info    0x00005541      0x5e8 ./output/heap_4.o
 .debug_info    0x00005b29      0x36a ./output/port.o
 .debug_info    0x00005e93     0x1430 ./output/timers.o
 .debug_info    0x000072c3      0x5c3 ./output/main.o
 .debug_info    0x00007886      0x8a4 ./output/startup_gcc.o
 .debug_info    0x0000812a      0x64b ./output/printf-stdarg.o
 .debug_info    0x00008775      0x70b /usr/lib/gcc/arm-none-eabi/13.2.1/../../../arm-none-eabi/lib/thumb/v7-m/nofp/libg_nano.a(libc_a-impure.o)
 .debug_info    0x00008e80      0x135 /usr/lib/gcc/arm-none-eabi/13.2.1/../../../arm-none-eabi/lib/thumb/v7-m/nofp/libg_nano.a(libc_a-memset.o)
 .debug_info    0x00008fb5      0xa30 /usr/lib/gcc/arm-none-eabi/13.2.1/../../../arm-none-eabi/lib/thumb/v7-m/nofp/libg_nano.a(libc_a-fflush.o)
 .debug_info    0x000099e5      0x87f /usr/lib/gcc/arm-none-eabi/13.2.1/../../../arm-none-eabi/lib/thumb/v7-m/nofp/libg_nano.a(libc_a-freer.o)
 .debug_info    0x0000a264      0x7c8 /usr/lib/gcc/arm-none-eabi/13.2.1/../../../arm-none-eabi/lib/thumb/v7-m/nofp/libg_nano.a(libc_a-fwalk.o)
 .debug_info    0x0000aa2c       0x33 /usr/lib/gcc/arm-none-eabi/13.2.1/../../../arm-none-eabi/lib/thumb/v7-m/nofp/libg_nano.a(libc_a-memcpy.o)
 .debug_info    0x0000aa5f      0x71c /usr/lib/gcc/arm-none-eabi/13.2.1/../../../arm-none-eabi/lib/thumb/v7-m/nofp/libg_nano.a(libc_a-mlock.o)
 .debug_info    0x0000b17b      0xe8c /usr/lib/gcc/arm-none-eabi/13.2.1/../../../arm-none-eabi/lib/thumb/v7-m/nofp/libg_nano.a(libc_a-findfp.o)
 .debug_info    0x0000c007      0x9b6 /usr/lib/gcc/arm-none-eabi/13.2.1/../../../arm-none-eabi/lib/thumb/v7-m/nofp/libg_nano.a(libc_a-mallocr.o)
 .debug_info    0x0000c9bd      0x778 /usr/lib/gcc/arm-none-eabi/13.2.1/../../../arm-none-eabi/lib/thumb/v7-m/nofp/libg_nano.a(libc_a-sbrkr.o)
 .debug_info    0x0000d135      0xa80 /usr/lib/gcc/arm-none-eabi/13.2.1/../../../arm-none-eabi/lib/thumb/v7-m/nofp/libg_nano.a(libc_a-stdio.o)
 .debug_info    0x0000dbb5      0x752 /usr/lib/gcc/arm-none-eabi/13.2.1/../../../arm-none-eabi/lib/thumb/v7-m/nofp/libg_nano.a(libc_a-closer.o)
 .debug_info    0x0000e307      0x7b5 /usr/lib/gcc/arm-none-eabi/13.2.1/../../../arm-none-eabi/lib/thumb/v7-m/nofp/libg_nano.a(libc_a-readr.o)
 .debug_info    0x0000eabc      0x89f /usr/lib/gcc/arm-none-eabi/13.2.1/../../../arm-none-eabi/lib/thumb/v7-m/nofp/libg_nano.a(libc_a-reent.o)
 .debug_info    0x0000f35b      0x79e /usr/lib/gcc/arm-none-eabi/13.2.1/../../../arm-none-eabi/lib/thumb/v7-m/nofp/libg_nano.a(libc_a-lseekr.o)
 .debug_info    0x0000faf9      0x7bb /usr/lib/gcc/arm-none-eabi/13.2.1/../../../arm-none-eabi/lib/thumb/v7-m/nofp/libg_nano.a(libc_a-writer.o)
 .debug_info    0x000102b4       0xde /usr/lib/gcc/arm-none-eabi/13.2.1/../../../arm-none-eabi/lib/thumb/v7-m/nofp/libnosys.a(close.o)
 .debug_info    0x00010392      0x100 /usr/lib/gcc/arm-none-eabi/13.2.1/../../../arm-none-eabi/lib/thumb/v7-m/nofp/libnosys.a(lseek.o)
 .debug_info    0x00010492      0x106 /usr/lib/gcc/arm-none-eabi/13.2.1/../../../arm-none-eabi/lib/thumb/v7-m/nofp/libnosys.a(read.o)
 .debug_info    0x00010598       0xac /usr/lib/gcc/arm-none-eabi/13.2.1/../../../arm-none-eabi/lib/thumb/v7-m/nofp/libnosys.a(sbrk.o)
 .debug_info    0x00010644      0x106 /usr/lib/gcc/arm-none-eabi/13.2.1/../../../arm-none-eabi/lib/thumb/v7-m/nofp/libnosys.a(write.o)

.debug_abbrev   0x00000000     0x3abb
 .debug_abbrev  0x00000000      0x52a ./output/tasks.o
 .debug_abbrev  0x0000052a      0x105 ./output/list.o
 .debug_abbrev  0x0000062f      0x404 ./output/queue.o
 .debug_abbrev  0x00000a33      0x2d2 ./output/heap_4.o
 .debug_abbrev  0x00000d05      0x261 ./output/port.o
 .debug_abbrev  0x00000f66      0x3f7 ./output/timers.o
 .debug_abbrev  0x0000135d      0x166 ./output/main.o
 .debug_abbrev  0x000014c3      0x29c ./output/startup_gcc.o
 .debug_abbrev  0x0000175f      0x24c ./output/printf-stdarg.o
 .debug_abbrev  0x000019ab      0x149 /usr/lib/gcc/arm-none-eabi/13.2.1/../../../arm-none-eabi/lib/thumb/v7-m/nofp/libg_nano.a(libc_a-impure.o)
 .debug_abbrev  0x00001af4       0xb7 /usr/lib/gcc/arm-none-eabi/13.2.1/../../../arm-none-eabi/lib/thumb/v7-m/nofp/libg_nano.a(libc_a-memset.o)
 .debug_abbrev  0x00001bab      0x2e1 /usr/lib/gcc/arm-none-eabi/13.2.1/../../../arm-none-eabi/lib/thumb/v7-m/nofp/libg_nano.a(libc_a-fflush.o)
 .debug_abbrev  0x00001e8c      0x249 /usr/lib/gcc/arm-none-eabi/13.2.1/../../../arm-none-eabi/lib/thumb/v7-m/nofp/libg_nano.a(libc_a-freer.o)
 .debug_abbrev  0x000020d5      0x19b /usr/lib/gcc/arm-none-eabi/13.2.1/../../../arm-none-eabi/lib/thumb/v7-m/nofp/libg_nano.a(libc_a-fwalk.o)
 .debug_abbrev  0x00002270       0x28 /usr/lib/gcc/arm-none-eabi/13.2.1/../../../arm-none-eabi/lib/thumb/v7-m/nofp/libg_nano.a(libc_a-memcpy.o)
 .debug_abbrev  0x00002298      0x192 /usr/lib/gcc/arm-none-eabi/13.2.1/../../../arm-none-eabi/lib/thumb/v7-m/nofp/libg_nano.a(libc_a-mlock.o)
 .debug_abbrev  0x0000242a      0x408 /usr/lib/gcc/arm-none-eabi/13.2.1/../../../arm-none-eabi/lib/thumb/v7-m/nofp/libg_nano.a(libc_a-findfp.o)
 .debug_abbrev  0x00002832      0x24a /usr/lib/gcc/arm-none-eabi/13.2.1/../../../arm-none-eabi/lib/thumb/v7-m/nofp/libg_nano.a(libc_a-mallocr.o)
 .debug_abbrev  0x00002a7c      0x1da /usr/lib/gcc/arm-none-eabi/13.2.1/../../../arm-none-eabi/lib/thumb/v7-m/nofp/libg_nano.a(libc_a-sbrkr.o)
 .debug_abbrev  0x00002c56      0x224 /usr/lib/gcc/arm-none-eabi/13.2.1/../../../arm-none-eabi/lib/thumb/v7-m/nofp/libg_nano.a(libc_a-stdio.o)
 .debug_abbrev  0x00002e7a      0x1b0 /usr/lib/gcc/arm-none-eabi/13.2.1/../../../arm-none-eabi/lib/thumb/v7-m/nofp/libg_nano.a(libc_a-closer.o)
 .debug_abbrev  0x0000302a      0x1b0 /usr/lib/gcc/arm-none-eabi/13.2.1/../../../arm-none-eabi/lib/thumb/v7-m/nofp/libg_nano.a(libc_a-readr.o)
 .debug_abbrev  0x000031da      0x1ee /usr/lib/gcc/arm-none-eabi/13.2.1/../../../arm-none-eabi/lib/thumb/v7-m/nofp/libg_nano.a(libc_a-reent.o)
 .debug_abbrev  0x000033c8      0x1c4 /usr/lib/gcc/arm-none-eabi/13.2.1/../../../arm-none-eabi/lib/thumb/v7-m/nofp/libg_nano.a(libc_a-lseekr.o)
 .debug_abbrev  0x0000358c      0x1b5 /usr/lib/gcc/arm-none-eabi/13.2.1/../../../arm-none-eabi/lib/thumb/v7-m/nofp/libg_nano.a(libc_a-writer.o)
 .debug_abbrev  0x00003741       0x96 /usr/lib/gcc/arm-none-eabi/13.2.1/../../../arm-none-eabi/lib/thumb/v7-m/nofp/libnosys.a(close.o)
 .debug_abbrev  0x000037d7       0xbb /usr/lib/gcc/arm-none-eabi/13.2.1/../../../arm-none-eabi/lib/thumb/v7-m/nofp/libnosys.a(lseek.o)
 .debug_abbrev  0x00003892       0xc4 /usr/lib/gcc/arm-none-eabi/13.2.1/../../../arm-none-eabi/lib/thumb/v7-m/nofp/libnosys.a(read.o)
 .debug_abbrev  0x00003956       0xa1 /usr/lib/gcc/arm-none-eabi/13.2.1/../../../arm-none-eabi/lib/thumb/v7-m/nofp/libnosys.a(sbrk.o)
 .debug_abbrev  0x000039f7       0xc4 /usr/lib/gcc/arm-none-eabi/13.2.1/../../../arm-none-eabi/lib/thumb/v7-m/nofp/libnosys.a(write.o)

.debug_loclists
                0x00000000     0x5384
 .debug_loclists
                0x00000000     0x1bcf ./output/tasks.o
 .debug_loclists
                0x00001bcf       0x77 ./output/list.o
 .debug_loclists
                0x00001c46     0x1154 ./output/queue.o
 .debug_loclists
                0x00002d9a      0x33f ./output/heap_4.o
 .debug_loclists
                0x000030d9       0x82 ./output/port.o
 .debug_loclists
                0x0000315b      0x9e2 ./output/timers.o
 .debug_loclists
                0x00003b3d       0x80 ./output/main.o
 .debug_loclists
                0x00003bbd       0x29 ./output/startup_gcc.o
 .debug_loclists
                0x00003be6      0x697 ./output/printf-stdarg.o
 .debug_loclists
                0x0000427d      0x1d7 /usr/lib/gcc/arm-none-eabi/13.2.1/../../../arm-none-eabi/lib/thumb/v7-m/nofp/libg_nano.a(libc_a-memset.o)
 .debug_loclists
                0x00004454      0x2f2 /usr/lib/gcc/arm-none-eabi/13.2.1/../../../arm-none-eabi/lib/thumb/v7-m/nofp/libg_nano.a(libc_a-fflush.o)
 .debug_loclists
                0x00004746      0x164 /usr/lib/gcc/arm-none-eabi/13.2.1/../../../arm-none-eabi/lib/thumb/v7-m/nofp/libg_nano.a(libc_a-freer.o)
 .debug_loclists
                0x000048aa       0x79 /usr/lib/gcc/arm-none-eabi/13.2.1/../../../arm-none-eabi/lib/thumb/v7-m/nofp/libg_nano.a(libc_a-fwalk.o)
 .debug_loclists
                0x00004923      0x1d0 /usr/lib/gcc/arm-none-eabi/13.2.1/../../../arm-none-eabi/lib/thumb/v7-m/nofp/libg_nano.a(libc_a-findfp.o)
 .debug_loclists
                0x00004af3      0x273 /usr/lib/gcc/arm-none-eabi/13.2.1/../../../arm-none-eabi/lib/thumb/v7-m/nofp/libg_nano.a(libc_a-mallocr.o)
 .debug_loclists
                0x00004d66       0x4b /usr/lib/gcc/arm-none-eabi/13.2.1/../../../arm-none-eabi/lib/thumb/v7-m/nofp/libg_nano.a(libc_a-sbrkr.o)
 .debug_loclists
                0x00004db1      0x23b /usr/lib/gcc/arm-none-eabi/13.2.1/../../../arm-none-eabi/lib/thumb/v7-m/nofp/libg_nano.a(libc_a-stdio.o)
 .debug_loclists
                0x00004fec       0x4b /usr/lib/gcc/arm-none-eabi/13.2.1/../../../arm-none-eabi/lib/thumb/v7-m/nofp/libg_nano.a(libc_a-closer.o)
 .debug_loclists
                0x00005037       0x97 /usr/lib/gcc/arm-none-eabi/13.2.1/../../../arm-none-eabi/lib/thumb/v7-m/nofp/libg_nano.a(libc_a-readr.o)
 .debug_loclists
                0x000050ce       0x80 /usr/lib/gcc/arm-none-eabi/13.2.1/../../../arm-none-eabi/lib/thumb/v7-m/nofp/libg_nano.a(libc_a-reent.o)
 .debug_loclists
                0x0000514e       0x97 /usr/lib/gcc/arm-none-eabi/13.2.1/../../../arm-none-eabi/lib/thumb/v7-m/nofp/libg_nano.a(libc_a-lseekr.o)
 .debug_loclists
                0x000051e5       0x97 /usr/lib/gcc/arm-none-eabi/13.2.1/../../../arm-none-eabi/lib/thumb/v7-m/nofp/libg_nano.a(libc_a-writer.o)
 .debug_loclists
                0x0000527c       0x24 /usr/lib/gcc/arm-none-eabi/13.2.1/../../../arm-none-eabi/lib/thumb/v7-m/nofp/libnosys.a(close.o)
 .debug_loclists
                0x000052a0       0x3c /usr/lib/gcc/arm-none-eabi/13.2.1/../../../arm-none-eabi/lib/thumb/v7-m/nofp/libnosys.a(lseek.o)
 .debug_loclists
                0x000052dc       0x3c /usr/lib/gcc/arm-none-eabi/13.2.1/../../../arm-none-eabi/lib/thumb/v7-m/nofp/libnosys.a(read.o)
 .debug_loclists
                0x00005318       0x30 /usr/lib/gcc/arm-none-eabi/13.2.1/../../../arm-none-eabi/lib/thumb/v7-m/nofp/libnosys.a(sbrk.o)
 .debug_loclists
                0x00005348       0x3c /usr/lib/gcc/arm-none-eabi/13.2.1/../../../arm-none-eabi/lib/thumb/v7-m/nofp/libnosys.a(write.o)

.debug_aranges  0x00000000      0x888
 .debug_aranges
                0x00000000      0x1f8 ./output/tasks.o
 .debug_aranges
                0x000001f8       0x40 ./output/list.o
 .debug_aranges
                0x00000238      0x148 ./output/queue.o
 .debug_aranges
                0x00000380       0x60 ./output/heap_4.o
 .debug_aranges
                0x000003e0       0x70 ./output/port.o
 .debug_aranges
                0x00000450       0xd0 ./output/timers.o
 .debug_aranges
                0x00000520       0x40 ./output/main.o
 .debug_aranges
                0x00000560       0x38 ./output/startup_gcc.o
 .debug_aranges
                0x00000598       0x58 ./output/printf-stdarg.o
 .debug_aranges
                0x000005f0       0x18 /usr/lib/gcc/arm-none-eabi/13.2.1/../../../arm-none-eabi/lib/thumb/v7-m/nofp/libg_nano.a(libc_a-impure.o)
 .debug_aranges
                0x00000608       0x20 /usr/lib/gcc/arm-none-eabi/13.2.1/../../../arm-none-eabi/lib/thumb/v7-m/nofp/libg_nano.a(libc_a-memset.o)
 .debug_aranges
                0x00000628       0x20 /usr/lib/gcc/arm-none-eabi/13.2.1/../../../arm-none-eabi/lib/thumb/v7-m/nofp/libg_nano.a(libc_a-fflush.o)
 .debug_aranges
                0x00000648       0x20 /usr/lib/gcc/arm-none-eabi/13.2.1/../../../arm-none-eabi/lib/thumb/v7-m/nofp/libg_nano.a(libc_a-freer.o)
 .debug_aranges
                0x00000668       0x20 /usr/lib/gcc/arm-none-eabi/13.2.1/../../../arm-none-eabi/lib/thumb/v7-m/nofp/libg_nano.a(libc_a-fwalk.o)
 .debug_aranges
                0x00000688       0x20 /usr/lib/gcc/arm-none-eabi/13.2.1/../../../arm-none-eabi/lib/thumb/v7-m/nofp/libg_nano.a(libc_a-memcpy.o)
 .debug_aranges
                0x000006a8       0x20 /usr/lib/gcc/arm-none-eabi/13.2.1/../../../arm-none-eabi/lib/thumb/v7-m/nofp/libg_nano.a(libc_a-mlock.o)
 .debug_aranges
                0x000006c8       0x20 /usr/lib/gcc/arm-none-eabi/13.2.1/../../../arm-none-eabi/lib/thumb/v7-m/nofp/libg_nano.a(libc_a-findfp.o)
 .debug_aranges
                0x000006e8       0x20 /usr/lib/gcc/arm-none-eabi/13.2.1/../../../arm-none-eabi/lib/thumb/v7-m/nofp/libg_nano.a(libc_a-mallocr.o)
 .debug_aranges
                0x00000708       0x20 /usr/lib/gcc/arm-none-eabi/13.2.1/../../../arm-none-eabi/lib/thumb/v7-m/nofp/libg_nano.a(libc_a-sbrkr.o)
 .debug_aranges
                0x00000728       0x20 /usr/lib/gcc/arm-none-eabi/13.2.1/../../../arm-none-eabi/lib/thumb/v7-m/nofp/libg_nano.a(libc_a-stdio.o)
 .debug_aranges
                0x00000748       0x20 /usr/lib/gcc/arm-none-eabi/13.2.1/../../../arm-none-eabi/lib/thumb/v7-m/nofp/libg_nano.a(libc_a-closer.o)
 .debug_aranges
                0x00000768       0x20 /usr/lib/gcc/arm-none-eabi/13.2.1/../../../arm-none-eabi/lib/thumb/v7-m/nofp/libg_nano.a(libc_a-readr.o)
 .debug_aranges
                0x00000788       0x20 /usr/lib/gcc/arm-none-eabi/13.2.1/../../../arm-none-eabi/lib/thumb/v7-m/nofp/libg_nano.a(libc_a-reent.o)
 .debug_aranges
                0x000007a8       0x20 /usr/lib/gcc/arm-none-eabi/13.2.1/../../../arm-none-eabi/lib/thumb/v7-m/nofp/libg_nano.a(libc_a-lseekr.o)
 .debug_aranges
                0x000007c8       0x20 /usr/lib/gcc/arm-none-eabi/13.2.1/../../../arm-none-eabi/lib/thumb/v7-m/nofp/libg_nano.a(libc_a-writer.o)
 .debug_aranges
                0x000007e8       0x20 /usr/lib/gcc/arm-none-eabi/13.2.1/../../../arm-none-eabi/lib/thumb/v7-m/nofp/libnosys.a(close.o)
 .debug_aranges
                0x00000808       0x20 /usr/lib/gcc/arm-none-eabi/13.2.1/../../../arm-none-eabi/lib/thumb/v7-m/nofp/libnosys.a(lseek.o)
 .debug_aranges
                0x00000828       0x20 /usr/lib/gcc/arm-none-eabi/13.2.1/../../../arm-none-eabi/lib/thumb/v7-m/nofp/libnosys.a(read.o)
 .debug_aranges
                0x00000848       0x20 /usr/lib/gcc/arm-none-eabi/13.2.1/../../../arm-none-eabi/lib/thumb/v7-m/nofp/libnosys.a(sbrk.o)
 .debug_aranges
                0x00000868       0x20 /usr/lib/gcc/arm-none-eabi/13.2.1/../../../arm-none-eabi/lib/thumb/v7-m/nofp/libnosys.a(write.o)

.debug_rnglists
                0x00000000      0x87e
 .debug_rnglists
                0x00000000      0x337 ./output/tasks.o
 .debug_rnglists
                0x00000337       0x2b ./output/list.o
 .debug_rnglists
                0x00000362      0x1e0 ./output/queue.o
 .debug_rnglists
                0x00000542       0x52 ./output/heap_4.o
 .debug_rnglists
                0x00000594       0x5b ./output/port.o
 .debug_rnglists
                0x000005ef       0xdc ./output/timers.o
 .debug_rnglists
                0x000006cb       0x3e ./output/main.o
 .debug_rnglists
                0x00000709       0x25 ./output/startup_gcc.o
 .debug_rnglists
                0x0000072e       0x4c ./output/printf-stdarg.o
 .debug_rnglists
                0x0000077a       0x58 /usr/lib/gcc/arm-none-eabi/13.2.1/../../../arm-none-eabi/lib/thumb/v7-m/nofp/libg_nano.a(libc_a-fflush.o)
 .debug_rnglists
                0x000007d2       0x13 /usr/lib/gcc/arm-none-eabi/13.2.1/../../../arm-none-eabi/lib/thumb/v7-m/nofp/libg_nano.a(libc_a-freer.o)
 .debug_rnglists
                0x000007e5       0x7a /usr/lib/gcc/arm-none-eabi/13.2.1/../../../arm-none-eabi/lib/thumb/v7-m/nofp/libg_nano.a(libc_a-findfp.o)
 .debug_rnglists
                0x0000085f       0x1f /usr/lib/gcc/arm-none-eabi/13.2.1/../../../arm-none-eabi/lib/thumb/v7-m/nofp/libg_nano.a(libc_a-mallocr.o)

.debug_macro    0x00000000     0x439b
 .debug_macro   0x00000000      0x289 ./output/tasks.o
 .debug_macro   0x00000289      0xac0 ./output/tasks.o
 .debug_macro   0x00000d49       0x24 ./output/tasks.o
 .debug_macro   0x00000d6d       0x22 ./output/tasks.o
 .debug_macro   0x00000d8f       0x60 ./output/tasks.o
 .debug_macro   0x00000def       0x94 ./output/tasks.o
 .debug_macro   0x00000e83       0x3c ./output/tasks.o
 .debug_macro   0x00000ebf       0x34 ./output/tasks.o
 .debug_macro   0x00000ef3       0x16 ./output/tasks.o
 .debug_macro   0x00000f09      0x11c ./output/tasks.o
 .debug_macro   0x00001025       0x9b ./output/tasks.o
 .debug_macro   0x000010c0       0x57 ./output/tasks.o
 .debug_macro   0x00001117      0x370 ./output/tasks.o
 .debug_macro   0x00001487       0x16 ./output/tasks.o
 .debug_macro   0x0000149d       0x4a ./output/tasks.o
 .debug_macro   0x000014e7       0x34 ./output/tasks.o
 .debug_macro   0x0000151b       0x10 ./output/tasks.o
 .debug_macro   0x0000152b       0x52 ./output/tasks.o
 .debug_macro   0x0000157d      0x1de ./output/tasks.o
 .debug_macro   0x0000175b       0x16 ./output/tasks.o
 .debug_macro   0x00001771       0x29 ./output/tasks.o
 .debug_macro   0x0000179a       0x16 ./output/tasks.o
 .debug_macro   0x000017b0       0x3c ./output/tasks.o
 .debug_macro   0x000017ec      0x34e ./output/tasks.o
 .debug_macro   0x00001b3a       0x16 ./output/tasks.o
 .debug_macro   0x00001b50      0x161 ./output/tasks.o
 .debug_macro   0x00001cb1       0x28 ./output/tasks.o
 .debug_macro   0x00001cd9      0x182 ./output/tasks.o
 .debug_macro   0x00001e5b       0xe0 ./output/tasks.o
 .debug_macro   0x00001f3b       0x3a ./output/tasks.o
 .debug_macro   0x00001f75       0x1f ./output/tasks.o
 .debug_macro   0x00001f94       0x12 ./output/tasks.o
 .debug_macro   0x00001fa6      0xfe5 ./output/tasks.o
 .debug_macro   0x00002f8b       0xc3 ./output/tasks.o
 .debug_macro   0x0000304e      0x14f ./output/tasks.o
 .debug_macro   0x0000319d       0x98 ./output/tasks.o
 .debug_macro   0x00003235       0x17 ./output/tasks.o
 .debug_macro   0x0000324c      0x171 ./output/list.o
 .debug_macro   0x000033bd      0x203 ./output/queue.o
 .debug_macro   0x000035c0       0x80 ./output/queue.o
 .debug_macro   0x00003640      0x201 ./output/heap_4.o
 .debug_macro   0x00003841      0x162 ./output/port.o
 .debug_macro   0x000039a3      0x1c0 ./output/timers.o
 .debug_macro   0x00003b63       0x9e ./output/timers.o
 .debug_macro   0x00003c01      0x204 ./output/main.o
 .debug_macro   0x00003e05       0x85 ./output/main.o
 .debug_macro   0x00003e8a       0x16 ./output/main.o
 .debug_macro   0x00003ea0       0x10 ./output/main.o
 .debug_macro   0x00003eb0       0x16 ./output/main.o
 .debug_macro   0x00003ec6       0x16 ./output/main.o
 .debug_macro   0x00003edc      0x170 ./output/main.o
 .debug_macro   0x0000404c      0x109 ./output/startup_gcc.o
 .debug_macro   0x00004155       0x9e ./output/startup_gcc.o
 .debug_macro   0x000041f3      0x112 ./output/startup_gcc.o
 .debug_macro   0x00004305       0x3e ./output/printf-stdarg.o
 .debug_macro   0x00004343       0x58 ./output/printf-stdarg.o

.debug_line     0x00000000     0x8b56
 .debug_line    0x00000000     0x2760 ./output/tasks.o
 .debug_line    0x00002760      0x44b ./output/list.o
 .debug_line    0x00002bab     0x17e8 ./output/queue.o
 .debug_line    0x00004393      0x781 ./output/heap_4.o
 .debug_line    0x00004b14      0x3b8 ./output/port.o
 .debug_line    0x00004ecc      0xb2b ./output/timers.o
 .debug_line    0x000059f7      0x41d ./output/main.o
 .debug_line    0x00005e14      0x22b ./output/startup_gcc.o
 .debug_line    0x0000603f      0x525 ./output/printf-stdarg.o
 .debug_line    0x00006564       0xe7 /usr/lib/gcc/arm-none-eabi/13.2.1/../../../arm-none-eabi/lib/thumb/v7-m/nofp/libg_nano.a(libc_a-impure.o)
 .debug_line    0x0000664b      0x1b1 /usr/lib/gcc/arm-none-eabi/13.2.1/../../../arm-none-eabi/lib/thumb/v7-m/nofp/libg_nano.a(libc_a-memset.o)
 .debug_line    0x000067fc      0x456 /usr/lib/gcc/arm-none-eabi/13.2.1/../../../arm-none-eabi/lib/thumb/v7-m/nofp/libg_nano.a(libc_a-fflush.o)
 .debug_line    0x00006c52      0x2c8 /usr/lib/gcc/arm-none-eabi/13.2.1/../../../arm-none-eabi/lib/thumb/v7-m/nofp/libg_nano.a(libc_a-freer.o)
 .debug_line    0x00006f1a      0x1c9 /usr/lib/gcc/arm-none-eabi/13.2.1/../../../arm-none-eabi/lib/thumb/v7-m/nofp/libg_nano.a(libc_a-fwalk.o)
 .debug_line    0x000070e3       0xbd /usr/lib/gcc/arm-none-eabi/13.2.1/../../../arm-none-eabi/lib/thumb/v7-m/nofp/libg_nano.a(libc_a-memcpy.o)
 .debug_line    0x000071a0      0x153 /usr/lib/gcc/arm-none-eabi/13.2.1/../../../arm-none-eabi/lib/thumb/v7-m/nofp/libg_nano.a(libc_a-mlock.o)
 .debug_line    0x000072f3      0x51f /usr/lib/gcc/arm-none-eabi/13.2.1/../../../arm-none-eabi/lib/thumb/v7-m/nofp/libg_nano.a(libc_a-findfp.o)
 .debug_line    0x00007812      0x45c /usr/lib/gcc/arm-none-eabi/13.2.1/../../../arm-none-eabi/lib/thumb/v7-m/nofp/libg_nano.a(libc_a-mallocr.o)
 .debug_line    0x00007c6e      0x196 /usr/lib/gcc/arm-none-eabi/13.2.1/../../../arm-none-eabi/lib/thumb/v7-m/nofp/libg_nano.a(libc_a-sbrkr.o)
 .debug_line    0x00007e04      0x22b /usr/lib/gcc/arm-none-eabi/13.2.1/../../../arm-none-eabi/lib/thumb/v7-m/nofp/libg_nano.a(libc_a-stdio.o)
 .debug_line    0x0000802f      0x196 /usr/lib/gcc/arm-none-eabi/13.2.1/../../../arm-none-eabi/lib/thumb/v7-m/nofp/libg_nano.a(libc_a-closer.o)
 .debug_line    0x000081c5      0x19c /usr/lib/gcc/arm-none-eabi/13.2.1/../../../arm-none-eabi/lib/thumb/v7-m/nofp/libg_nano.a(libc_a-readr.o)
 .debug_line    0x00008361      0x27b /usr/lib/gcc/arm-none-eabi/13.2.1/../../../arm-none-eabi/lib/thumb/v7-m/nofp/libg_nano.a(libc_a-reent.o)
 .debug_line    0x000085dc      0x19d /usr/lib/gcc/arm-none-eabi/13.2.1/../../../arm-none-eabi/lib/thumb/v7-m/nofp/libg_nano.a(libc_a-lseekr.o)
 .debug_line    0x00008779      0x19d /usr/lib/gcc/arm-none-eabi/13.2.1/../../../arm-none-eabi/lib/thumb/v7-m/nofp/libg_nano.a(libc_a-writer.o)
 .debug_line    0x00008916       0x72 /usr/lib/gcc/arm-none-eabi/13.2.1/../../../arm-none-eabi/lib/thumb/v7-m/nofp/libnosys.a(close.o)
 .debug_line    0x00008988       0x73 /usr/lib/gcc/arm-none-eabi/13.2.1/../../../arm-none-eabi/lib/thumb/v7-m/nofp/libnosys.a(lseek.o)
 .debug_line    0x000089fb       0x72 /usr/lib/gcc/arm-none-eabi/13.2.1/../../../arm-none-eabi/lib/thumb/v7-m/nofp/libnosys.a(read.o)
 .debug_line    0x00008a6d       0x76 /usr/lib/gcc/arm-none-eabi/13.2.1/../../../arm-none-eabi/lib/thumb/v7-m/nofp/libnosys.a(sbrk.o)
 .debug_line    0x00008ae3       0x73 /usr/lib/gcc/arm-none-eabi/13.2.1/../../../arm-none-eabi/lib/thumb/v7-m/nofp/libnosys.a(write.o)

.debug_str      0x00000000    0x179eb
 .debug_str     0x00000000    0x179eb ./output/tasks.o
                              0x1365c (size before relaxing)
 .debug_str     0x000179eb     0xfee6 ./output/list.o
 .debug_str     0x000179eb    0x1287e ./output/queue.o
 .debug_str     0x000179eb    0x119ff ./output/heap_4.o
 .debug_str     0x000179eb     0xec20 ./output/port.o
 .debug_str     0x000179eb    0x12b54 ./output/timers.o
 .debug_str     0x000179eb    0x13236 ./output/main.o
 .debug_str     0x000179eb     0x7390 ./output/startup_gcc.o
 .debug_str     0x000179eb     0x30a4 ./output/printf-stdarg.o
 .debug_str     0x000179eb      0x4b4 /usr/lib/gcc/arm-none-eabi/13.2.1/../../../arm-none-eabi/lib/thumb/v7-m/nofp/libg_nano.a(libc_a-impure.o)
 .debug_str     0x000179eb      0x1a5 /usr/lib/gcc/arm-none-eabi/13.2.1/../../../arm-none-eabi/lib/thumb/v7-m/nofp/libg_nano.a(libc_a-memset.o)
 .debug_str     0x000179eb      0x53b /usr/lib/gcc/arm-none-eabi/13.2.1/../../../arm-none-eabi/lib/thumb/v7-m/nofp/libg_nano.a(libc_a-fflush.o)
 .debug_str     0x000179eb      0x534 /usr/lib/gcc/arm-none-eabi/13.2.1/../../../arm-none-eabi/lib/thumb/v7-m/nofp/libg_nano.a(libc_a-freer.o)
 .debug_str     0x000179eb      0x4c4 /usr/lib/gcc/arm-none-eabi/13.2.1/../../../arm-none-eabi/lib/thumb/v7-m/nofp/libg_nano.a(libc_a-fwalk.o)
 .debug_str     0x000179eb       0xa8 /usr/lib/gcc/arm-none-eabi/13.2.1/../../../arm-none-eabi/lib/thumb/v7-m/nofp/libg_nano.a(libc_a-memcpy.o)
 .debug_str     0x000179eb      0x4d2 /usr/lib/gcc/arm-none-eabi/13.2.1/../../../arm-none-eabi/lib/thumb/v7-m/nofp/libg_nano.a(libc_a-mlock.o)
 .debug_str     0x000179eb      0x6b7 /usr/lib/gcc/arm-none-eabi/13.2.1/../../../arm-none-eabi/lib/thumb/v7-m/nofp/libg_nano.a(libc_a-findfp.o)
 .debug_str     0x000179eb      0x595 /usr/lib/gcc/arm-none-eabi/13.2.1/../../../arm-none-eabi/lib/thumb/v7-m/nofp/libg_nano.a(libc_a-mallocr.o)
 .debug_str     0x000179eb      0x4bd /usr/lib/gcc/arm-none-eabi/13.2.1/../../../arm-none-eabi/lib/thumb/v7-m/nofp/libg_nano.a(libc_a-sbrkr.o)
 .debug_str     0x000179eb      0x521 /usr/lib/gcc/arm-none-eabi/13.2.1/../../../arm-none-eabi/lib/thumb/v7-m/nofp/libg_nano.a(libc_a-stdio.o)
 .debug_str     0x000179eb      0x4aa /usr/lib/gcc/arm-none-eabi/13.2.1/../../../arm-none-eabi/lib/thumb/v7-m/nofp/libg_nano.a(libc_a-closer.o)
 .debug_str     0x000179eb      0x4b8 /usr/lib/gcc/arm-none-eabi/13.2.1/../../../arm-none-eabi/lib/thumb/v7-m/nofp/libg_nano.a(libc_a-readr.o)
 .debug_str     0x000179eb      0x4d3 /usr/lib/gcc/arm-none-eabi/13.2.1/../../../arm-none-eabi/lib/thumb/v7-m/nofp/libg_nano.a(libc_a-reent.o)
 .debug_str     0x000179eb      0x4b8 /usr/lib/gcc/arm-none-eabi/13.2.1/../../../arm-none-eabi/lib/thumb/v7-m/nofp/libg_nano.a(libc_a-lseekr.o)
 .debug_str     0x000179eb      0x4ba /usr/lib/gcc/arm-none-eabi/13.2.1/../../../arm-none-eabi/lib/thumb/v7-m/nofp/libg_nano.a(libc_a-writer.o)
 .debug_str     0x000179eb      0x190 /usr/lib/gcc/arm-none-eabi/13.2.1/../../../arm-none-eabi/lib/thumb/v7-m/nofp/libnosys.a(close.o)
 .debug_str     0x000179eb      0x18e /usr/lib/gcc/arm-none-eabi/13.2.1/../../../arm-none-eabi/lib/thumb/v7-m/nofp/libnosys.a(lseek.o)
 .debug_str     0x000179eb      0x18b /usr/lib/gcc/arm-none-eabi/13.2.1/../../../arm-none-eabi/lib/thumb/v7-m/nofp/libnosys.a(read.o)
 .debug_str     0x000179eb      0x115 /usr/lib/gcc/arm-none-eabi/13.2.1/../../../arm-none-eabi/lib/thumb/v7-m/nofp/libnosys.a(sbrk.o)
 .debug_str     0x000179eb      0x18e /usr/lib/gcc/arm-none-eabi/13.2.1/../../../arm-none-eabi/lib/thumb/v7-m/nofp/libnosys.a(write.o)

.comment        0x00000000       0x26
 .comment       0x00000000       0x26 ./output/tasks.o
                                 0x27 (size before relaxing)
 .comment       0x00000026       0x27 ./output/list.o
 .comment       0x00000026       0x27 ./output/queue.o
 .comment       0x00000026       0x27 ./output/heap_4.o
 .comment       0x00000026       0x27 ./output/port.o
 .comment       0x00000026       0x27 ./output/timers.o
 .comment       0x00000026       0x27 ./output/main.o
 .comment       0x00000026       0x27 ./output/startup_gcc.o
 .comment       0x00000026       0x27 ./output/printf-stdarg.o
 .comment       0x00000026       0x27 /usr/lib/gcc/arm-none-eabi/13.2.1/../../../arm-none-eabi/lib/thumb/v7-m/nofp/libg_nano.a(libc_a-impure.o)
 .comment       0x00000026       0x27 /usr/lib/gcc/arm-none-eabi/13.2.1/../../../arm-none-eabi/lib/thumb/v7-m/nofp/libg_nano.a(libc_a-memset.o)
 .comment       0x00000026       0x27 /usr/lib/gcc/arm-none-eabi/13.2.1/../../../arm-none-eabi/lib/thumb/v7-m/nofp/libg_nano.a(libc_a-fflush.o)
 .comment       0x00000026       0x27 /usr/lib/gcc/arm-none-eabi/13.2.1/../../../arm-none-eabi/lib/thumb/v7-m/nofp/libg_nano.a(libc_a-freer.o)
 .comment       0x00000026       0x27 /usr/lib/gcc/arm-none-eabi/13.2.1/../../../arm-none-eabi/lib/thumb/v7-m/nofp/libg_nano.a(libc_a-fwalk.o)
 .comment       0x00000026       0x27 /usr/lib/gcc/arm-none-eabi/13.2.1/../../../arm-none-eabi/lib/thumb/v7-m/nofp/libg_nano.a(libc_a-mlock.o)
 .comment       0x00000026       0x27 /usr/lib/gcc/arm-none-eabi/13.2.1/../../../arm-none-eabi/lib/thumb/v7-m/nofp/libg_nano.a(libc_a-findfp.o)
 .comment       0x00000026       0x27 /usr/lib/gcc/arm-none-eabi/13.2.1/../../../arm-none-eabi/lib/thumb/v7-m/nofp/libg_nano.a(libc_a-mallocr.o)
 .comment       0x00000026       0x27 /usr/lib/gcc/arm-none-eabi/13.2.1/../../../arm-none-eabi/lib/thumb/v7-m/nofp/libg_nano.a(libc_a-sbrkr.o)
 .comment       0x00000026       0x27 /usr/lib/gcc/arm-none-eabi/13.2.1/../../../arm-none-eabi/lib/thumb/v7-m/nofp/libg_nano.a(libc_a-stdio.o)
 .comment       0x00000026       0x27 /usr/lib/gcc/arm-none-eabi/13.2.1/../../../arm-none-eabi/lib/thumb/v7-m/nofp/libg_nano.a(libc_a-closer.o)
 .comment       0x00000026       0x27 /usr/lib/gcc/arm-none-eabi/13.2.1/../../../arm-none-eabi/lib/thumb/v7-m/nofp/libg_nano.a(libc_a-readr.o)
 .comment       0x00000026       0x27 /usr/lib/gcc/arm-none-eabi/13.2.1/../../../arm-none-eabi/lib/thumb/v7-m/nofp/libg_nano.a(libc_a-reent.o)
 .comment       0x00000026       0x27 /usr/lib/gcc/arm-none-eabi/13.2.1/../../../arm-none-eabi/lib/thumb/v7-m/nofp/libg_nano.a(libc_a-lseekr.o)
 .comment       0x00000026       0x27 /usr/lib/gcc/arm-none-eabi/13.2.1/../../../arm-none-eabi/lib/thumb/v7-m/nofp/libg_nano.a(libc_a-writer.o)
 .comment       0x00000026       0x27 /usr/lib/gcc/arm-none-eabi/13.2.1/../../../arm-none-eabi/lib/thumb/v7-m/nofp/libnosys.a(close.o)
 .comment       0x00000026       0x27 /usr/lib/gcc/arm-none-eabi/13.2.1/../../../arm-none-eabi/lib/thumb/v7-m/nofp/libnosys.a(lseek.o)
 .comment       0x00000026       0x27 /usr/lib/gcc/arm-none-eabi/13.2.1/../../../arm-none-eabi/lib/thumb/v7-m/nofp/libnosys.a(read.o)
 .comment       0x00000026       0x27 /usr/lib/gcc/arm-none-eabi/13.2.1/../../../arm-none-eabi/lib/thumb/v7-m/nofp/libnosys.a(sbrk.o)
 .comment       0x00000026       0x27 /usr/lib/gcc/arm-none-eabi/13.2.1/../../../arm-none-eabi/lib/thumb/v7-m/nofp/libnosys.a(write.o)

.ARM.attributes
                0x00000000       0x2b
 .ARM.attributes
                0x00000000       0x2d ./output/tasks.o
 .ARM.attributes
                0x0000002d       0x2d ./output/list.o
 .ARM.attributes
                0x0000005a       0x2d ./output/queue.o
 .ARM.attributes
                0x00000087       0x2d ./output/heap_4.o
 .ARM.attributes
                0x000000b4       0x2d ./output/port.o
 .ARM.attributes
                0x000000e1       0x2d ./output/timers.o
 .ARM.attributes
                0x0000010e       0x2d ./output/main.o
 .ARM.attributes
                0x0000013b       0x2d ./output/startup_gcc.o
 .ARM.attributes
                0x00000168       0x2d ./output/printf-stdarg.o
 .ARM.attributes
                0x00000195       0x2d /usr/lib/gcc/arm-none-eabi/13.2.1/../../../arm-none-eabi/lib/thumb/v7-m/nofp/libg_nano.a(libc_a-impure.o)
 .ARM.attributes
                0x000001c2       0x2d /usr/lib/gcc/arm-none-eabi/13.2.1/../../../arm-none-eabi/lib/thumb/v7-m/nofp/libg_nano.a(libc_a-memset.o)
 .ARM.attributes
                0x000001ef       0x2d /usr/lib/gcc/arm-none-eabi/13.2.1/../../../arm-none-eabi/lib/thumb/v7-m/nofp/libg_nano.a(libc_a-fflush.o)
 .ARM.attributes
                0x0000021c       0x2d /usr/lib/gcc/arm-none-eabi/13.2.1/../../../arm-none-eabi/lib/thumb/v7-m/nofp/libg_nano.a(libc_a-freer.o)
 .ARM.attributes
                0x00000249       0x2d /usr/lib/gcc/arm-none-eabi/13.2.1/../../../arm-none-eabi/lib/thumb/v7-m/nofp/libg_nano.a(libc_a-fwalk.o)
 .ARM.attributes
                0x00000276       0x1b /usr/lib/gcc/arm-none-eabi/13.2.1/../../../arm-none-eabi/lib/thumb/v7-m/nofp/libg_nano.a(libc_a-memcpy.o)
 .ARM.attributes
                0x00000291       0x2d /usr/lib/gcc/arm-none-eabi/13.2.1/../../../arm-none-eabi/lib/thumb/v7-m/nofp/libg_nano.a(libc_a-mlock.o)
 .ARM.attributes
                0x000002be       0x2d /usr/lib/gcc/arm-none-eabi/13.2.1/../../../arm-none-eabi/lib/thumb/v7-m/nofp/libg_nano.a(libc_a-findfp.o)
 .ARM.attributes
                0x000002eb       0x2d /usr/lib/gcc/arm-none-eabi/13.2.1/../../../arm-none-eabi/lib/thumb/v7-m/nofp/libg_nano.a(libc_a-mallocr.o)
 .ARM.attributes
                0x00000318       0x2d /usr/lib/gcc/arm-none-eabi/13.2.1/../../../arm-none-eabi/lib/thumb/v7-m/nofp/libg_nano.a(libc_a-sbrkr.o)
 .ARM.attributes
                0x00000345       0x2d /usr/lib/gcc/arm-none-eabi/13.2.1/../../../arm-none-eabi/lib/thumb/v7-m/nofp/libg_nano.a(libc_a-stdio.o)
 .ARM.attributes
                0x00000372       0x2d /usr/lib/gcc/arm-none-eabi/13.2.1/../../../arm-none-eabi/lib/thumb/v7-m/nofp/libg_nano.a(libc_a-closer.o)
 .ARM.attributes
                0x0000039f       0x2d /usr/lib/gcc/arm-none-eabi/13.2.1/../../../arm-none-eabi/lib/thumb/v7-m/nofp/libg_nano.a(libc_a-readr.o)
 .ARM.attributes
                0x000003cc       0x2d /usr/lib/gcc/arm-none-eabi/13.2.1/../../../arm-none-eabi/lib/thumb/v7-m/nofp/libg_nano.a(libc_a-reent.o)
 .ARM.attributes
                0x000003f9       0x2d /usr/lib/gcc/arm-none-eabi/13.2.1/../../../arm-none-eabi/lib/thumb/v7-m/nofp/libg_nano.a(libc_a-lseekr.o)
 .ARM.attributes
                0x00000426       0x2d /usr/lib/gcc/arm-none-eabi/13.2.1/../../../arm-none-eabi/lib/thumb/v7-m/nofp/libg_nano.a(libc_a-writer.o)
 .ARM.attributes
                0x00000453       0x2d /usr/lib/gcc/arm-none-eabi/13.2.1/../../../arm-none-eabi/lib/thumb/v7-m/nofp/libnosys.a(close.o)
 .ARM.attributes
                0x00000480       0x2d /usr/lib/gcc/arm-none-eabi/13.2.1/../../../arm-none-eabi/lib/thumb/v7-m/nofp/libnosys.a(lseek.o)
 .ARM.attributes
                0x000004ad       0x2d /usr/lib/gcc/arm-none-eabi/13.2.1/../../../arm-none-eabi/lib/thumb/v7-m/nofp/libnosys.a(read.o)
 .ARM.attributes
                0x000004da       0x2d /usr/lib/gcc/arm-none-eabi/13.2.1/../../../arm-none-eabi/lib/thumb/v7-m/nofp/libnosys.a(sbrk.o)
 .ARM.attributes
                0x00000507       0x2d /usr/lib/gcc/arm-none-eabi/13.2.1/../../../arm-none-eabi/lib/thumb/v7-m/nofp/libnosys.a(write.o)

.debug_frame    0x00000000     0x1628
 .debug_frame   0x00000000      0x650 ./output/tasks.o
 .debug_frame   0x00000650       0x6c ./output/list.o
 .debug_frame   0x000006bc      0x414 ./output/queue.o
 .debug_frame   0x00000ad0       0xf0 ./output/heap_4.o
 .debug_frame   0x00000bc0       0xd8 ./output/port.o
 .debug_frame   0x00000c98      0x280 ./output/timers.o
 .debug_frame   0x00000f18       0x88 ./output/main.o
 .debug_frame   0x00000fa0       0x58 ./output/startup_gcc.o
 .debug_frame   0x00000ff8      0x130 ./output/printf-stdarg.o
 .debug_frame   0x00001128       0x2c /usr/lib/gcc/arm-none-eabi/13.2.1/../../../arm-none-eabi/lib/thumb/v7-m/nofp/libg_nano.a(libc_a-memset.o)
 .debug_frame   0x00001154       0x8c /usr/lib/gcc/arm-none-eabi/13.2.1/../../../arm-none-eabi/lib/thumb/v7-m/nofp/libg_nano.a(libc_a-fflush.o)
 .debug_frame   0x000011e0       0x58 /usr/lib/gcc/arm-none-eabi/13.2.1/../../../arm-none-eabi/lib/thumb/v7-m/nofp/libg_nano.a(libc_a-freer.o)
 .debug_frame   0x00001238       0x34 /usr/lib/gcc/arm-none-eabi/13.2.1/../../../arm-none-eabi/lib/thumb/v7-m/nofp/libg_nano.a(libc_a-fwalk.o)
 .debug_frame   0x0000126c       0x30 /usr/lib/gcc/arm-none-eabi/13.2.1/../../../arm-none-eabi/lib/thumb/v7-m/nofp/libg_nano.a(libc_a-mlock.o)
 .debug_frame   0x0000129c       0xf4 /usr/lib/gcc/arm-none-eabi/13.2.1/../../../arm-none-eabi/lib/thumb/v7-m/nofp/libg_nano.a(libc_a-findfp.o)
 .debug_frame   0x00001390       0x50 /usr/lib/gcc/arm-none-eabi/13.2.1/../../../arm-none-eabi/lib/thumb/v7-m/nofp/libg_nano.a(libc_a-mallocr.o)
 .debug_frame   0x000013e0       0x2c /usr/lib/gcc/arm-none-eabi/13.2.1/../../../arm-none-eabi/lib/thumb/v7-m/nofp/libg_nano.a(libc_a-sbrkr.o)
 .debug_frame   0x0000140c       0x8c /usr/lib/gcc/arm-none-eabi/13.2.1/../../../arm-none-eabi/lib/thumb/v7-m/nofp/libg_nano.a(libc_a-stdio.o)
 .debug_frame   0x00001498       0x2c /usr/lib/gcc/arm-none-eabi/13.2.1/../../../arm-none-eabi/lib/thumb/v7-m/nofp/libg_nano.a(libc_a-closer.o)
 .debug_frame   0x000014c4       0x2c /usr/lib/gcc/arm-none-eabi/13.2.1/../../../arm-none-eabi/lib/thumb/v7-m/nofp/libg_nano.a(libc_a-readr.o)
 .debug_frame   0x000014f0       0x40 /usr/lib/gcc/arm-none-eabi/13.2.1/../../../arm-none-eabi/lib/thumb/v7-m/nofp/libg_nano.a(libc_a-reent.o)
 .debug_frame   0x00001530       0x2c /usr/lib/gcc/arm-none-eabi/13.2.1/../../../arm-none-eabi/lib/thumb/v7-m/nofp/libg_nano.a(libc_a-lseekr.o)
 .debug_frame   0x0000155c       0x2c /usr/lib/gcc/arm-none-eabi/13.2.1/../../../arm-none-eabi/lib/thumb/v7-m/nofp/libg_nano.a(libc_a-writer.o)
 .debug_frame   0x00001588       0x20 /usr/lib/gcc/arm-none-eabi/13.2.1/../../../arm-none-eabi/lib/thumb/v7-m/nofp/libnosys.a(close.o)
 .debug_frame   0x000015a8       0x20 /usr/lib/gcc/arm-none-eabi/13.2.1/../../../arm-none-eabi/lib/thumb/v7-m/nofp/libnosys.a(lseek.o)
 .debug_frame   0x000015c8       0x20 /usr/lib/gcc/arm-none-eabi/13.2.1/../../../arm-none-eabi/lib/thumb/v7-m/nofp/libnosys.a(read.o)
 .debug_frame   0x000015e8       0x20 /usr/lib/gcc/arm-none-eabi/13.2.1/../../../arm-none-eabi/lib/thumb/v7-m/nofp/libnosys.a(sbrk.o)
 .debug_frame   0x00001608       0x20 /usr/lib/gcc/arm-none-eabi/13.2.1/../../../arm-none-eabi/lib/thumb/v7-m/nofp/libnosys.a(write.o)

.debug_line_str
                0x00000000       0x95
 .debug_line_str
                0x00000000       0x95 /usr/lib/gcc/arm-none-eabi/13.2.1/../../../arm-none-eabi/lib/thumb/v7-m/nofp/libg_nano.a(libc_a-memcpy.o)
