Archive member included to satisfy reference by file (symbol)

/usr/lib/gcc/arm-none-eabi/13.2.1/../../../arm-none-eabi/lib/thumb/v7-m/nofp/libc_nano.a(libc_a-strlen-stub.o)
                              ./Output/tasks.o (strlen)
/usr/lib/gcc/arm-none-eabi/13.2.1/../../../arm-none-eabi/lib/thumb/v7-m/nofp/libc_nano.a(libc_a-memset.o)
                              ./Output/tasks.o (memset)

Discarded input sections

 .group         0x00000000        0xc ./Output/list.o
 .group         0x00000000        0xc ./Output/list.o
 .group         0x00000000        0xc ./Output/list.o
 .group         0x00000000        0xc ./Output/list.o
 .group         0x00000000        0xc ./Output/list.o
 .group         0x00000000        0xc ./Output/list.o
 .group         0x00000000        0xc ./Output/list.o
 .group         0x00000000        0xc ./Output/list.o
 .group         0x00000000        0xc ./Output/list.o
 .group         0x00000000        0xc ./Output/list.o
 .group         0x00000000        0xc ./Output/list.o
 .group         0x00000000        0xc ./Output/list.o
 .group         0x00000000        0xc ./Output/list.o
 .group         0x00000000        0xc ./Output/list.o
 .group         0x00000000        0xc ./Output/list.o
 .group         0x00000000        0xc ./Output/list.o
 .group         0x00000000        0xc ./Output/list.o
 .group         0x00000000        0xc ./Output/list.o
 .group         0x00000000        0xc ./Output/list.o
 .group         0x00000000        0xc ./Output/list.o
 .group         0x00000000        0xc ./Output/list.o
 .group         0x00000000        0xc ./Output/list.o
 .group         0x00000000        0xc ./Output/list.o
 .group         0x00000000        0xc ./Output/list.o
 .group         0x00000000        0xc ./Output/list.o
 .group         0x00000000        0xc ./Output/list.o
 .group         0x00000000        0xc ./Output/list.o
 .group         0x00000000        0xc ./Output/list.o
 .group         0x00000000        0xc ./Output/list.o
 .group         0x00000000        0xc ./Output/list.o
 .group         0x00000000        0xc ./Output/list.o
 .text          0x00000000        0x0 ./Output/list.o
 .data          0x00000000        0x0 ./Output/list.o
 .bss           0x00000000        0x0 ./Output/list.o
 .text.vListInsertEnd
                0x00000000       0x16 ./Output/list.o
 .text.vListInsert
                0x00000000       0x2e ./Output/list.o
 .group         0x00000000        0xc ./Output/tasks.o
 .group         0x00000000        0xc ./Output/tasks.o
 .group         0x00000000        0xc ./Output/tasks.o
 .group         0x00000000        0xc ./Output/tasks.o
 .group         0x00000000        0xc ./Output/tasks.o
 .group         0x00000000        0xc ./Output/tasks.o
 .group         0x00000000        0xc ./Output/tasks.o
 .group         0x00000000        0xc ./Output/tasks.o
 .group         0x00000000        0xc ./Output/tasks.o
 .group         0x00000000        0xc ./Output/tasks.o
 .group         0x00000000        0xc ./Output/tasks.o
 .group         0x00000000        0xc ./Output/tasks.o
 .group         0x00000000        0xc ./Output/tasks.o
 .group         0x00000000        0xc ./Output/tasks.o
 .group         0x00000000        0xc ./Output/tasks.o
 .group         0x00000000        0xc ./Output/tasks.o
 .group         0x00000000        0xc ./Output/tasks.o
 .group         0x00000000        0xc ./Output/tasks.o
 .group         0x00000000        0xc ./Output/tasks.o
 .group         0x00000000        0xc ./Output/tasks.o
 .group         0x00000000        0xc ./Output/tasks.o
 .group         0x00000000        0xc ./Output/tasks.o
 .group         0x00000000        0xc ./Output/tasks.o
 .group         0x00000000        0xc ./Output/tasks.o
 .group         0x00000000        0xc ./Output/tasks.o
 .group         0x00000000        0xc ./Output/tasks.o
 .group         0x00000000        0xc ./Output/tasks.o
 .group         0x00000000        0xc ./Output/tasks.o
 .group         0x00000000        0xc ./Output/tasks.o
 .group         0x00000000        0xc ./Output/tasks.o
 .group         0x00000000        0xc ./Output/tasks.o
 .group         0x00000000        0xc ./Output/tasks.o
 .group         0x00000000        0xc ./Output/tasks.o
 .group         0x00000000        0xc ./Output/tasks.o
 .group         0x00000000        0xc ./Output/tasks.o
 .group         0x00000000        0xc ./Output/tasks.o
 .text          0x00000000        0x0 ./Output/tasks.o
 .data          0x00000000        0x0 ./Output/tasks.o
 .bss           0x00000000        0x0 ./Output/tasks.o
 .text.prvSearchForNameWithinSingleList
                0x00000000       0x3e ./Output/tasks.o
 .text.prvAddCurrentTaskToDelayedList
                0x00000000       0xb4 ./Output/tasks.o
 .text.prvTaskIsTaskSuspended
                0x00000000       0x40 ./Output/tasks.o
 .text.vTaskDelete
                0x00000000       0xd0 ./Output/tasks.o
 .text.eTaskGetState
                0x00000000       0x98 ./Output/tasks.o
 .text.uxTaskPriorityGet
                0x00000000       0x1c ./Output/tasks.o
 .text.uxTaskPriorityGetFromISR
                0x00000000       0x30 ./Output/tasks.o
 .text.uxTaskBasePriorityGet
                0x00000000       0x1c ./Output/tasks.o
 .text.uxTaskBasePriorityGetFromISR
                0x00000000       0x30 ./Output/tasks.o
 .text.vTaskPrioritySet
                0x00000000       0xdc ./Output/tasks.o
 .text.vTaskResume
                0x00000000       0x88 ./Output/tasks.o
 .text.xTaskResumeFromISR
                0x00000000       0xa8 ./Output/tasks.o
 .text.vTaskEndScheduler
                0x00000000       0x34 ./Output/tasks.o
 .text.xTaskGetTickCount
                0x00000000        0xc ./Output/tasks.o
 .text.xTaskGetTickCountFromISR
                0x00000000       0x10 ./Output/tasks.o
 .text.uxTaskGetNumberOfTasks
                0x00000000        0xc ./Output/tasks.o
 .text.pcTaskGetName
                0x00000000       0x14 ./Output/tasks.o
 .text.xTaskGetIdleTaskHandle
                0x00000000       0x10 ./Output/tasks.o
 .text.xTaskGetIdleTaskHandleForCore
                0x00000000       0x14 ./Output/tasks.o
 .text.xTaskDelayUntil
                0x00000000       0x6c ./Output/tasks.o
 .text.vTaskDelay
                0x00000000       0x3c ./Output/tasks.o
 .text.xTaskGetHandle
                0x00000000       0x78 ./Output/tasks.o
 .text.xTaskCatchUpTicks
                0x00000000       0x30 ./Output/tasks.o
 .text.xTaskAbortDelay
                0x00000000       0x98 ./Output/tasks.o
 .text.vTaskSuspend
                0x00000000       0xe4 ./Output/tasks.o
 .text.vTaskPlaceOnEventList
                0x00000000       0x24 ./Output/tasks.o
 .text.vTaskPlaceOnUnorderedEventList
                0x00000000       0x50 ./Output/tasks.o
 .text.xTaskRemoveFromEventList
                0x00000000       0xbc ./Output/tasks.o
 .text.vTaskRemoveFromUnorderedEventList
                0x00000000       0xa4 ./Output/tasks.o
 .text.vTaskSetTimeOutState
                0x00000000       0x28 ./Output/tasks.o
 .text.vTaskInternalSetTimeOutState
                0x00000000       0x18 ./Output/tasks.o
 .text.xTaskCheckForTimeOut
                0x00000000       0x70 ./Output/tasks.o
 .text.vTaskMissedYield
                0x00000000        0xc ./Output/tasks.o
 .text.uxTaskGetStackHighWaterMark
                0x00000000       0x1c ./Output/tasks.o
 .text.xTaskGetCurrentTaskHandle
                0x00000000        0xc ./Output/tasks.o
 .text.xTaskGetCurrentTaskHandleForCore
                0x00000000       0x10 ./Output/tasks.o
 .text.xTaskGetSchedulerState
                0x00000000       0x20 ./Output/tasks.o
 .text.xTaskPriorityInherit
                0x00000000       0xa0 ./Output/tasks.o
 .text.xTaskPriorityDisinherit
                0x00000000       0x84 ./Output/tasks.o
 .text.vTaskPriorityDisinheritAfterTimeout
                0x00000000       0x94 ./Output/tasks.o
 .text.uxTaskResetEventItemValue
                0x00000000       0x18 ./Output/tasks.o
 .text.pvTaskIncrementMutexHeldCount
                0x00000000       0x14 ./Output/tasks.o
 .text.ulTaskGenericNotifyTake
                0x00000000       0x9c ./Output/tasks.o
 .text.xTaskGenericNotifyWait
                0x00000000       0xc4 ./Output/tasks.o
 .text.xTaskGenericNotify
                0x00000000      0x104 ./Output/tasks.o
 .text.xTaskGenericNotifyFromISR
                0x00000000      0x148 ./Output/tasks.o
 .text.vTaskGenericNotifyGiveFromISR
                0x00000000       0xf4 ./Output/tasks.o
 .text.xTaskGenericNotifyStateClear
                0x00000000       0x38 ./Output/tasks.o
 .text.ulTaskGenericNotifyValueClear
                0x00000000       0x34 ./Output/tasks.o
 .text.vTaskResetState
                0x00000000       0x64 ./Output/tasks.o
 .debug_macro   0x00000000      0xac0 ./Output/tasks.o
 .debug_macro   0x00000000       0x24 ./Output/tasks.o
 .debug_macro   0x00000000       0x22 ./Output/tasks.o
 .debug_macro   0x00000000       0x60 ./Output/tasks.o
 .debug_macro   0x00000000       0x94 ./Output/tasks.o
 .debug_macro   0x00000000       0x3c ./Output/tasks.o
 .debug_macro   0x00000000       0x34 ./Output/tasks.o
 .debug_macro   0x00000000       0x16 ./Output/tasks.o
 .debug_macro   0x00000000      0x11c ./Output/tasks.o
 .debug_macro   0x00000000       0x9b ./Output/tasks.o
 .debug_macro   0x00000000       0x57 ./Output/tasks.o
 .debug_macro   0x00000000      0x370 ./Output/tasks.o
 .debug_macro   0x00000000       0x16 ./Output/tasks.o
 .debug_macro   0x00000000       0x4a ./Output/tasks.o
 .debug_macro   0x00000000       0x34 ./Output/tasks.o
 .debug_macro   0x00000000       0x10 ./Output/tasks.o
 .debug_macro   0x00000000       0x52 ./Output/tasks.o
 .debug_macro   0x00000000      0x1de ./Output/tasks.o
 .debug_macro   0x00000000       0x16 ./Output/tasks.o
 .debug_macro   0x00000000       0x29 ./Output/tasks.o
 .debug_macro   0x00000000      0x34e ./Output/tasks.o
 .debug_macro   0x00000000       0x16 ./Output/tasks.o
 .debug_macro   0x00000000      0x164 ./Output/tasks.o
 .debug_macro   0x00000000       0x1c ./Output/tasks.o
 .debug_macro   0x00000000      0x182 ./Output/tasks.o
 .debug_macro   0x00000000       0xe7 ./Output/tasks.o
 .debug_macro   0x00000000       0x2e ./Output/tasks.o
 .debug_macro   0x00000000       0x1f ./Output/tasks.o
 .debug_macro   0x00000000       0x12 ./Output/tasks.o
 .debug_macro   0x00000000      0xfd7 ./Output/tasks.o
 .debug_macro   0x00000000       0xc3 ./Output/tasks.o
 .group         0x00000000        0xc ./Output/heap_4.o
 .group         0x00000000        0xc ./Output/heap_4.o
 .group         0x00000000        0xc ./Output/heap_4.o
 .group         0x00000000        0xc ./Output/heap_4.o
 .group         0x00000000        0xc ./Output/heap_4.o
 .group         0x00000000        0xc ./Output/heap_4.o
 .group         0x00000000        0xc ./Output/heap_4.o
 .group         0x00000000        0xc ./Output/heap_4.o
 .group         0x00000000        0xc ./Output/heap_4.o
 .group         0x00000000        0xc ./Output/heap_4.o
 .group         0x00000000        0xc ./Output/heap_4.o
 .group         0x00000000        0xc ./Output/heap_4.o
 .group         0x00000000        0xc ./Output/heap_4.o
 .group         0x00000000        0xc ./Output/heap_4.o
 .group         0x00000000        0xc ./Output/heap_4.o
 .group         0x00000000        0xc ./Output/heap_4.o
 .group         0x00000000        0xc ./Output/heap_4.o
 .group         0x00000000        0xc ./Output/heap_4.o
 .group         0x00000000        0xc ./Output/heap_4.o
 .group         0x00000000        0xc ./Output/heap_4.o
 .group         0x00000000        0xc ./Output/heap_4.o
 .group         0x00000000        0xc ./Output/heap_4.o
 .group         0x00000000        0xc ./Output/heap_4.o
 .group         0x00000000        0xc ./Output/heap_4.o
 .group         0x00000000        0xc ./Output/heap_4.o
 .group         0x00000000        0xc ./Output/heap_4.o
 .group         0x00000000        0xc ./Output/heap_4.o
 .group         0x00000000        0xc ./Output/heap_4.o
 .group         0x00000000        0xc ./Output/heap_4.o
 .group         0x00000000        0xc ./Output/heap_4.o
 .group         0x00000000        0xc ./Output/heap_4.o
 .group         0x00000000        0xc ./Output/heap_4.o
 .group         0x00000000        0xc ./Output/heap_4.o
 .group         0x00000000        0xc ./Output/heap_4.o
 .text          0x00000000        0x0 ./Output/heap_4.o
 .data          0x00000000        0x0 ./Output/heap_4.o
 .bss           0x00000000        0x0 ./Output/heap_4.o
 .text.xPortGetFreeHeapSize
                0x00000000        0xc ./Output/heap_4.o
 .text.xPortGetMinimumEverFreeHeapSize
                0x00000000        0xc ./Output/heap_4.o
 .text.vPortInitialiseBlocks
                0x00000000        0x2 ./Output/heap_4.o
 .text.pvPortCalloc
                0x00000000       0x2a ./Output/heap_4.o
 .text.vPortGetHeapStats
                0x00000000       0x84 ./Output/heap_4.o
 .text.vPortHeapResetState
                0x00000000       0x2c ./Output/heap_4.o
 .debug_macro   0x00000000      0xac0 ./Output/heap_4.o
 .debug_macro   0x00000000       0x24 ./Output/heap_4.o
 .debug_macro   0x00000000       0x22 ./Output/heap_4.o
 .debug_macro   0x00000000       0x60 ./Output/heap_4.o
 .debug_macro   0x00000000       0x94 ./Output/heap_4.o
 .debug_macro   0x00000000       0x3c ./Output/heap_4.o
 .debug_macro   0x00000000       0x34 ./Output/heap_4.o
 .debug_macro   0x00000000       0x16 ./Output/heap_4.o
 .debug_macro   0x00000000      0x11c ./Output/heap_4.o
 .debug_macro   0x00000000       0x9b ./Output/heap_4.o
 .debug_macro   0x00000000       0x57 ./Output/heap_4.o
 .debug_macro   0x00000000      0x370 ./Output/heap_4.o
 .debug_macro   0x00000000       0x16 ./Output/heap_4.o
 .debug_macro   0x00000000       0x4a ./Output/heap_4.o
 .debug_macro   0x00000000       0x34 ./Output/heap_4.o
 .debug_macro   0x00000000       0x10 ./Output/heap_4.o
 .debug_macro   0x00000000       0x52 ./Output/heap_4.o
 .debug_macro   0x00000000      0x1de ./Output/heap_4.o
 .debug_macro   0x00000000       0x16 ./Output/heap_4.o
 .debug_macro   0x00000000       0x29 ./Output/heap_4.o
 .debug_macro   0x00000000       0x16 ./Output/heap_4.o
 .debug_macro   0x00000000       0x3c ./Output/heap_4.o
 .debug_macro   0x00000000      0x34e ./Output/heap_4.o
 .debug_macro   0x00000000       0x16 ./Output/heap_4.o
 .debug_macro   0x00000000      0x164 ./Output/heap_4.o
 .debug_macro   0x00000000       0x1c ./Output/heap_4.o
 .debug_macro   0x00000000      0x182 ./Output/heap_4.o
 .debug_macro   0x00000000       0xe7 ./Output/heap_4.o
 .debug_macro   0x00000000       0x2e ./Output/heap_4.o
 .debug_macro   0x00000000       0x1f ./Output/heap_4.o
 .debug_macro   0x00000000       0x12 ./Output/heap_4.o
 .debug_macro   0x00000000      0xfd7 ./Output/heap_4.o
 .debug_macro   0x00000000       0xc3 ./Output/heap_4.o
 .debug_macro   0x00000000      0x14f ./Output/heap_4.o
 .group         0x00000000        0xc ./Output/port.o
 .group         0x00000000        0xc ./Output/port.o
 .group         0x00000000        0xc ./Output/port.o
 .group         0x00000000        0xc ./Output/port.o
 .group         0x00000000        0xc ./Output/port.o
 .group         0x00000000        0xc ./Output/port.o
 .group         0x00000000        0xc ./Output/port.o
 .group         0x00000000        0xc ./Output/port.o
 .group         0x00000000        0xc ./Output/port.o
 .group         0x00000000        0xc ./Output/port.o
 .group         0x00000000        0xc ./Output/port.o
 .group         0x00000000        0xc ./Output/port.o
 .group         0x00000000        0xc ./Output/port.o
 .group         0x00000000        0xc ./Output/port.o
 .text          0x00000000        0x0 ./Output/port.o
 .data          0x00000000        0x0 ./Output/port.o
 .bss           0x00000000        0x0 ./Output/port.o
 .text.vPortEndScheduler
                0x00000000       0x14 ./Output/port.o
 .text.vPortValidateInterruptPriority
                0x00000000       0x3c ./Output/port.o
 .debug_macro   0x00000000      0xac0 ./Output/port.o
 .debug_macro   0x00000000      0x34e ./Output/port.o
 .debug_macro   0x00000000       0x16 ./Output/port.o
 .debug_macro   0x00000000      0x164 ./Output/port.o
 .debug_macro   0x00000000       0x1c ./Output/port.o
 .debug_macro   0x00000000      0x182 ./Output/port.o
 .debug_macro   0x00000000       0xe7 ./Output/port.o
 .debug_macro   0x00000000       0x2e ./Output/port.o
 .debug_macro   0x00000000       0x1f ./Output/port.o
 .debug_macro   0x00000000       0x12 ./Output/port.o
 .debug_macro   0x00000000      0xfd7 ./Output/port.o
 .debug_macro   0x00000000       0xc3 ./Output/port.o
 .debug_macro   0x00000000      0x14f ./Output/port.o
 .group         0x00000000        0xc ./Output/main.o
 .group         0x00000000        0xc ./Output/main.o
 .group         0x00000000        0xc ./Output/main.o
 .group         0x00000000        0xc ./Output/main.o
 .group         0x00000000        0xc ./Output/main.o
 .group         0x00000000        0xc ./Output/main.o
 .group         0x00000000        0xc ./Output/main.o
 .group         0x00000000        0xc ./Output/main.o
 .group         0x00000000        0xc ./Output/main.o
 .group         0x00000000        0xc ./Output/main.o
 .group         0x00000000        0xc ./Output/main.o
 .group         0x00000000        0xc ./Output/main.o
 .group         0x00000000        0xc ./Output/main.o
 .group         0x00000000        0xc ./Output/main.o
 .group         0x00000000        0xc ./Output/main.o
 .text          0x00000000        0x0 ./Output/main.o
 .data          0x00000000        0x0 ./Output/main.o
 .bss           0x00000000        0x0 ./Output/main.o
 .debug_macro   0x00000000      0xac0 ./Output/main.o
 .debug_macro   0x00000000      0x190 ./Output/main.o
 .debug_macro   0x00000000      0x34e ./Output/main.o
 .debug_macro   0x00000000       0x16 ./Output/main.o
 .debug_macro   0x00000000      0x164 ./Output/main.o
 .debug_macro   0x00000000       0x1c ./Output/main.o
 .debug_macro   0x00000000      0x182 ./Output/main.o
 .debug_macro   0x00000000       0xe7 ./Output/main.o
 .debug_macro   0x00000000       0x2e ./Output/main.o
 .debug_macro   0x00000000       0x1f ./Output/main.o
 .debug_macro   0x00000000       0x12 ./Output/main.o
 .debug_macro   0x00000000      0xfd7 ./Output/main.o
 .debug_macro   0x00000000       0xc3 ./Output/main.o
 .debug_macro   0x00000000      0x14f ./Output/main.o
 .group         0x00000000        0xc ./Output/uart.o
 .group         0x00000000        0xc ./Output/uart.o
 .group         0x00000000        0xc ./Output/uart.o
 .group         0x00000000        0xc ./Output/uart.o
 .group         0x00000000        0xc ./Output/uart.o
 .group         0x00000000        0xc ./Output/uart.o
 .group         0x00000000        0xc ./Output/uart.o
 .group         0x00000000        0xc ./Output/uart.o
 .group         0x00000000        0xc ./Output/uart.o
 .group         0x00000000        0xc ./Output/uart.o
 .group         0x00000000        0xc ./Output/uart.o
 .group         0x00000000        0xc ./Output/uart.o
 .group         0x00000000        0xc ./Output/uart.o
 .text          0x00000000        0x0 ./Output/uart.o
 .data          0x00000000        0x0 ./Output/uart.o
 .bss           0x00000000        0x0 ./Output/uart.o
 .debug_macro   0x00000000      0xac0 ./Output/uart.o
 .debug_macro   0x00000000      0x190 ./Output/uart.o
 .debug_macro   0x00000000      0x34e ./Output/uart.o
 .debug_macro   0x00000000       0x16 ./Output/uart.o
 .debug_macro   0x00000000      0x164 ./Output/uart.o
 .debug_macro   0x00000000       0x1c ./Output/uart.o
 .debug_macro   0x00000000      0x182 ./Output/uart.o
 .debug_macro   0x00000000       0xe7 ./Output/uart.o
 .debug_macro   0x00000000       0x2e ./Output/uart.o
 .debug_macro   0x00000000       0x1f ./Output/uart.o
 .debug_macro   0x00000000       0x12 ./Output/uart.o
 .debug_macro   0x00000000      0xfd7 ./Output/uart.o
 .group         0x00000000        0xc ./Output/startup.o
 .group         0x00000000        0xc ./Output/startup.o
 .group         0x00000000        0xc ./Output/startup.o
 .group         0x00000000        0xc ./Output/startup.o
 .group         0x00000000        0xc ./Output/startup.o
 .group         0x00000000        0xc ./Output/startup.o
 .group         0x00000000        0xc ./Output/startup.o
 .group         0x00000000        0xc ./Output/startup.o
 .group         0x00000000        0xc ./Output/startup.o
 .group         0x00000000        0xc ./Output/startup.o
 .group         0x00000000        0xc ./Output/startup.o
 .group         0x00000000        0xc ./Output/startup.o
 .group         0x00000000        0xc ./Output/startup.o
 .text          0x00000000        0x0 ./Output/startup.o
 .data          0x00000000        0x0 ./Output/startup.o
 .bss           0x00000000        0x0 ./Output/startup.o
 .debug_macro   0x00000000      0xac0 ./Output/startup.o
 .debug_macro   0x00000000      0x190 ./Output/startup.o
 .debug_macro   0x00000000      0x34e ./Output/startup.o
 .debug_macro   0x00000000       0x16 ./Output/startup.o
 .debug_macro   0x00000000      0x164 ./Output/startup.o
 .debug_macro   0x00000000       0x1c ./Output/startup.o
 .debug_macro   0x00000000      0x182 ./Output/startup.o
 .debug_macro   0x00000000       0xe7 ./Output/startup.o
 .debug_macro   0x00000000       0x2e ./Output/startup.o
 .debug_macro   0x00000000       0x1f ./Output/startup.o
 .debug_macro   0x00000000       0x12 ./Output/startup.o
 .debug_macro   0x00000000      0xfd7 ./Output/startup.o
 .debug_macro   0x00000000       0x22 ./Output/startup.o
 .text          0x00000000       0x5c /usr/lib/gcc/arm-none-eabi/13.2.1/../../../arm-none-eabi/lib/thumb/v7-m/nofp/libc_nano.a(libc_a-strlen-stub.o)
 .data          0x00000000        0x0 /usr/lib/gcc/arm-none-eabi/13.2.1/../../../arm-none-eabi/lib/thumb/v7-m/nofp/libc_nano.a(libc_a-strlen-stub.o)
 .bss           0x00000000        0x0 /usr/lib/gcc/arm-none-eabi/13.2.1/../../../arm-none-eabi/lib/thumb/v7-m/nofp/libc_nano.a(libc_a-strlen-stub.o)
 .debug_info    0x00000000       0xbd /usr/lib/gcc/arm-none-eabi/13.2.1/../../../arm-none-eabi/lib/thumb/v7-m/nofp/libc_nano.a(libc_a-strlen-stub.o)
 .debug_abbrev  0x00000000       0x78 /usr/lib/gcc/arm-none-eabi/13.2.1/../../../arm-none-eabi/lib/thumb/v7-m/nofp/libc_nano.a(libc_a-strlen-stub.o)
 .debug_loclists
                0x00000000       0x29 /usr/lib/gcc/arm-none-eabi/13.2.1/../../../arm-none-eabi/lib/thumb/v7-m/nofp/libc_nano.a(libc_a-strlen-stub.o)
 .debug_aranges
                0x00000000       0x20 /usr/lib/gcc/arm-none-eabi/13.2.1/../../../arm-none-eabi/lib/thumb/v7-m/nofp/libc_nano.a(libc_a-strlen-stub.o)
 .debug_rnglists
                0x00000000       0x13 /usr/lib/gcc/arm-none-eabi/13.2.1/../../../arm-none-eabi/lib/thumb/v7-m/nofp/libc_nano.a(libc_a-strlen-stub.o)
 .debug_line    0x00000000       0xf4 /usr/lib/gcc/arm-none-eabi/13.2.1/../../../arm-none-eabi/lib/thumb/v7-m/nofp/libc_nano.a(libc_a-strlen-stub.o)
 .debug_str     0x00000000      0x19b /usr/lib/gcc/arm-none-eabi/13.2.1/../../../arm-none-eabi/lib/thumb/v7-m/nofp/libc_nano.a(libc_a-strlen-stub.o)
 .comment       0x00000000       0x27 /usr/lib/gcc/arm-none-eabi/13.2.1/../../../arm-none-eabi/lib/thumb/v7-m/nofp/libc_nano.a(libc_a-strlen-stub.o)
 .debug_frame   0x00000000       0x20 /usr/lib/gcc/arm-none-eabi/13.2.1/../../../arm-none-eabi/lib/thumb/v7-m/nofp/libc_nano.a(libc_a-strlen-stub.o)
 .ARM.attributes
                0x00000000       0x2d /usr/lib/gcc/arm-none-eabi/13.2.1/../../../arm-none-eabi/lib/thumb/v7-m/nofp/libc_nano.a(libc_a-strlen-stub.o)
 .data          0x00000000        0x0 /usr/lib/gcc/arm-none-eabi/13.2.1/../../../arm-none-eabi/lib/thumb/v7-m/nofp/libc_nano.a(libc_a-memset.o)
 .bss           0x00000000        0x0 /usr/lib/gcc/arm-none-eabi/13.2.1/../../../arm-none-eabi/lib/thumb/v7-m/nofp/libc_nano.a(libc_a-memset.o)

Memory Configuration

Name             Origin             Length             Attributes
FLASH            0x00000000         0x00400000         xr
RAM              0x20000000         0x00400000         rw
*default*        0x00000000         0xffffffff

Linker script and memory map

LOAD ./Output/list.o
LOAD ./Output/tasks.o
LOAD ./Output/heap_4.o
LOAD ./Output/port.o
LOAD ./Output/main.o
LOAD ./Output/uart.o
LOAD ./Output/startup.o
START GROUP
LOAD /usr/lib/gcc/arm-none-eabi/13.2.1/thumb/v7-m/nofp/libgcc.a
LOAD /usr/lib/gcc/arm-none-eabi/13.2.1/../../../arm-none-eabi/lib/thumb/v7-m/nofp/libc_nano.a
END GROUP
START GROUP
LOAD /usr/lib/gcc/arm-none-eabi/13.2.1/thumb/v7-m/nofp/libgcc.a
LOAD /usr/lib/gcc/arm-none-eabi/13.2.1/../../../arm-none-eabi/lib/thumb/v7-m/nofp/libc_nano.a
LOAD /usr/lib/gcc/arm-none-eabi/13.2.1/../../../arm-none-eabi/lib/thumb/v7-m/nofp/libnosys.a
END GROUP
START GROUP
LOAD /usr/lib/gcc/arm-none-eabi/13.2.1/thumb/v7-m/nofp/libgcc.a
LOAD /usr/lib/gcc/arm-none-eabi/13.2.1/../../../arm-none-eabi/lib/thumb/v7-m/nofp/libc_nano.a
LOAD /usr/lib/gcc/arm-none-eabi/13.2.1/../../../arm-none-eabi/lib/thumb/v7-m/nofp/libnosys.a
END GROUP
                0x00000008                        _Min_Heap_Size = 0x8
                0x00000400                        _Min_Stack_Size = 0x400
                0x20400000                        _estack = (ORIGIN (RAM) + LENGTH (RAM))

.isr_vector     0x00000000       0x78
                0x00000000                        __vector_table = .
 *(.isr_vector)
 .isr_vector    0x00000000       0x78 ./Output/startup.o
                0x00000000                isr_vector
                0x00000078                        . = ALIGN (0x4)

.text           0x00000078      0x118
 *(.text)
 .text          0x00000078       0xa0 /usr/lib/gcc/arm-none-eabi/13.2.1/../../../arm-none-eabi/lib/thumb/v7-m/nofp/libc_nano.a(libc_a-memset.o)
                0x00000078                memset
 *(.rodata*)
 .rodata.vTaskStartScheduler.str1.1
                0x00000118       0x71 ./Output/tasks.o
                                  0x5 (size before relaxing)
 *fill*         0x00000189        0x3 
 .rodata.uxTopUsedPriority
                0x0000018c        0x4 ./Output/tasks.o
 .rodata.vTaskFunction1.str1.1
                0x00000190       0x2c ./Output/main.o
 .rodata.main.str1.1
                0x00000190        0xa ./Output/main.o
 .rodata.prvGetRegistersFromStack.str1.1
                0x00000190       0x36 ./Output/startup.o
 *(.constdata*)
                0x00000190                        _etext = .
                0x00000190                        _sidata = .

.glue_7         0x00000190        0x0
 .glue_7        0x00000190        0x0 linker stubs

.glue_7t        0x00000190        0x0
 .glue_7t       0x00000190        0x0 linker stubs

.vfp11_veneer   0x00000190        0x0
 .vfp11_veneer  0x00000190        0x0 linker stubs

.v4_bx          0x00000190        0x0
 .v4_bx         0x00000190        0x0 linker stubs

.text.vListInitialise
                0x00000190       0x16
 .text.vListInitialise
                0x00000190       0x16 ./Output/list.o
                0x00000190                vListInitialise

.text.vListInitialiseItem
                0x000001a6        0x6
 .text.vListInitialiseItem
                0x000001a6        0x6 ./Output/list.o
                0x000001a6                vListInitialiseItem

.text.uxListRemove
                0x000001ac       0x1e
 .text.uxListRemove
                0x000001ac       0x1e ./Output/list.o
                0x000001ac                uxListRemove

.text.prvResetNextTaskUnblockTime
                0x000001cc       0x24
 .text.prvResetNextTaskUnblockTime
                0x000001cc       0x24 ./Output/tasks.o

.text.prvCheckTasksWaitingTermination
                0x000001f0       0x48
 .text.prvCheckTasksWaitingTermination
                0x000001f0       0x48 ./Output/tasks.o

.text.prvIdleTask
                0x00000238        0x8
 .text.prvIdleTask
                0x00000238        0x8 ./Output/tasks.o

.text.xTaskCreate
                0x00000240      0x1c0
 .text.xTaskCreate
                0x00000240      0x1c0 ./Output/tasks.o
                0x00000240                xTaskCreate

.text.vTaskStartScheduler
                0x00000400       0x7c
 .text.vTaskStartScheduler
                0x00000400       0x7c ./Output/tasks.o
                0x00000400                vTaskStartScheduler

.text.vTaskSuspendAll
                0x0000047c       0x10
 .text.vTaskSuspendAll
                0x0000047c       0x10 ./Output/tasks.o
                0x0000047c                vTaskSuspendAll

.text.xTaskIncrementTick
                0x0000048c      0x180
 .text.xTaskIncrementTick
                0x0000048c      0x180 ./Output/tasks.o
                0x0000048c                xTaskIncrementTick

.text.xTaskResumeAll
                0x0000060c      0x150
 .text.xTaskResumeAll
                0x0000060c      0x150 ./Output/tasks.o
                0x0000060c                xTaskResumeAll

.text.vTaskSwitchContext
                0x0000075c       0x68
 .text.vTaskSwitchContext
                0x0000075c       0x68 ./Output/tasks.o
                0x0000075c                vTaskSwitchContext

.iplt           0x000007c4        0x0
 .iplt          0x000007c4        0x0 ./Output/tasks.o

.text.pvPortMalloc
                0x000007c4      0x130
 .text.pvPortMalloc
                0x000007c4      0x130 ./Output/heap_4.o
                0x000007c4                pvPortMalloc

.text.vPortFree
                0x000008f4       0xbc
 .text.vPortFree
                0x000008f4       0xbc ./Output/heap_4.o
                0x000008f4                vPortFree

.text.prvTaskExitError
                0x000009b0       0x30
 .text.prvTaskExitError
                0x000009b0       0x30 ./Output/port.o

.text.vPortSVCHandler
                0x000009e0       0x24
 .text.vPortSVCHandler
                0x000009e0       0x24 ./Output/port.o
                0x000009e0                vPortSVCHandler

.text.prvPortStartFirstTask
                0x00000a04       0x20
 .text.prvPortStartFirstTask
                0x00000a04       0x20 ./Output/port.o

.text.xPortPendSVHandler
                0x00000a30       0x44
 .text.xPortPendSVHandler
                0x00000a30       0x44 ./Output/port.o
                0x00000a30                xPortPendSVHandler

.text.pxPortInitialiseStack
                0x00000a74       0x24
 .text.pxPortInitialiseStack
                0x00000a74       0x24 ./Output/port.o
                0x00000a74                pxPortInitialiseStack

.text.vPortEnterCritical
                0x00000a98       0x30
 .text.vPortEnterCritical
                0x00000a98       0x30 ./Output/port.o
                0x00000a98                vPortEnterCritical

.text.vPortExitCritical
                0x00000ac8       0x18
 .text.vPortExitCritical
                0x00000ac8       0x18 ./Output/port.o
                0x00000ac8                vPortExitCritical

.text.xPortSysTickHandler
                0x00000ae0       0x2c
 .text.xPortSysTickHandler
                0x00000ae0       0x2c ./Output/port.o
                0x00000ae0                xPortSysTickHandler

.text.vPortSetupTimerInterrupt
                0x00000b0c       0x16
 .text.vPortSetupTimerInterrupt
                0x00000b0c       0x16 ./Output/port.o
                0x00000b0c                vPortSetupTimerInterrupt

.text.xPortStartScheduler
                0x00000b24       0xe4
 .text.xPortStartScheduler
                0x00000b24       0xe4 ./Output/port.o
                0x00000b24                xPortStartScheduler

.text.vTaskFunction1
                0x00000c08       0x40
 .text.vTaskFunction1
                0x00000c08       0x40 ./Output/main.o
                0x00000c08                vTaskFunction1

.text.vTaskFunction2
                0x00000c48        0x4
 .text.vTaskFunction2
                0x00000c48        0x4 ./Output/main.o
                0x00000c48                vTaskFunction2

.text.vTaskFunction3
                0x00000c4c        0x4
 .text.vTaskFunction3
                0x00000c4c        0x4 ./Output/main.o
                0x00000c4c                vTaskFunction3

.text.startup.main
                0x00000c50       0x28
 .text.startup.main
                0x00000c50       0x28 ./Output/main.o
                0x00000c50                main

.text.UART_init
                0x00000c78        0xe
 .text.UART_init
                0x00000c78        0xe ./Output/uart.o
                0x00000c78                UART_init

.text.UART_printf
                0x00000c86       0x12
 .text.UART_printf
                0x00000c86       0x12 ./Output/uart.o
                0x00000c86                UART_printf

.text.Default_Handler
                0x00000d00        0xc
 .text.Default_Handler
                0x00000d00        0xc ./Output/startup.o

.text.HardFault_Handler
                0x00000e00       0x18
 .text.HardFault_Handler
                0x00000e00       0x18 ./Output/startup.o

.text.Reset_Handler
                0x00000e18        0x4
 .text.Reset_Handler
                0x00000e18        0x4 ./Output/startup.o
                0x00000e18                Reset_Handler

.text.prvGetRegistersFromStack
                0x00000e1c       0x60
 .text.prvGetRegistersFromStack
                0x00000e1c       0x60 ./Output/startup.o
                0x00000e1c                prvGetRegistersFromStack

.rel.dyn        0x00000e7c        0x0
 .rel.iplt      0x00000e7c        0x0 ./Output/tasks.o

.data           0x20000000        0x0
                0x20000000                        . = ALIGN (0x8)
                0x20000000                        _data = .
                0x20000000                        _sdata = .
 *(vtable)
 *(.data)
                0x20000000                        _edata = .

.igot.plt       0x20000000        0x0
 .igot.plt      0x20000000        0x0 ./Output/tasks.o

.data.uxCriticalNesting
                0x20000000        0x4
 .data.uxCriticalNesting
                0x20000000        0x4 ./Output/port.o

.bss            0x20000004        0x4
                0x20000008                        . = ALIGN (0x8)
 *fill*         0x20000004        0x4 
                0x20000008                        _bss = .
                0x20000008                        _sbss = .
 *(.bss)
                0x20000008                        _ebss = .

.bss.uxSchedulerSuspended
                0x20000008        0x4
 .bss.uxSchedulerSuspended
                0x20000008        0x4 ./Output/tasks.o

.bss.xIdleTaskHandles
                0x2000000c        0x4
 .bss.xIdleTaskHandles
                0x2000000c        0x4 ./Output/tasks.o

.bss.xNextTaskUnblockTime
                0x20000010        0x4
 .bss.xNextTaskUnblockTime
                0x20000010        0x4 ./Output/tasks.o

.bss.uxTaskNumber
                0x20000014        0x4
 .bss.uxTaskNumber
                0x20000014        0x4 ./Output/tasks.o

.bss.xNumOfOverflows
                0x20000018        0x4
 .bss.xNumOfOverflows
                0x20000018        0x4 ./Output/tasks.o

.bss.xYieldPendings
                0x2000001c        0x4
 .bss.xYieldPendings
                0x2000001c        0x4 ./Output/tasks.o

.bss.xPendedTicks
                0x20000020        0x4
 .bss.xPendedTicks
                0x20000020        0x4 ./Output/tasks.o

.bss.xSchedulerRunning
                0x20000024        0x4
 .bss.xSchedulerRunning
                0x20000024        0x4 ./Output/tasks.o

.bss.uxTopReadyPriority
                0x20000028        0x4
 .bss.uxTopReadyPriority
                0x20000028        0x4 ./Output/tasks.o

.bss.xTickCount
                0x2000002c        0x4
 .bss.xTickCount
                0x2000002c        0x4 ./Output/tasks.o

.bss.uxCurrentNumberOfTasks
                0x20000030        0x4
 .bss.uxCurrentNumberOfTasks
                0x20000030        0x4 ./Output/tasks.o

.bss.xSuspendedTaskList
                0x20000034       0x14
 .bss.xSuspendedTaskList
                0x20000034       0x14 ./Output/tasks.o

.bss.uxDeletedTasksWaitingCleanUp
                0x20000048        0x4
 .bss.uxDeletedTasksWaitingCleanUp
                0x20000048        0x4 ./Output/tasks.o

.bss.xTasksWaitingTermination
                0x2000004c       0x14
 .bss.xTasksWaitingTermination
                0x2000004c       0x14 ./Output/tasks.o

.bss.xPendingReadyList
                0x20000060       0x14
 .bss.xPendingReadyList
                0x20000060       0x14 ./Output/tasks.o

.bss.pxOverflowDelayedTaskList
                0x20000074        0x4
 .bss.pxOverflowDelayedTaskList
                0x20000074        0x4 ./Output/tasks.o

.bss.pxDelayedTaskList
                0x20000078        0x4
 .bss.pxDelayedTaskList
                0x20000078        0x4 ./Output/tasks.o

.bss.xDelayedTaskList2
                0x2000007c       0x14
 .bss.xDelayedTaskList2
                0x2000007c       0x14 ./Output/tasks.o

.bss.xDelayedTaskList1
                0x20000090       0x14
 .bss.xDelayedTaskList1
                0x20000090       0x14 ./Output/tasks.o

.bss.pxReadyTasksLists
                0x200000a4       0xb4
 .bss.pxReadyTasksLists
                0x200000a4       0xb4 ./Output/tasks.o

.bss.pxCurrentTCB
                0x20000158        0x4
 .bss.pxCurrentTCB
                0x20000158        0x4 ./Output/tasks.o
                0x20000158                pxCurrentTCB

.bss.xNumberOfSuccessfulFrees
                0x2000015c        0x4
 .bss.xNumberOfSuccessfulFrees
                0x2000015c        0x4 ./Output/heap_4.o

.bss.xNumberOfSuccessfulAllocations
                0x20000160        0x4
 .bss.xNumberOfSuccessfulAllocations
                0x20000160        0x4 ./Output/heap_4.o

.bss.xMinimumEverFreeBytesRemaining
                0x20000164        0x4
 .bss.xMinimumEverFreeBytesRemaining
                0x20000164        0x4 ./Output/heap_4.o

.bss.xFreeBytesRemaining
                0x20000168        0x4
 .bss.xFreeBytesRemaining
                0x20000168        0x4 ./Output/heap_4.o

.bss.pxEnd      0x2000016c        0x4
 .bss.pxEnd     0x2000016c        0x4 ./Output/heap_4.o

.bss.xStart     0x20000170        0x8
 .bss.xStart    0x20000170        0x8 ./Output/heap_4.o

.bss.ucHeap     0x20000178     0xf000
 .bss.ucHeap    0x20000178     0xf000 ./Output/heap_4.o

.bss.ulMaxPRIGROUPValue
                0x2000f178        0x4
 .bss.ulMaxPRIGROUPValue
                0x2000f178        0x4 ./Output/port.o

.bss.ucMaxSysCallPriority
                0x2000f17c        0x1
 .bss.ucMaxSysCallPriority
                0x2000f17c        0x1 ./Output/port.o

.bss.psr        0x2000f180        0x4
 .bss.psr       0x2000f180        0x4 ./Output/startup.o
                0x2000f180                psr

.bss.pc         0x2000f184        0x4
 .bss.pc        0x2000f184        0x4 ./Output/startup.o
                0x2000f184                pc

.bss.lr         0x2000f188        0x4
 .bss.lr        0x2000f188        0x4 ./Output/startup.o
                0x2000f188                lr

.bss.r12        0x2000f18c        0x4
 .bss.r12       0x2000f18c        0x4 ./Output/startup.o
                0x2000f18c                r12

.bss.r3         0x2000f190        0x4
 .bss.r3        0x2000f190        0x4 ./Output/startup.o
                0x2000f190                r3

.bss.r2         0x2000f194        0x4
 .bss.r2        0x2000f194        0x4 ./Output/startup.o
                0x2000f194                r2

.bss.r1         0x2000f198        0x4
 .bss.r1        0x2000f198        0x4 ./Output/startup.o
                0x2000f198                r1

.bss.r0         0x2000f19c        0x4
 .bss.r0        0x2000f19c        0x4 ./Output/startup.o
                0x2000f19c                r0

.heap           0x2000f1a0      0x408
                0x2000f1a0                        . = ALIGN (0x8)
                [!provide]                        PROVIDE (end = .)
                [!provide]                        PROVIDE (_end = .)
                0x2000f1a0                        _heap_bottom = .
                0x2000f1a8                        . = (. + _Min_Heap_Size)
 *fill*         0x2000f1a0        0x8 
                0x2000f1a8                        _heap_top = .
                0x2000f5a8                        . = (. + _Min_Stack_Size)
 *fill*         0x2000f1a8      0x400 
                0x2000f5a8                        . = ALIGN (0x8)
                0x20400000                        __StackTop = (ORIGIN (RAM) + LENGTH (RAM))
                0x203ffc00                        __StackLimit = (__StackTop - _Min_Stack_Size)
                [!provide]                        PROVIDE (__stack = __StackTop)
                0x00000001                        ASSERT ((__StackLimit >= _heap_top), region RAM overflowed with stack)
OUTPUT(./Output/demo.elf elf32-littlearm)
LOAD linker stubs

.debug_info     0x00000000     0x444d
 .debug_info    0x00000000      0x2b2 ./Output/list.o
 .debug_info    0x000002b2     0x305c ./Output/tasks.o
 .debug_info    0x0000330e      0x5d7 ./Output/heap_4.o
 .debug_info    0x000038e5      0x465 ./Output/port.o
 .debug_info    0x00003d4a      0x302 ./Output/main.o
 .debug_info    0x0000404c       0xd1 ./Output/uart.o
 .debug_info    0x0000411d      0x1fb ./Output/startup.o
 .debug_info    0x00004318      0x135 /usr/lib/gcc/arm-none-eabi/13.2.1/../../../arm-none-eabi/lib/thumb/v7-m/nofp/libc_nano.a(libc_a-memset.o)

.debug_abbrev   0x00000000      0xfe9
 .debug_abbrev  0x00000000      0x105 ./Output/list.o
 .debug_abbrev  0x00000105      0x4ff ./Output/tasks.o
 .debug_abbrev  0x00000604      0x2d2 ./Output/heap_4.o
 .debug_abbrev  0x000008d6      0x2a7 ./Output/port.o
 .debug_abbrev  0x00000b7d      0x1bd ./Output/main.o
 .debug_abbrev  0x00000d3a       0x93 ./Output/uart.o
 .debug_abbrev  0x00000dcd      0x165 ./Output/startup.o
 .debug_abbrev  0x00000f32       0xb7 /usr/lib/gcc/arm-none-eabi/13.2.1/../../../arm-none-eabi/lib/thumb/v7-m/nofp/libc_nano.a(libc_a-memset.o)

.debug_loclists
                0x00000000     0x2228
 .debug_loclists
                0x00000000       0x77 ./Output/list.o
 .debug_loclists
                0x00000077     0x1b01 ./Output/tasks.o
 .debug_loclists
                0x00001b78      0x36a ./Output/heap_4.o
 .debug_loclists
                0x00001ee2       0xb1 ./Output/port.o
 .debug_loclists
                0x00001f93       0x63 ./Output/main.o
 .debug_loclists
                0x00001ff6       0x32 ./Output/uart.o
 .debug_loclists
                0x00002028       0x29 ./Output/startup.o
 .debug_loclists
                0x00002051      0x1d7 /usr/lib/gcc/arm-none-eabi/13.2.1/../../../arm-none-eabi/lib/thumb/v7-m/nofp/libc_nano.a(libc_a-memset.o)

.debug_aranges  0x00000000      0x3b8
 .debug_aranges
                0x00000000       0x40 ./Output/list.o
 .debug_aranges
                0x00000040      0x1f0 ./Output/tasks.o
 .debug_aranges
                0x00000230       0x58 ./Output/heap_4.o
 .debug_aranges
                0x00000288       0x78 ./Output/port.o
 .debug_aranges
                0x00000300       0x38 ./Output/main.o
 .debug_aranges
                0x00000338       0x28 ./Output/uart.o
 .debug_aranges
                0x00000360       0x38 ./Output/startup.o
 .debug_aranges
                0x00000398       0x20 /usr/lib/gcc/arm-none-eabi/13.2.1/../../../arm-none-eabi/lib/thumb/v7-m/nofp/libc_nano.a(libc_a-memset.o)

.debug_rnglists
                0x00000000      0x44b
 .debug_rnglists
                0x00000000       0x2b ./Output/list.o
 .debug_rnglists
                0x0000002b      0x303 ./Output/tasks.o
 .debug_rnglists
                0x0000032e       0x4c ./Output/heap_4.o
 .debug_rnglists
                0x0000037a       0x6e ./Output/port.o
 .debug_rnglists
                0x000003e8       0x25 ./Output/main.o
 .debug_rnglists
                0x0000040d       0x19 ./Output/uart.o
 .debug_rnglists
                0x00000426       0x25 ./Output/startup.o

.debug_macro    0x00000000     0x3a9d
 .debug_macro   0x00000000      0x171 ./Output/list.o
 .debug_macro   0x00000171      0xac0 ./Output/list.o
 .debug_macro   0x00000c31       0x24 ./Output/list.o
 .debug_macro   0x00000c55       0x22 ./Output/list.o
 .debug_macro   0x00000c77       0x60 ./Output/list.o
 .debug_macro   0x00000cd7       0x94 ./Output/list.o
 .debug_macro   0x00000d6b       0x3c ./Output/list.o
 .debug_macro   0x00000da7       0x34 ./Output/list.o
 .debug_macro   0x00000ddb       0x16 ./Output/list.o
 .debug_macro   0x00000df1      0x11c ./Output/list.o
 .debug_macro   0x00000f0d       0x9b ./Output/list.o
 .debug_macro   0x00000fa8       0x57 ./Output/list.o
 .debug_macro   0x00000fff      0x370 ./Output/list.o
 .debug_macro   0x0000136f       0x16 ./Output/list.o
 .debug_macro   0x00001385       0x4a ./Output/list.o
 .debug_macro   0x000013cf       0x34 ./Output/list.o
 .debug_macro   0x00001403       0x10 ./Output/list.o
 .debug_macro   0x00001413       0x52 ./Output/list.o
 .debug_macro   0x00001465      0x1de ./Output/list.o
 .debug_macro   0x00001643       0x16 ./Output/list.o
 .debug_macro   0x00001659       0x29 ./Output/list.o
 .debug_macro   0x00001682      0x34e ./Output/list.o
 .debug_macro   0x000019d0       0x16 ./Output/list.o
 .debug_macro   0x000019e6      0x164 ./Output/list.o
 .debug_macro   0x00001b4a       0x1c ./Output/list.o
 .debug_macro   0x00001b66      0x182 ./Output/list.o
 .debug_macro   0x00001ce8       0xe7 ./Output/list.o
 .debug_macro   0x00001dcf       0x2e ./Output/list.o
 .debug_macro   0x00001dfd       0x1f ./Output/list.o
 .debug_macro   0x00001e1c       0x12 ./Output/list.o
 .debug_macro   0x00001e2e      0xfd7 ./Output/list.o
 .debug_macro   0x00002e05       0xc3 ./Output/list.o
 .debug_macro   0x00002ec8      0x289 ./Output/tasks.o
 .debug_macro   0x00003151       0x16 ./Output/tasks.o
 .debug_macro   0x00003167       0x3c ./Output/tasks.o
 .debug_macro   0x000031a3      0x14f ./Output/tasks.o
 .debug_macro   0x000032f2       0x98 ./Output/tasks.o
 .debug_macro   0x0000338a       0x17 ./Output/tasks.o
 .debug_macro   0x000033a1      0x201 ./Output/heap_4.o
 .debug_macro   0x000035a2      0x162 ./Output/port.o
 .debug_macro   0x00003704      0x190 ./Output/port.o
 .debug_macro   0x00003894       0xa5 ./Output/main.o
 .debug_macro   0x00003939       0x28 ./Output/main.o
 .debug_macro   0x00003961       0x8d ./Output/uart.o
 .debug_macro   0x000039ee       0x22 ./Output/uart.o
 .debug_macro   0x00003a10       0x8d ./Output/startup.o

.debug_line     0x00000000     0x42a3
 .debug_line    0x00000000      0x445 ./Output/list.o
 .debug_line    0x00000445     0x2a0d ./Output/tasks.o
 .debug_line    0x00002e52      0x81e ./Output/heap_4.o
 .debug_line    0x00003670      0x525 ./Output/port.o
 .debug_line    0x00003b95      0x1d3 ./Output/main.o
 .debug_line    0x00003d68      0x198 ./Output/uart.o
 .debug_line    0x00003f00      0x1f2 ./Output/startup.o
 .debug_line    0x000040f2      0x1b1 /usr/lib/gcc/arm-none-eabi/13.2.1/../../../arm-none-eabi/lib/thumb/v7-m/nofp/libc_nano.a(libc_a-memset.o)

.debug_str      0x00000000    0x14617
 .debug_str     0x00000000    0x14617 ./Output/list.o
                               0xfe6b (size before relaxing)
 .debug_str     0x00014617    0x135a0 ./Output/tasks.o
 .debug_str     0x00014617    0x1195e ./Output/heap_4.o
 .debug_str     0x00014617     0xec8f ./Output/port.o
 .debug_str     0x00014617     0xe5a8 ./Output/main.o
 .debug_str     0x00014617     0xc4c9 ./Output/uart.o
 .debug_str     0x00014617     0xc56f ./Output/startup.o
 .debug_str     0x00014617      0x1a5 /usr/lib/gcc/arm-none-eabi/13.2.1/../../../arm-none-eabi/lib/thumb/v7-m/nofp/libc_nano.a(libc_a-memset.o)

.comment        0x00000000       0x26
 .comment       0x00000000       0x26 ./Output/list.o
                                 0x27 (size before relaxing)
 .comment       0x00000026       0x27 ./Output/tasks.o
 .comment       0x00000026       0x27 ./Output/heap_4.o
 .comment       0x00000026       0x27 ./Output/port.o
 .comment       0x00000026       0x27 ./Output/main.o
 .comment       0x00000026       0x27 ./Output/uart.o
 .comment       0x00000026       0x27 ./Output/startup.o
 .comment       0x00000026       0x27 /usr/lib/gcc/arm-none-eabi/13.2.1/../../../arm-none-eabi/lib/thumb/v7-m/nofp/libc_nano.a(libc_a-memset.o)

.ARM.attributes
                0x00000000       0x2d
 .ARM.attributes
                0x00000000       0x2d ./Output/list.o
 .ARM.attributes
                0x0000002d       0x2d ./Output/tasks.o
 .ARM.attributes
                0x0000005a       0x2d ./Output/heap_4.o
 .ARM.attributes
                0x00000087       0x2d ./Output/port.o
 .ARM.attributes
                0x000000b4       0x2d ./Output/main.o
 .ARM.attributes
                0x000000e1       0x2d ./Output/uart.o
 .ARM.attributes
                0x0000010e       0x2d ./Output/startup.o
 .ARM.attributes
                0x0000013b       0x2d /usr/lib/gcc/arm-none-eabi/13.2.1/../../../arm-none-eabi/lib/thumb/v7-m/nofp/libc_nano.a(libc_a-memset.o)

.debug_frame    0x00000000      0x9a0
 .debug_frame   0x00000000       0x6c ./Output/list.o
 .debug_frame   0x0000006c      0x648 ./Output/tasks.o
 .debug_frame   0x000006b4       0xe4 ./Output/heap_4.o
 .debug_frame   0x00000798       0xec ./Output/port.o
 .debug_frame   0x00000884       0x68 ./Output/main.o
 .debug_frame   0x000008ec       0x30 ./Output/uart.o
 .debug_frame   0x0000091c       0x58 ./Output/startup.o
 .debug_frame   0x00000974       0x2c /usr/lib/gcc/arm-none-eabi/13.2.1/../../../arm-none-eabi/lib/thumb/v7-m/nofp/libc_nano.a(libc_a-memset.o)
